build	Set up job	﻿2026-09-18T06:35:36.6802416Z Current runner version: '2.337.0'
build	Set up job	2026-09-18T06:35:36.6827449Z ##[group]Runner Image Provisioner
build	Set up job	2026-09-18T06:35:36.6828389Z Hosted Compute Agent
build	Set up job	2026-09-18T06:35:36.6828986Z Version: 20260828.587
build	Set up job	2026-09-18T06:35:36.6829592Z Commit: abac92662cab4cc7352de4f9f9d2e2419aad9c29
build	Set up job	2026-09-18T06:35:36.6830812Z Build Date: 2026-08-28T16:44:25Z
build	Set up job	2026-09-18T06:35:36.6831537Z Worker ID: {9af3d374-6a40-4ccb-be15-7a9e3d8ed151}
build	Set up job	2026-09-18T06:35:36.6832283Z Azure Region: northcentralus
build	Set up job	2026-09-18T06:35:36.6832872Z ##[endgroup]
build	Set up job	2026-09-18T06:35:36.6834214Z ##[group]Operating System
build	Set up job	2026-09-18T06:35:36.6834849Z Ubuntu
build	Set up job	2026-09-18T06:35:36.6835358Z 24.04.5
build	Set up job	2026-09-18T06:35:36.6835863Z LTS
build	Set up job	2026-09-18T06:35:36.6836397Z ##[endgroup]
build	Set up job	2026-09-18T06:35:36.6836938Z ##[group]Runner Image
build	Set up job	2026-09-18T06:35:36.6837528Z Image: ubuntu-24.04
build	Set up job	2026-09-18T06:35:36.6838107Z Version: 20260907.300.1
build	Set up job	2026-09-18T06:35:36.6839233Z Included Software: https://github.com/actions/runner-images/blob/ubuntu24/20260907.300/images/ubuntu/Ubuntu2404-Readme.md
build	Set up job	2026-09-18T06:35:36.6841191Z Image Release: https://github.com/actions/runner-images/releases/tag/ubuntu24%2F20260907.300
build	Set up job	2026-09-18T06:35:36.6842183Z ##[endgroup]
build	Set up job	2026-09-18T06:35:36.6843332Z ##[group]GITHUB_TOKEN Permissions
build	Set up job	2026-09-18T06:35:36.6846041Z Contents: write
build	Set up job	2026-09-18T06:35:36.6846639Z Metadata: read
build	Set up job	2026-09-18T06:35:36.6847203Z ##[endgroup]
build	Set up job	2026-09-18T06:35:36.6849246Z Secret source: Actions
build	Set up job	2026-09-18T06:35:36.6850432Z Cache mode: write
build	Set up job	2026-09-18T06:35:36.6851173Z Prepare workflow directory
build	Set up job	2026-09-18T06:35:36.7168828Z Prepare all required actions
build	Set up job	2026-09-18T06:35:36.7216528Z Getting action download info
build	Set up job	2026-09-18T06:35:36.9873203Z Download action repository 'actions/checkout@v5' (SHA:fbc6f3992d24b796d5a048ff273f7fcc4a7b6c09)
build	Set up job	2026-09-18T06:35:37.1215161Z Download action repository 'actions/setup-java@v5' (SHA:b6effb05e454b25005698d916606bdc6ffcbf961)
build	Set up job	2026-09-18T06:35:37.6388460Z Download action repository 'subosito/flutter-action@v2' (SHA:1a449444c387b1966244ae4d4f8c696479add0b2)
build	Set up job	2026-09-18T06:35:37.8362428Z Download action repository 'actions/upload-artifact@v4' (SHA:ea165f8d65b6e75b540449e92b4886f43607fa02)
build	Set up job	2026-09-18T06:35:37.9881961Z Download action repository 'softprops/action-gh-release@v2' (SHA:3bb12739c298aeb8a4eeaf626c5b8d85266b0e65)
build	Set up job	2026-09-18T06:35:38.3559115Z Getting action download info
build	Set up job	2026-09-18T06:35:38.4633471Z Download action repository 'actions/cache@v5' (SHA:caa296126883cff596d87d8935842f9db880ef25)
build	Set up job	2026-09-18T06:35:38.6780901Z Complete job name: build
build	Checkout	﻿2026-09-18T06:35:38.7434776Z ##[group]Run actions/checkout@v5
build	Checkout	2026-09-18T06:35:38.7435442Z with:
build	Checkout	2026-09-18T06:35:38.7435874Z   repository: YusuP28/pos_v2
build	Checkout	2026-09-18T06:35:38.7438225Z   token: ***
build	Checkout	2026-09-18T06:35:38.7438610Z   ssh-strict: true
build	Checkout	2026-09-18T06:35:38.7438997Z   ssh-user: git
build	Checkout	2026-09-18T06:35:38.7439367Z   persist-credentials: true
build	Checkout	2026-09-18T06:35:38.7439790Z   clean: true
build	Checkout	2026-09-18T06:35:38.7440431Z   sparse-checkout-cone-mode: true
build	Checkout	2026-09-18T06:35:38.7440896Z   fetch-depth: 1
build	Checkout	2026-09-18T06:35:38.7441289Z   fetch-tags: false
build	Checkout	2026-09-18T06:35:38.7441674Z   show-progress: true
build	Checkout	2026-09-18T06:35:38.7442027Z   lfs: false
build	Checkout	2026-09-18T06:35:38.7442402Z   submodules: false
build	Checkout	2026-09-18T06:35:38.7442797Z   set-safe-directory: true
build	Checkout	2026-09-18T06:35:38.7443197Z   allow-unsafe-pr-checkout: false
build	Checkout	2026-09-18T06:35:38.7443771Z ##[endgroup]
build	Checkout	2026-09-18T06:35:38.8412872Z Syncing repository: YusuP28/pos_v2
build	Checkout	2026-09-18T06:35:38.8414805Z ##[group]Getting Git version info
build	Checkout	2026-09-18T06:35:38.8415354Z Working directory is '/home/runner/work/pos_v2/pos_v2'
build	Checkout	2026-09-18T06:35:38.8416298Z [command]/usr/bin/git version
build	Checkout	2026-09-18T06:35:38.8679630Z git version 2.55.0
build	Checkout	2026-09-18T06:35:38.8708158Z ##[endgroup]
build	Checkout	2026-09-18T06:35:38.8716868Z Temporarily overriding HOME='/home/runner/work/_temp/9b876693-3e95-464f-bd7a-8f5e9c22c6e7' before making global git config changes
build	Checkout	2026-09-18T06:35:38.8719443Z Adding repository directory to the temporary git global config as a safe directory
build	Checkout	2026-09-18T06:35:38.8721448Z [command]/usr/bin/git config --global --add safe.directory /home/runner/work/pos_v2/pos_v2
build	Checkout	2026-09-18T06:35:38.8772701Z Deleting the contents of '/home/runner/work/pos_v2/pos_v2'
build	Checkout	2026-09-18T06:35:38.8779730Z ##[group]Initializing the repository
build	Checkout	2026-09-18T06:35:38.8782716Z [command]/usr/bin/git init /home/runner/work/pos_v2/pos_v2
build	Checkout	2026-09-18T06:35:38.8882759Z hint: Using 'master' as the name for the initial branch. This default branch name
build	Checkout	2026-09-18T06:35:38.8884039Z hint: will change to "main" in Git 3.0. To configure the initial branch name
build	Checkout	2026-09-18T06:35:38.8888851Z hint: to use in all of your new repositories, which will suppress this warning,
build	Checkout	2026-09-18T06:35:38.8889899Z hint: call:
build	Checkout	2026-09-18T06:35:38.8890951Z hint:
build	Checkout	2026-09-18T06:35:38.8891795Z hint: 	git config --global init.defaultBranch <name>
build	Checkout	2026-09-18T06:35:38.8892514Z hint:
build	Checkout	2026-09-18T06:35:38.8893288Z hint: Names commonly chosen instead of 'master' are 'main', 'trunk' and
build	Checkout	2026-09-18T06:35:38.8894437Z hint: 'development'. The just-created branch can be renamed via this command:
build	Checkout	2026-09-18T06:35:38.8895327Z hint:
build	Checkout	2026-09-18T06:35:38.8896205Z hint: 	git branch -m <name>
build	Checkout	2026-09-18T06:35:38.8896809Z hint:
build	Checkout	2026-09-18T06:35:38.8897555Z hint: Disable this message with "git config set advice.defaultBranchName false"
build	Checkout	2026-09-18T06:35:38.8898655Z Initialized empty Git repository in /home/runner/work/pos_v2/pos_v2/.git/
build	Checkout	2026-09-18T06:35:38.8900913Z [command]/usr/bin/git remote add origin https://github.com/YusuP28/pos_v2
build	Checkout	2026-09-18T06:35:38.8956798Z ##[endgroup]
build	Checkout	2026-09-18T06:35:38.8958020Z ##[group]Disabling automatic garbage collection
build	Checkout	2026-09-18T06:35:38.8961647Z [command]/usr/bin/git config --local gc.auto 0
build	Checkout	2026-09-18T06:35:38.8989641Z ##[endgroup]
build	Checkout	2026-09-18T06:35:38.8990793Z ##[group]Setting up auth
build	Checkout	2026-09-18T06:35:38.8996365Z [command]/usr/bin/git config --local --name-only --get-regexp core\.sshCommand
build	Checkout	2026-09-18T06:35:38.9024971Z [command]/usr/bin/git submodule foreach --recursive sh -c "git config --local --name-only --get-regexp 'core\.sshCommand' && git config --local --unset-all 'core.sshCommand' || :"
build	Checkout	2026-09-18T06:35:38.9356059Z [command]/usr/bin/git config --local --name-only --get-regexp http\.https\:\/\/github\.com\/\.extraheader
build	Checkout	2026-09-18T06:35:38.9384756Z [command]/usr/bin/git submodule foreach --recursive sh -c "git config --local --name-only --get-regexp 'http\.https\:\/\/github\.com\/\.extraheader' && git config --local --unset-all 'http.https://github.com/.extraheader' || :"
build	Checkout	2026-09-18T06:35:38.9565276Z [command]/usr/bin/git config --local --name-only --get-regexp ^includeIf\.gitdir:
build	Checkout	2026-09-18T06:35:38.9595499Z [command]/usr/bin/git submodule foreach --recursive git config --local --show-origin --name-only --get-regexp remote.origin.url
build	Checkout	2026-09-18T06:35:38.9773370Z [command]/usr/bin/git config --local http.https://github.com/.extraheader AUTHORIZATION: basic ***
build	Checkout	2026-09-18T06:35:38.9807108Z ##[endgroup]
build	Checkout	2026-09-18T06:35:38.9808157Z ##[group]Fetching the repository
build	Checkout	2026-09-18T06:35:38.9816717Z [command]/usr/bin/git -c protocol.version=2 fetch --no-tags --prune --no-recurse-submodules --depth=1 origin +62cef4f442e3cd13ce3498d9b7174241b136fa6c:refs/tags/v1.0.2
build	Checkout	2026-09-18T06:35:39.3620376Z From https://github.com/YusuP28/pos_v2
build	Checkout	2026-09-18T06:35:39.3621587Z  * [new ref]         62cef4f442e3cd13ce3498d9b7174241b136fa6c -> v1.0.2
build	Checkout	2026-09-18T06:35:39.3624748Z ##[endgroup]
build	Checkout	2026-09-18T06:35:39.3625941Z ##[group]Determining the checkout info
build	Checkout	2026-09-18T06:35:39.3627855Z ##[endgroup]
build	Checkout	2026-09-18T06:35:39.3636245Z [command]/usr/bin/git sparse-checkout disable
build	Checkout	2026-09-18T06:35:39.3684237Z [command]/usr/bin/git config --local --unset-all extensions.worktreeConfig
build	Checkout	2026-09-18T06:35:39.3711442Z ##[group]Checking out the ref
build	Checkout	2026-09-18T06:35:39.3724470Z [command]/usr/bin/git checkout --progress --force refs/tags/v1.0.2
build	Checkout	2026-09-18T06:35:39.3860141Z Note: switching to 'refs/tags/v1.0.2'.
build	Checkout	2026-09-18T06:35:39.3860669Z 
build	Checkout	2026-09-18T06:35:39.3860995Z You are in 'detached HEAD' state. You can look around, make experimental
build	Checkout	2026-09-18T06:35:39.3862143Z changes and commit them, and you can discard any commits you make in this
build	Checkout	2026-09-18T06:35:39.3863397Z state without impacting any branches by switching back to a branch.
build	Checkout	2026-09-18T06:35:39.3863909Z 
build	Checkout	2026-09-18T06:35:39.3864277Z If you want to create a new branch to retain commits you create, you may
build	Checkout	2026-09-18T06:35:39.3865226Z do so (now or later) by using -c with the switch command. Example:
build	Checkout	2026-09-18T06:35:39.3865756Z 
build	Checkout	2026-09-18T06:35:39.3865981Z   git switch -c <new-branch-name>
build	Checkout	2026-09-18T06:35:39.3866281Z 
build	Checkout	2026-09-18T06:35:39.3866513Z Or undo this operation with:
build	Checkout	2026-09-18T06:35:39.3866764Z 
build	Checkout	2026-09-18T06:35:39.3866940Z   git switch -
build	Checkout	2026-09-18T06:35:39.3867135Z 
build	Checkout	2026-09-18T06:35:39.3867451Z Turn off this advice by setting config variable advice.detachedHead to false
build	Checkout	2026-09-18T06:35:39.3867770Z 
build	Checkout	2026-09-18T06:35:39.3869815Z HEAD is now at 62cef4f feat: halaman Tentang Aplikasi (v1.0.2)
build	Checkout	2026-09-18T06:35:39.3871830Z ##[endgroup]
build	Checkout	2026-09-18T06:35:39.3912112Z [command]/usr/bin/git log -1 --format=%H
build	Checkout	2026-09-18T06:35:39.3935305Z 62cef4f442e3cd13ce3498d9b7174241b136fa6c
build	Setup Java	﻿2026-09-18T06:35:39.4210680Z ##[group]Run actions/setup-java@v5
build	Setup Java	2026-09-18T06:35:39.4211131Z with:
build	Setup Java	2026-09-18T06:35:39.4211522Z   distribution: zulu
build	Setup Java	2026-09-18T06:35:39.4211896Z   java-version: 17
build	Setup Java	2026-09-18T06:35:39.4212256Z   java-package: jdk
build	Setup Java	2026-09-18T06:35:39.4212646Z   check-latest: false
build	Setup Java	2026-09-18T06:35:39.4213002Z   set-default: true
build	Setup Java	2026-09-18T06:35:39.4213335Z   verify-signature: false
build	Setup Java	2026-09-18T06:35:39.4213738Z   server-id: github
build	Setup Java	2026-09-18T06:35:39.4214095Z   server-username: GITHUB_ACTOR
build	Setup Java	2026-09-18T06:35:39.4214529Z   server-password: GITHUB_TOKEN
build	Setup Java	2026-09-18T06:35:39.4214960Z   overwrite-settings: true
build	Setup Java	2026-09-18T06:35:39.4215323Z   job-status: success
build	Setup Java	2026-09-18T06:35:39.4217557Z   token: ***
build	Setup Java	2026-09-18T06:35:39.4217912Z   show-download-progress: false
build	Setup Java	2026-09-18T06:35:39.4218314Z ##[endgroup]
build	Setup Java	2026-09-18T06:35:39.5676360Z ##[group]Installed distributions
build	Setup Java	2026-09-18T06:35:39.5701955Z Trying to resolve the latest version from remote
build	Setup Java	2026-09-18T06:35:39.6947022Z Resolved latest version as 17.0.20+8
build	Setup Java	2026-09-18T06:35:39.6948634Z Trying to download...
build	Setup Java	2026-09-18T06:35:39.6950338Z Downloading Java 17.0.20+8 (Zulu) from https://cdn.azul.com/zulu/bin/zulu17.68.17-ca-jdk17.0.20-linux_x64.tar.gz ...
build	Setup Java	2026-09-18T06:35:42.6701937Z Extracting Java archive...
build	Setup Java	2026-09-18T06:35:42.6817268Z [command]/usr/bin/tar xz --warning=no-unknown-keyword --overwrite -C /home/runner/work/_temp/5bd32731-38c8-47a2-ab6b-43db5cb8d457 -f /home/runner/work/_temp/48066fa6-dc16-42ee-826f-9a1256766697
build	Setup Java	2026-09-18T06:35:48.0942727Z Java 17.0.20+8 was downloaded
build	Setup Java	2026-09-18T06:35:48.0943280Z Setting Java 17.0.20+8 as the default
build	Setup Java	2026-09-18T06:35:48.0950805Z Creating toolchains.xml for JDK version 17 from zulu
build	Setup Java	2026-09-18T06:35:48.1013011Z Writing to /home/runner/.m2/toolchains.xml
build	Setup Java	2026-09-18T06:35:48.1013864Z 
build	Setup Java	2026-09-18T06:35:48.1014098Z Java configuration:
build	Setup Java	2026-09-18T06:35:48.1014589Z   Distribution: zulu
build	Setup Java	2026-09-18T06:35:48.1015037Z   Version: 17.0.20+8
build	Setup Java	2026-09-18T06:35:48.1015401Z   Path: /opt/hostedtoolcache/Java_Zulu_jdk/17.0.20-8/x64
build	Setup Java	2026-09-18T06:35:48.1015777Z 
build	Setup Java	2026-09-18T06:35:48.1016364Z ##[endgroup]
build	Setup Java	2026-09-18T06:35:48.1846510Z Creating settings.xml with server-id: github
build	Setup Java	2026-09-18T06:35:48.1847067Z Writing to /home/runner/.m2/settings.xml
build	Setup Java	2026-09-18T06:35:48.1847857Z Configured MAVEN_ARGS to include -ntp to suppress Maven transfer progress logs. Set 'show-download-progress: true' to keep the download progress output.
build	Setup Flutter	﻿2026-09-18T06:35:48.2542329Z ##[group]Run subosito/flutter-action@v2
build	Setup Flutter	2026-09-18T06:35:48.2542661Z with:
build	Setup Flutter	2026-09-18T06:35:48.2542873Z   channel: stable
build	Setup Flutter	2026-09-18T06:35:48.2543089Z   cache: true
build	Setup Flutter	2026-09-18T06:35:48.2543290Z   architecture: X64
build	Setup Flutter	2026-09-18T06:35:48.2543513Z   pub-cache-path: default
build	Setup Flutter	2026-09-18T06:35:48.2543742Z   dry-run: false
build	Setup Flutter	2026-09-18T06:35:48.2544005Z   git-source: https://github.com/flutter/flutter.git
build	Setup Flutter	2026-09-18T06:35:48.2544290Z env:
build	Setup Flutter	2026-09-18T06:35:48.2544546Z   JAVA_HOME: /opt/hostedtoolcache/Java_Zulu_jdk/17.0.20-8/x64
build	Setup Flutter	2026-09-18T06:35:48.2544926Z   JAVA_HOME_17_X64: /opt/hostedtoolcache/Java_Zulu_jdk/17.0.20-8/x64
build	Setup Flutter	2026-09-18T06:35:48.2545451Z   MAVEN_ARGS: -ntp
build	Setup Flutter	2026-09-18T06:35:48.2545674Z ##[endgroup]
build	Setup Flutter	2026-09-18T06:35:48.2604570Z ##[start-action display=Make yq tool available on Windows runners;id=__subosito_flutter-action.__run]
build	Setup Flutter	2026-09-18T06:35:48.2614092Z ##[end-action id=__subosito_flutter-action.__run;outcome=skipped;conclusion=skipped;duration_ms=0]
build	Setup Flutter	2026-09-18T06:35:48.2616308Z ##[start-action display=Make setup script executable;id=__subosito_flutter-action.__run_2]
build	Setup Flutter	2026-09-18T06:35:48.2948906Z ##[group]Run chmod +x "$GITHUB_ACTION_PATH/setup.sh"
build	Setup Flutter	2026-09-18T06:35:48.2949442Z ^[[36;1mchmod +x "$GITHUB_ACTION_PATH/setup.sh"^[[0m
build	Setup Flutter	2026-09-18T06:35:48.2978907Z shell: /usr/bin/bash --noprofile --norc -e -o pipefail {0}
build	Setup Flutter	2026-09-18T06:35:48.2979302Z env:
build	Setup Flutter	2026-09-18T06:35:48.2979599Z   JAVA_HOME: /opt/hostedtoolcache/Java_Zulu_jdk/17.0.20-8/x64
build	Setup Flutter	2026-09-18T06:35:48.2980320Z   JAVA_HOME_17_X64: /opt/hostedtoolcache/Java_Zulu_jdk/17.0.20-8/x64
build	Setup Flutter	2026-09-18T06:35:48.2980689Z   MAVEN_ARGS: -ntp
build	Setup Flutter	2026-09-18T06:35:48.2980957Z ##[endgroup]
build	Setup Flutter	2026-09-18T06:35:48.3276744Z ##[end-action id=__subosito_flutter-action.__run_2;outcome=success;conclusion=success;duration_ms=65]
build	Setup Flutter	2026-09-18T06:35:48.3279875Z ##[start-action display=Set action inputs;id=__subosito_flutter-action.flutter-action]
build	Setup Flutter	2026-09-18T06:35:48.3350904Z ##[group]Run $GITHUB_ACTION_PATH/setup.sh -p \
build	Setup Flutter	2026-09-18T06:35:48.3351459Z ^[[36;1m$GITHUB_ACTION_PATH/setup.sh -p \^[[0m
build	Setup Flutter	2026-09-18T06:35:48.3351892Z ^[[36;1m  -n '' \^[[0m
build	Setup Flutter	2026-09-18T06:35:48.3352233Z ^[[36;1m  -f '' \^[[0m
build	Setup Flutter	2026-09-18T06:35:48.3352551Z ^[[36;1m  -a 'X64' \^[[0m
build	Setup Flutter	2026-09-18T06:35:48.3352844Z ^[[36;1m  -k '' \^[[0m
build	Setup Flutter	2026-09-18T06:35:48.3353144Z ^[[36;1m  -c '' \^[[0m
build	Setup Flutter	2026-09-18T06:35:48.3353424Z ^[[36;1m  -l '' \^[[0m
build	Setup Flutter	2026-09-18T06:35:48.3353726Z ^[[36;1m  -d 'default' \^[[0m
build	Setup Flutter	2026-09-18T06:35:48.3354172Z ^[[36;1m  -g 'https://github.com/flutter/flutter.git' \^[[0m
build	Setup Flutter	2026-09-18T06:35:48.3354550Z ^[[36;1m  stable^[[0m
build	Setup Flutter	2026-09-18T06:35:48.3377799Z shell: /usr/bin/bash --noprofile --norc -e -o pipefail {0}
build	Setup Flutter	2026-09-18T06:35:48.3378397Z env:
build	Setup Flutter	2026-09-18T06:35:48.3378776Z   JAVA_HOME: /opt/hostedtoolcache/Java_Zulu_jdk/17.0.20-8/x64
build	Setup Flutter	2026-09-18T06:35:48.3379272Z   JAVA_HOME_17_X64: /opt/hostedtoolcache/Java_Zulu_jdk/17.0.20-8/x64
build	Setup Flutter	2026-09-18T06:35:48.3379716Z   MAVEN_ARGS: -ntp
build	Setup Flutter	2026-09-18T06:35:48.3380162Z ##[endgroup]
build	Setup Flutter	2026-09-18T06:35:48.4929641Z ##[end-action id=__subosito_flutter-action.flutter-action;outcome=success;conclusion=success;duration_ms=164]
build	Setup Flutter	2026-09-18T06:35:48.4935460Z ##[start-action display=Cache Flutter;id=__subosito_flutter-action.cache-flutter]
build	Setup Flutter	2026-09-18T06:35:48.5042004Z ##[group]Run actions/cache@v5
build	Setup Flutter	2026-09-18T06:35:48.5042283Z with:
build	Setup Flutter	2026-09-18T06:35:48.5042539Z   path: /opt/hostedtoolcache/flutter/stable-3.47.4-x64
build	Setup Flutter	2026-09-18T06:35:48.5042980Z   key: flutter-linux-stable-3.47.4-x64-9584c6713b324636289d067944a46fd6b49df14b
build	Setup Flutter	2026-09-18T06:35:48.5043385Z   enableCrossOsArchive: false
build	Setup Flutter	2026-09-18T06:35:48.5043645Z   fail-on-cache-miss: false
build	Setup Flutter	2026-09-18T06:35:48.5043882Z   lookup-only: false
build	Setup Flutter	2026-09-18T06:35:48.5044117Z   save-always: false
build	Setup Flutter	2026-09-18T06:35:48.5044324Z env:
build	Setup Flutter	2026-09-18T06:35:48.5044579Z   JAVA_HOME: /opt/hostedtoolcache/Java_Zulu_jdk/17.0.20-8/x64
build	Setup Flutter	2026-09-18T06:35:48.5044966Z   JAVA_HOME_17_X64: /opt/hostedtoolcache/Java_Zulu_jdk/17.0.20-8/x64
build	Setup Flutter	2026-09-18T06:35:48.5045302Z   MAVEN_ARGS: -ntp
build	Setup Flutter	2026-09-18T06:35:48.5045519Z ##[endgroup]
build	Setup Flutter	2026-09-18T06:35:48.7454455Z Cache hit for: flutter-linux-stable-3.47.4-x64-9584c6713b324636289d067944a46fd6b49df14b
build	Setup Flutter	2026-09-18T06:35:49.8721588Z Received 163577856 of 1720556249 (9.5%), 156.0 MBs/sec
build	Setup Flutter	2026-09-18T06:35:50.8749251Z Received 415236096 of 1720556249 (24.1%), 197.7 MBs/sec
build	Setup Flutter	2026-09-18T06:35:51.8745573Z Received 671088640 of 1720556249 (39.0%), 213.1 MBs/sec
build	Setup Flutter	2026-09-18T06:35:52.9047120Z Received 939524096 of 1720556249 (54.6%), 222.2 MBs/sec
build	Setup Flutter	2026-09-18T06:35:53.9101345Z Received 1199570944 of 1720556249 (69.7%), 227.3 MBs/sec
build	Setup Flutter	2026-09-18T06:35:54.9046619Z Received 1438646272 of 1720556249 (83.6%), 227.4 MBs/sec
build	Setup Flutter	2026-09-18T06:35:55.9048577Z Received 1690304512 of 1720556249 (98.2%), 229.2 MBs/sec
build	Setup Flutter	2026-09-18T06:35:56.0909153Z Received 1720556249 of 1720556249 (100.0%), 227.3 MBs/sec
build	Setup Flutter	2026-09-18T06:35:56.0912580Z Cache Size: ~1641 MB (1720556249 B)
build	Setup Flutter	2026-09-18T06:35:56.1101665Z [command]/usr/bin/tar -xf /home/runner/work/_temp/bd38f34c-e17f-4e7d-ba7b-68c45fb2961d/cache.tzst -P -C /home/runner/work/pos_v2/pos_v2 --use-compress-program unzstd
build	Setup Flutter	2026-09-18T06:36:09.9294704Z Cache restored successfully
build	Setup Flutter	2026-09-18T06:36:09.9957731Z Cache restored from key: flutter-linux-stable-3.47.4-x64-9584c6713b324636289d067944a46fd6b49df14b
build	Setup Flutter	2026-09-18T06:36:10.0035012Z ##[end-action id=__subosito_flutter-action.cache-flutter;outcome=success;conclusion=success;duration_ms=21509]
build	Setup Flutter	2026-09-18T06:36:10.0039015Z ##[start-action display=Cache pub dependencies;id=__subosito_flutter-action.cache-pub]
build	Setup Flutter	2026-09-18T06:36:10.1959513Z ##[group]Run actions/cache@v5
build	Setup Flutter	2026-09-18T06:36:10.1959779Z with:
build	Setup Flutter	2026-09-18T06:36:10.1960187Z   path: /home/runner/.pub-cache
build	Setup Flutter	2026-09-18T06:36:10.1960605Z   key: flutter-pub-linux-stable-3.47.4-x64-9584c6713b324636289d067944a46fd6b49df14b-
build	Setup Flutter	2026-09-18T06:36:10.1961053Z   enableCrossOsArchive: false
build	Setup Flutter	2026-09-18T06:36:10.1961305Z   fail-on-cache-miss: false
build	Setup Flutter	2026-09-18T06:36:10.1961542Z   lookup-only: false
build	Setup Flutter	2026-09-18T06:36:10.1961760Z   save-always: false
build	Setup Flutter	2026-09-18T06:36:10.1961967Z env:
build	Setup Flutter	2026-09-18T06:36:10.1962229Z   JAVA_HOME: /opt/hostedtoolcache/Java_Zulu_jdk/17.0.20-8/x64
build	Setup Flutter	2026-09-18T06:36:10.1962634Z   JAVA_HOME_17_X64: /opt/hostedtoolcache/Java_Zulu_jdk/17.0.20-8/x64
build	Setup Flutter	2026-09-18T06:36:10.1962960Z   MAVEN_ARGS: -ntp
build	Setup Flutter	2026-09-18T06:36:10.1963168Z ##[endgroup]
build	Setup Flutter	2026-09-18T06:36:10.4245424Z Cache hit for: flutter-pub-linux-stable-3.47.4-x64-9584c6713b324636289d067944a46fd6b49df14b-
build	Setup Flutter	2026-09-18T06:36:11.3304513Z Received 39919523 of 39919523 (100.0%), 48.7 MBs/sec
build	Setup Flutter	2026-09-18T06:36:11.3305733Z Cache Size: ~38 MB (39919523 B)
build	Setup Flutter	2026-09-18T06:36:11.3333259Z [command]/usr/bin/tar -xf /home/runner/work/_temp/68d1bf78-99e5-4e95-9ea5-c4f6300268c3/cache.tzst -P -C /home/runner/work/pos_v2/pos_v2 --use-compress-program unzstd
build	Setup Flutter	2026-09-18T06:36:11.7405998Z Cache restored successfully
build	Setup Flutter	2026-09-18T06:36:11.7494245Z Cache restored from key: flutter-pub-linux-stable-3.47.4-x64-9584c6713b324636289d067944a46fd6b49df14b-
build	Setup Flutter	2026-09-18T06:36:11.7546798Z ##[end-action id=__subosito_flutter-action.cache-pub;outcome=success;conclusion=success;duration_ms=1750]
build	Setup Flutter	2026-09-18T06:36:11.7549220Z ##[start-action display=Run setup script;id=__subosito_flutter-action.__run_3]
build	Setup Flutter	2026-09-18T06:36:11.7580563Z ##[group]Run $GITHUB_ACTION_PATH/setup.sh \
build	Setup Flutter	2026-09-18T06:36:11.7580948Z ^[[36;1m$GITHUB_ACTION_PATH/setup.sh \^[[0m
build	Setup Flutter	2026-09-18T06:36:11.7581232Z ^[[36;1m  -n '3.47.4' \^[[0m
build	Setup Flutter	2026-09-18T06:36:11.7581476Z ^[[36;1m  -a 'x64' \^[[0m
build	Setup Flutter	2026-09-18T06:36:11.7581780Z ^[[36;1m  -c '/opt/hostedtoolcache/flutter/stable-3.47.4-x64' \^[[0m
build	Setup Flutter	2026-09-18T06:36:11.7582131Z ^[[36;1m  -d '/home/runner/.pub-cache' \^[[0m
build	Setup Flutter	2026-09-18T06:36:11.7582405Z ^[[36;1m  stable^[[0m
build	Setup Flutter	2026-09-18T06:36:11.7605595Z shell: /usr/bin/bash --noprofile --norc -e -o pipefail {0}
build	Setup Flutter	2026-09-18T06:36:11.7605974Z env:
build	Setup Flutter	2026-09-18T06:36:11.7606270Z   JAVA_HOME: /opt/hostedtoolcache/Java_Zulu_jdk/17.0.20-8/x64
build	Setup Flutter	2026-09-18T06:36:11.7606677Z   JAVA_HOME_17_X64: /opt/hostedtoolcache/Java_Zulu_jdk/17.0.20-8/x64
build	Setup Flutter	2026-09-18T06:36:11.7607027Z   MAVEN_ARGS: -ntp
build	Setup Flutter	2026-09-18T06:36:11.7607252Z ##[endgroup]
build	Setup Flutter	2026-09-18T06:36:12.0449798Z ##[end-action id=__subosito_flutter-action.__run_3;outcome=success;conclusion=success;duration_ms=289]
build	Flutter Version	﻿2026-09-18T06:36:12.0515189Z ##[group]Run flutter --version
build	Flutter Version	2026-09-18T06:36:12.0515572Z ^[[36;1mflutter --version^[[0m
build	Flutter Version	2026-09-18T06:36:12.0540561Z shell: /usr/bin/bash -e {0}
build	Flutter Version	2026-09-18T06:36:12.0540859Z env:
build	Flutter Version	2026-09-18T06:36:12.0541155Z   JAVA_HOME: /opt/hostedtoolcache/Java_Zulu_jdk/17.0.20-8/x64
build	Flutter Version	2026-09-18T06:36:12.0541592Z   JAVA_HOME_17_X64: /opt/hostedtoolcache/Java_Zulu_jdk/17.0.20-8/x64
build	Flutter Version	2026-09-18T06:36:12.0541944Z   MAVEN_ARGS: -ntp
build	Flutter Version	2026-09-18T06:36:12.0542273Z   FLUTTER_ROOT: /opt/hostedtoolcache/flutter/stable-3.47.4-x64/flutter
build	Flutter Version	2026-09-18T06:36:12.0542817Z   PUB_CACHE: /home/runner/.pub-cache
build	Flutter Version	2026-09-18T06:36:12.0543099Z ##[endgroup]
build	Flutter Version	2026-09-18T06:36:12.2523249Z Flutter 3.47.4 • channel stable • https://github.com/flutter/flutter.git
build	Flutter Version	2026-09-18T06:36:12.2524207Z Framework • revision 9584c6713b (7 days ago) • 2026-09-10 15:25:10 -0700
build	Flutter Version	2026-09-18T06:36:12.2525185Z Engine • hash 0e228ec8c8d2abc9fcf1d053e8a40665bb859ec7 (revision 06a2e2a110) (14 days ago) • 2026-09-03 16:07:13.000Z
build	Flutter Version	2026-09-18T06:36:12.2526189Z Tools • Dart 3.13.3 • DevTools 2.60.0
build	Get Dependencies	﻿2026-09-18T06:36:12.2568339Z ##[group]Run flutter pub get
build	Get Dependencies	2026-09-18T06:36:12.2568679Z ^[[36;1mflutter pub get^[[0m
build	Get Dependencies	2026-09-18T06:36:12.2591543Z shell: /usr/bin/bash -e {0}
build	Get Dependencies	2026-09-18T06:36:12.2591839Z env:
build	Get Dependencies	2026-09-18T06:36:12.2592126Z   JAVA_HOME: /opt/hostedtoolcache/Java_Zulu_jdk/17.0.20-8/x64
build	Get Dependencies	2026-09-18T06:36:12.2592539Z   JAVA_HOME_17_X64: /opt/hostedtoolcache/Java_Zulu_jdk/17.0.20-8/x64
build	Get Dependencies	2026-09-18T06:36:12.2592882Z   MAVEN_ARGS: -ntp
build	Get Dependencies	2026-09-18T06:36:12.2593201Z   FLUTTER_ROOT: /opt/hostedtoolcache/flutter/stable-3.47.4-x64/flutter
build	Get Dependencies	2026-09-18T06:36:12.2593597Z   PUB_CACHE: /home/runner/.pub-cache
build	Get Dependencies	2026-09-18T06:36:12.2593861Z ##[endgroup]
build	Get Dependencies	2026-09-18T06:36:12.3993702Z Resolving dependencies...
build	Get Dependencies	2026-09-18T06:36:12.9102397Z Downloading packages...
build	Get Dependencies	2026-09-18T06:36:15.8145638Z + archive 3.6.1 (4.3.0 available)
build	Get Dependencies	2026-09-18T06:36:15.8146195Z + args 2.7.0
build	Get Dependencies	2026-09-18T06:36:15.8146490Z + async 2.13.1
build	Get Dependencies	2026-09-18T06:36:15.8146793Z + blue_thermal_printer 1.2.3
build	Get Dependencies	2026-09-18T06:36:15.8147150Z + bluez 0.8.3
build	Get Dependencies	2026-09-18T06:36:15.8147449Z + boolean_selector 2.1.2
build	Get Dependencies	2026-09-18T06:36:15.8147845Z + characters 1.4.1
build	Get Dependencies	2026-09-18T06:36:15.8148134Z + clock 1.1.3
build	Get Dependencies	2026-09-18T06:36:15.8148402Z + code_assets 2.1.0
build	Get Dependencies	2026-09-18T06:36:15.8148694Z + collection 1.19.1
build	Get Dependencies	2026-09-18T06:36:15.8148986Z + cross_file 0.3.5+5
build	Get Dependencies	2026-09-18T06:36:15.8149256Z + crypto 3.0.7
build	Get Dependencies	2026-09-18T06:36:15.8149508Z + csslib 1.0.2
build	Get Dependencies	2026-09-18T06:36:15.8149785Z + cupertino_icons 1.0.9
build	Get Dependencies	2026-09-18T06:36:15.8150473Z + dbus 0.7.15 (0.8.0 available)
build	Get Dependencies	2026-09-18T06:36:15.8150778Z + esc_pos_utils 1.1.0
build	Get Dependencies	2026-09-18T06:36:15.8151039Z + fake_async 1.3.3
build	Get Dependencies	2026-09-18T06:36:15.8151248Z + ffi 2.2.0
build	Get Dependencies	2026-09-18T06:36:15.8151482Z + file 7.0.1
build	Get Dependencies	2026-09-18T06:36:15.8151707Z + file_selector_linux 0.9.4+1
build	Get Dependencies	2026-09-18T06:36:15.8151963Z + file_selector_macos 0.9.5+1
build	Get Dependencies	2026-09-18T06:36:15.8152296Z + file_selector_platform_interface 2.7.0
build	Get Dependencies	2026-09-18T06:36:15.8152659Z + file_selector_windows 0.9.3+6
build	Get Dependencies	2026-09-18T06:36:15.8153006Z + flutter 0.0.0 from sdk flutter
build	Get Dependencies	2026-09-18T06:36:15.8153369Z + flutter_blue_plus 1.36.8 (2.3.12 available)
build	Get Dependencies	2026-09-18T06:36:15.8153706Z + flutter_blue_plus_android 7.0.4 (9.0.3 available)
build	Get Dependencies	2026-09-18T06:36:15.8154036Z + flutter_blue_plus_darwin 7.0.3 (9.0.4 available)
build	Get Dependencies	2026-09-18T06:36:15.8154353Z + flutter_blue_plus_linux 7.0.3 (9.0.3 available)
build	Get Dependencies	2026-09-18T06:36:15.8154692Z + flutter_blue_plus_platform_interface 7.0.0 (9.0.3 available)
build	Get Dependencies	2026-09-18T06:36:15.8155045Z + flutter_blue_plus_web 7.0.2 (9.0.3 available)
build	Get Dependencies	2026-09-18T06:36:15.8155340Z + flutter_lints 5.0.0 (6.0.0 available)
build	Get Dependencies	2026-09-18T06:36:15.8155635Z + flutter_plugin_android_lifecycle 2.0.35
build	Get Dependencies	2026-09-18T06:36:15.8155918Z + flutter_test 0.0.0 from sdk flutter
build	Get Dependencies	2026-09-18T06:36:15.8156197Z + flutter_web_plugins 0.0.0 from sdk flutter
build	Get Dependencies	2026-09-18T06:36:15.8156524Z + gbk_codec 0.4.0
build	Get Dependencies	2026-09-18T06:36:15.8156737Z + hex 0.2.0
build	Get Dependencies	2026-09-18T06:36:15.8156942Z + hooks 2.2.0
build	Get Dependencies	2026-09-18T06:36:15.8157141Z + html 0.15.7
build	Get Dependencies	2026-09-18T06:36:15.8157346Z + http 1.6.0
build	Get Dependencies	2026-09-18T06:36:15.8157553Z + http_parser 4.1.2
build	Get Dependencies	2026-09-18T06:36:15.8157779Z + image 3.3.0 (4.10.1 available)
build	Get Dependencies	2026-09-18T06:36:15.8158043Z + image_picker 1.2.3
build	Get Dependencies	2026-09-18T06:36:15.8158276Z + image_picker_android 0.8.13+23
build	Get Dependencies	2026-09-18T06:36:15.8158535Z + image_picker_for_web 3.1.1
build	Get Dependencies	2026-09-18T06:36:15.8158791Z + image_picker_ios 0.8.13+7
build	Get Dependencies	2026-09-18T06:36:15.8159033Z + image_picker_linux 0.2.2
build	Get Dependencies	2026-09-18T06:36:15.8159283Z + image_picker_macos 0.2.2+1
build	Get Dependencies	2026-09-18T06:36:15.8159541Z + image_picker_platform_interface 2.11.1
build	Get Dependencies	2026-09-18T06:36:15.8159818Z + image_picker_windows 0.2.2
build	Get Dependencies	2026-09-18T06:36:15.8160155Z + intl 0.20.3
build	Get Dependencies	2026-09-18T06:36:15.8160623Z + jni 1.0.3
build	Get Dependencies	2026-09-18T06:36:15.8160833Z + jni_flutter 1.0.3
build	Get Dependencies	2026-09-18T06:36:15.8161050Z + jni_util 1.0.0
build	Get Dependencies	2026-09-18T06:36:15.8161268Z + leak_tracker 11.0.2
build	Get Dependencies	2026-09-18T06:36:15.8161528Z + leak_tracker_flutter_testing 3.0.10
build	Get Dependencies	2026-09-18T06:36:15.8161809Z + leak_tracker_testing 3.0.2
build	Get Dependencies	2026-09-18T06:36:15.8162058Z + lints 5.1.1 (6.1.0 available)
build	Get Dependencies	2026-09-18T06:36:15.8162305Z + logging 1.3.0
build	Get Dependencies	2026-09-18T06:36:15.8162515Z + matcher 0.12.20
build	Get Dependencies	2026-09-18T06:36:15.8162780Z + material_color_utilities 0.13.0 (0.13.1 available)
build	Get Dependencies	2026-09-18T06:36:15.8163191Z + meta 1.19.0
build	Get Dependencies	2026-09-18T06:36:15.8163397Z + mime 2.1.0
build	Get Dependencies	2026-09-18T06:36:15.8163616Z + mobile_scanner 7.4.2
build	Get Dependencies	2026-09-18T06:36:15.8163841Z + nested 1.0.0
build	Get Dependencies	2026-09-18T06:36:15.8164051Z + objective_c 9.6.0
build	Get Dependencies	2026-09-18T06:36:15.8164383Z + package_config 3.0.0
build	Get Dependencies	2026-09-18T06:36:15.8164661Z + package_info_plus 8.3.1 (10.2.1 available)
build	Get Dependencies	2026-09-18T06:36:15.8165007Z + package_info_plus_platform_interface 3.2.1 (4.1.0 available)
build	Get Dependencies	2026-09-18T06:36:15.8165325Z + path 1.9.1
build	Get Dependencies	2026-09-18T06:36:15.8165536Z + path_provider 2.1.6
build	Get Dependencies	2026-09-18T06:36:15.8165772Z + path_provider_android 2.3.1
build	Get Dependencies	2026-09-18T06:36:15.8166026Z + path_provider_foundation 2.6.0
build	Get Dependencies	2026-09-18T06:36:15.8166290Z + path_provider_linux 2.2.2
build	Get Dependencies	2026-09-18T06:36:15.8166543Z + path_provider_platform_interface 2.1.3
build	Get Dependencies	2026-09-18T06:36:15.8166817Z + path_provider_windows 2.3.0
build	Get Dependencies	2026-09-18T06:36:15.8167058Z + petitparser 7.0.2
build	Get Dependencies	2026-09-18T06:36:15.8167277Z + platform 3.2.0
build	Get Dependencies	2026-09-18T06:36:15.8167517Z + plugin_platform_interface 2.1.8
build	Get Dependencies	2026-09-18T06:36:15.8167778Z + provider 6.1.5+1
build	Get Dependencies	2026-09-18T06:36:15.8167990Z + pub_semver 2.2.1
build	Get Dependencies	2026-09-18T06:36:15.8168428Z + qr 3.0.2 (4.0.0 available)
build	Get Dependencies	2026-09-18T06:36:15.8168729Z + qr_flutter 4.1.0
build	Get Dependencies	2026-09-18T06:36:15.8169013Z + record_use 1.1.1
build	Get Dependencies	2026-09-18T06:36:15.8169291Z + rxdart 0.28.0
build	Get Dependencies	2026-09-18T06:36:15.8169596Z + shared_preferences 2.5.5
build	Get Dependencies	2026-09-18T06:36:15.8170069Z + shared_preferences_android 2.4.28
build	Get Dependencies	2026-09-18T06:36:15.8170469Z + shared_preferences_foundation 2.5.7
build	Get Dependencies	2026-09-18T06:36:15.8170877Z + shared_preferences_linux 2.4.1
build	Get Dependencies	2026-09-18T06:36:15.8171265Z + shared_preferences_platform_interface 2.4.2
build	Get Dependencies	2026-09-18T06:36:15.8171730Z + shared_preferences_web 2.4.3
build	Get Dependencies	2026-09-18T06:36:15.8172014Z + shared_preferences_windows 2.4.1
build	Get Dependencies	2026-09-18T06:36:15.8172288Z + sky_engine 0.0.0 from sdk flutter
build	Get Dependencies	2026-09-18T06:36:15.8172543Z + source_span 1.10.2
build	Get Dependencies	2026-09-18T06:36:15.8172775Z + sqflite 2.4.4
build	Get Dependencies	2026-09-18T06:36:15.8172994Z + sqflite_android 2.4.4
build	Get Dependencies	2026-09-18T06:36:15.8173234Z + sqflite_common 2.5.13
build	Get Dependencies	2026-09-18T06:36:15.8173471Z + sqflite_darwin 2.4.4
build	Get Dependencies	2026-09-18T06:36:15.8173709Z + sqflite_platform_interface 2.4.2
build	Get Dependencies	2026-09-18T06:36:15.8173974Z + stack_trace 1.12.2
build	Get Dependencies	2026-09-18T06:36:15.8174194Z + stream_channel 2.1.4
build	Get Dependencies	2026-09-18T06:36:15.8174419Z + string_scanner 1.4.1
build	Get Dependencies	2026-09-18T06:36:15.8174752Z + synchronized 3.4.2
build	Get Dependencies	2026-09-18T06:36:15.8175044Z + term_glyph 1.2.2
build	Get Dependencies	2026-09-18T06:36:15.8175326Z + test_api 0.7.12 (0.7.14 available)
build	Get Dependencies	2026-09-18T06:36:15.8175674Z + typed_data 1.4.0
build	Get Dependencies	2026-09-18T06:36:15.8175961Z + vector_math 2.4.2
build	Get Dependencies	2026-09-18T06:36:15.8176245Z + vm_service 15.3.0
build	Get Dependencies	2026-09-18T06:36:15.8176515Z + web 1.1.1
build	Get Dependencies	2026-09-18T06:36:15.8176776Z + win32 5.15.0 (6.4.0 available)
build	Get Dependencies	2026-09-18T06:36:15.8177112Z + xdg_directories 1.1.0
build	Get Dependencies	2026-09-18T06:36:15.8177416Z + xml 6.6.1 (7.0.1 available)
build	Get Dependencies	2026-09-18T06:36:15.8177727Z + yaml 3.1.4
build	Get Dependencies	2026-09-18T06:36:15.8178034Z Changed 112 dependencies!
build	Get Dependencies	2026-09-18T06:36:15.8178510Z 18 packages have newer versions incompatible with dependency constraints.
build	Get Dependencies	2026-09-18T06:36:15.8179082Z Try `flutter pub outdated` for more information.
build	Get Dependencies	2026-09-18T06:36:15.9696626Z Upgrading analysis_options.yaml to exclude build and platform directories.
build	Analyze	﻿2026-09-18T06:36:16.0539717Z ##[group]Run flutter analyze --no-fatal-infos --no-fatal-warnings || true
build	Analyze	2026-09-18T06:36:16.0540663Z ^[[36;1mflutter analyze --no-fatal-infos --no-fatal-warnings || true^[[0m
build	Analyze	2026-09-18T06:36:16.0574696Z shell: /usr/bin/bash -e {0}
build	Analyze	2026-09-18T06:36:16.0575123Z env:
build	Analyze	2026-09-18T06:36:16.0575541Z   JAVA_HOME: /opt/hostedtoolcache/Java_Zulu_jdk/17.0.20-8/x64
build	Analyze	2026-09-18T06:36:16.0576391Z   JAVA_HOME_17_X64: /opt/hostedtoolcache/Java_Zulu_jdk/17.0.20-8/x64
build	Analyze	2026-09-18T06:36:16.0576937Z   MAVEN_ARGS: -ntp
build	Analyze	2026-09-18T06:36:16.0577417Z   FLUTTER_ROOT: /opt/hostedtoolcache/flutter/stable-3.47.4-x64/flutter
build	Analyze	2026-09-18T06:36:16.0578008Z   PUB_CACHE: /home/runner/.pub-cache
build	Analyze	2026-09-18T06:36:16.0578420Z ##[endgroup]
build	Analyze	2026-09-18T06:36:27.3100963Z Analyzing pos_v2...                                             
build	Analyze	2026-09-18T06:36:27.3105935Z 
build	Analyze	2026-09-18T06:36:27.3139198Z warning • Unused import: 'package:path_provider/path_provider.dart'. Try removing the import directive • lib/core/services/export_service.dart:5:8 • unused_import
build	Analyze	2026-09-18T06:36:27.3141499Z warning • Unused import: 'package:sqflite/sqflite.dart'. Try removing the import directive • lib/core/services/export_service.dart:6:8 • unused_import
build	Analyze	2026-09-18T06:36:27.3143325Z   error • The constructor being called isn't a const constructor. Try removing 'const' from the constructor invocation • lib/views/about_view.dart:31:15 • const_with_non_const
build	Analyze	2026-09-18T06:36:27.3145508Z    info • Don't use 'BuildContext's across async gaps. Try rewriting the code to not use the 'BuildContext', or guard the use with a 'mounted' check • lib/views/category_list_view.dart:19:28 • use_build_context_synchronously
build	Analyze	2026-09-18T06:36:27.3147644Z warning • The declaration '_deleteCategory' isn't referenced. Try removing the declaration of '_deleteCategory' • lib/views/expense_view.dart:180:16 • unused_element
build	Analyze	2026-09-18T06:36:27.3149836Z    info • Don't use 'BuildContext's across async gaps. Try rewriting the code to not use the 'BuildContext', or guard the use with a 'mounted' check • lib/views/expense_view.dart:215:23 • use_build_context_synchronously
build	Analyze	2026-09-18T06:36:27.3162109Z    info • Don't use 'BuildContext's across async gaps. Try rewriting the code to not use the 'BuildContext', or guard the use with a 'mounted' check • lib/views/expense_view.dart:216:7 • use_build_context_synchronously
build	Analyze	2026-09-18T06:36:27.3164681Z    info • Don't use 'BuildContext's across async gaps. Try rewriting the code to not use the 'BuildContext', or guard the use with a 'mounted' check • lib/views/expense_view.dart:286:11 • use_build_context_synchronously
build	Analyze	2026-09-18T06:36:27.3167085Z    info • Don't use 'BuildContext's across async gaps. Try rewriting the code to not use the 'BuildContext', or guard the use with a 'mounted' check • lib/views/home_view.dart:38:20 • use_build_context_synchronously
build	Analyze	2026-09-18T06:36:27.3169149Z    info • Don't use 'BuildContext's across async gaps. Try rewriting the code to not use the 'BuildContext', or guard the use with a 'mounted' check • lib/views/home_view.dart:39:7 • use_build_context_synchronously
build	Analyze	2026-09-18T06:36:27.3171348Z    info • Don't use 'BuildContext's across async gaps. Try rewriting the code to not use the 'BuildContext', or guard the use with a 'mounted' check • lib/views/home_view.dart:42:7 • use_build_context_synchronously
build	Analyze	2026-09-18T06:36:27.3173577Z    info • Don't use 'BuildContext's across async gaps. Try rewriting the code to not use the 'BuildContext', or guard the use with a 'mounted' check • lib/views/home_view.dart:45:7 • use_build_context_synchronously
build	Analyze	2026-09-18T06:36:27.3176007Z    info • Don't use 'BuildContext's across async gaps. Try rewriting the code to not use the 'BuildContext', or guard the use with a 'mounted' check • lib/views/info_toko_view.dart:33:13 • use_build_context_synchronously
build	Analyze	2026-09-18T06:36:27.3178275Z    info • Don't use 'BuildContext's across async gaps. Try rewriting the code to not use the 'BuildContext', or guard the use with a 'mounted' check • lib/views/info_toko_view.dart:63:13 • use_build_context_synchronously
build	Analyze	2026-09-18T06:36:27.3180990Z    info • Don't use 'BuildContext's across async gaps. Try rewriting the code to not use the 'BuildContext', or guard the use with a 'mounted' check • lib/views/info_toko_view.dart:78:13 • use_build_context_synchronously
build	Analyze	2026-09-18T06:36:27.3183703Z    info • 'groupValue' is deprecated and shouldn't be used. Use a RadioGroup ancestor to manage group value instead. This feature was deprecated after v3.32.0-0.0.pre. Try replacing the use of the deprecated member with the replacement • lib/views/info_toko_view.dart:204:25 • deprecated_member_use
build	Analyze	2026-09-18T06:36:27.3203503Z    info • 'onChanged' is deprecated and shouldn't be used. Use RadioGroup to handle value change instead. This feature was deprecated after v3.32.0-0.0.pre. Try replacing the use of the deprecated member with the replacement • lib/views/info_toko_view.dart:205:25 • deprecated_member_use
build	Analyze	2026-09-18T06:36:27.3206975Z    info • 'groupValue' is deprecated and shouldn't be used. Use a RadioGroup ancestor to manage group value instead. This feature was deprecated after v3.32.0-0.0.pre. Try replacing the use of the deprecated member with the replacement • lib/views/info_toko_view.dart:214:25 • deprecated_member_use
build	Analyze	2026-09-18T06:36:27.3210117Z    info • 'onChanged' is deprecated and shouldn't be used. Use RadioGroup to handle value change instead. This feature was deprecated after v3.32.0-0.0.pre. Try replacing the use of the deprecated member with the replacement • lib/views/info_toko_view.dart:215:25 • deprecated_member_use
build	Analyze	2026-09-18T06:36:27.3212370Z warning • Unused import: '../core/services/auth_service.dart'. Try removing the import directive • lib/views/pin_view.dart:4:8 • unused_import
build	Analyze	2026-09-18T06:36:27.3214356Z    info • Don't use 'BuildContext's across async gaps. Try rewriting the code to not use the 'BuildContext', or guard the use with a 'mounted' check • lib/views/printer_settings_view.dart:21:28 • use_build_context_synchronously
build	Analyze	2026-09-18T06:36:27.3216647Z    info • Don't use 'BuildContext's across async gaps. Try rewriting the code to not use the 'BuildContext', or guard the use with a 'mounted' check • lib/views/product_form_view.dart:49:28 • use_build_context_synchronously
build	Analyze	2026-09-18T06:36:27.3218982Z    info • Don't use 'BuildContext's across async gaps. Try rewriting the code to not use the 'BuildContext', or guard the use with a 'mounted' check • lib/views/product_list_view.dart:31:7 • use_build_context_synchronously
build	Analyze	2026-09-18T06:36:27.3221328Z    info • Don't use 'BuildContext's across async gaps. Try rewriting the code to not use the 'BuildContext', or guard the use with a 'mounted' check • lib/views/product_list_view.dart:32:7 • use_build_context_synchronously
build	Analyze	2026-09-18T06:36:27.3223493Z    info • Don't use 'BuildContext's across async gaps. Try rewriting the code to not use the 'BuildContext', or guard the use with a 'mounted' check • lib/views/product_list_view.dart:101:20 • use_build_context_synchronously
build	Analyze	2026-09-18T06:36:27.3226135Z    info • Don't use 'BuildContext's across async gaps, guarded by an unrelated 'mounted' check. Guard a 'State.context' use with a 'mounted' check on the State, and other BuildContext use with a 'mounted' check on the BuildContext • lib/views/product_list_view.dart:349:49 • use_build_context_synchronously
build	Analyze	2026-09-18T06:36:27.3229163Z    info • Don't use 'BuildContext's across async gaps, guarded by an unrelated 'mounted' check. Guard a 'State.context' use with a 'mounted' check on the State, and other BuildContext use with a 'mounted' check on the BuildContext • lib/views/product_list_view.dart:360:58 • use_build_context_synchronously
build	Analyze	2026-09-18T06:36:27.3231473Z warning • Unused import: 'package:qr_flutter/qr_flutter.dart'. Try removing the import directive • lib/views/retail_pos_view.dart:3:8 • unused_import
build	Analyze	2026-09-18T06:36:27.3233324Z    info • Don't use 'BuildContext's across async gaps. Try rewriting the code to not use the 'BuildContext', or guard the use with a 'mounted' check • lib/views/retail_pos_view.dart:35:7 • use_build_context_synchronously
build	Analyze	2026-09-18T06:36:27.3235707Z    info • Don't use 'BuildContext's across async gaps. Try rewriting the code to not use the 'BuildContext', or guard the use with a 'mounted' check • lib/views/retail_pos_view.dart:36:7 • use_build_context_synchronously
build	Analyze	2026-09-18T06:36:27.3237863Z    info • Don't use 'BuildContext's across async gaps. Try rewriting the code to not use the 'BuildContext', or guard the use with a 'mounted' check • lib/views/retail_pos_view.dart:37:7 • use_build_context_synchronously
build	Analyze	2026-09-18T06:36:27.3239792Z warning • The value of the local variable 'cart' isn't used. Try removing the variable or using it • lib/views/retail_pos_view.dart:51:11 • unused_local_variable
build	Analyze	2026-09-18T06:36:27.3241791Z    info • Don't use 'BuildContext's across async gaps. Try rewriting the code to not use the 'BuildContext', or guard the use with a 'mounted' check • lib/views/retail_pos_view.dart:573:25 • use_build_context_synchronously
build	Analyze	2026-09-18T06:36:27.3250347Z    info • 'itf' is deprecated and shouldn't be used. Use BarcodeFormats.itf14 instead. Try replacing the use of the deprecated member with the replacement • lib/views/scanner/barcode_scanner_view.dart:25:21 • deprecated_member_use
build	Analyze	2026-09-18T06:36:27.3252141Z    info • Don't use 'BuildContext's across async gaps. Try rewriting the code to not use the 'BuildContext', or guard the use with a 'mounted' check • lib/views/shift/shift_detail_view.dart:31:21 • use_build_context_synchronously
build	Analyze	2026-09-18T06:36:27.3253480Z    info • Don't use 'BuildContext's across async gaps. Try rewriting the code to not use the 'BuildContext', or guard the use with a 'mounted' check • lib/views/shift_view.dart:27:20 • use_build_context_synchronously
build	Analyze	2026-09-18T06:36:27.3254818Z    info • Don't use 'BuildContext's across async gaps. Try rewriting the code to not use the 'BuildContext', or guard the use with a 'mounted' check • lib/views/shift_view.dart:28:7 • use_build_context_synchronously
build	Analyze	2026-09-18T06:36:27.3256190Z    info • Don't use 'BuildContext's across async gaps. Try rewriting the code to not use the 'BuildContext', or guard the use with a 'mounted' check • lib/views/splash_view.dart:21:20 • use_build_context_synchronously
build	Analyze	2026-09-18T06:36:27.3257444Z warning • Unused import: 'package:provider/provider.dart'. Try removing the import directive • lib/views/stock/stock_report_view.dart:2:8 • unused_import
build	Analyze	2026-09-18T06:36:27.3258534Z warning • Unused import: '../../viewmodels/product_viewmodel.dart'. Try removing the import directive • lib/views/stock/stock_report_view.dart:8:8 • unused_import
build	Analyze	2026-09-18T06:36:27.3259788Z    info • Don't use 'BuildContext's across async gaps. Try rewriting the code to not use the 'BuildContext', or guard the use with a 'mounted' check • lib/views/user/user_management_view.dart:22:28 • use_build_context_synchronously
build	Analyze	2026-09-18T06:36:27.3261359Z    info • Don't use 'BuildContext's across async gaps. Try rewriting the code to not use the 'BuildContext', or guard the use with a 'mounted' check • lib/views/user/user_management_view.dart:110:16 • use_build_context_synchronously
build	Analyze	2026-09-18T06:36:27.3262760Z    info • Don't use 'BuildContext's across async gaps. Try rewriting the code to not use the 'BuildContext', or guard the use with a 'mounted' check • lib/views/user/user_management_view.dart:166:27 • use_build_context_synchronously
build	Analyze	2026-09-18T06:36:27.3264140Z    info • Don't use 'BuildContext's across async gaps. Try rewriting the code to not use the 'BuildContext', or guard the use with a 'mounted' check • lib/views/user/user_management_view.dart:168:13 • use_build_context_synchronously
build	Analyze	2026-09-18T06:36:27.3264804Z 
build	Analyze	2026-09-18T06:36:27.3264985Z 44 issues found. (ran in 10.7s)
build	Build Release APK	﻿2026-09-18T06:36:27.3325574Z ##[group]Run flutter build apk --release
build	Build Release APK	2026-09-18T06:36:27.3326071Z ^[[36;1mflutter build apk --release^[[0m
build	Build Release APK	2026-09-18T06:36:27.3359721Z shell: /usr/bin/bash -e {0}
build	Build Release APK	2026-09-18T06:36:27.3360272Z env:
build	Build Release APK	2026-09-18T06:36:27.3360723Z   JAVA_HOME: /opt/hostedtoolcache/Java_Zulu_jdk/17.0.20-8/x64
build	Build Release APK	2026-09-18T06:36:27.3361371Z   JAVA_HOME_17_X64: /opt/hostedtoolcache/Java_Zulu_jdk/17.0.20-8/x64
build	Build Release APK	2026-09-18T06:36:27.3361935Z   MAVEN_ARGS: -ntp
build	Build Release APK	2026-09-18T06:36:27.3362420Z   FLUTTER_ROOT: /opt/hostedtoolcache/flutter/stable-3.47.4-x64/flutter
build	Build Release APK	2026-09-18T06:36:27.3363028Z   PUB_CACHE: /home/runner/.pub-cache
build	Build Release APK	2026-09-18T06:36:27.3363436Z ##[endgroup]
build	Build Release APK	2026-09-18T06:36:27.7895001Z Upgrading build.gradle
build	Build Release APK	2026-09-18T06:36:27.7913951Z Upgrading gradle.properties
build	Build Release APK	2026-09-18T06:36:27.7929381Z Upgrading gradle.properties
build	Build Release APK	2026-09-18T06:37:31.1361799Z Warning: Flutter support for your project's Gradle version (8.14.3) will soon be dropped. Please upgrade your Gradle version to a version of at least 9.1.0 soon.
build	Build Release APK	2026-09-18T06:37:31.1363259Z Running Gradle task 'assembleRelease'...                        
build	Build Release APK	2026-09-18T06:37:31.1393701Z Alternatively, use the flag "--android-skip-build-dependency-validation" to bypass this check.
build	Build Release APK	2026-09-18T06:37:31.1394673Z 
build	Build Release APK	2026-09-18T06:37:31.1395921Z Potential fix: Your project's gradle version is typically defined in the gradle wrapper file. By default, this can be found at /home/runner/work/pos_v2/pos_v2/android/gradle/wrapper/gradle-wrapper.properties. 
build	Build Release APK	2026-09-18T06:37:31.1397713Z For more information, see https://docs.gradle.org/current/userguide/gradle_wrapper.html.
build	Build Release APK	2026-09-18T06:37:31.1399681Z 
build	Build Release APK	2026-09-18T06:37:31.1401103Z Warning: Flutter support for your project's Android Gradle Plugin version (Android Gradle Plugin version 8.11.1) will soon be dropped. Please upgrade your Android Gradle Plugin version to a version of at least Android Gradle Plugin version 9.0.1 soon.
build	Build Release APK	2026-09-18T06:37:31.1413279Z Alternatively, use the flag "--android-skip-build-dependency-validation" to bypass this check.
build	Build Release APK	2026-09-18T06:37:31.1414145Z 
build	Build Release APK	2026-09-18T06:37:31.1415394Z Potential fix: Your project's AGP version is typically defined in the plugins block of the `settings.gradle` file (/home/runner/work/pos_v2/pos_v2/android/settings.gradle), by a plugin with the id of com.android.application. 
build	Build Release APK	2026-09-18T06:37:31.1418425Z If you don't see a plugins block, your project was likely created with an older template version. In this case it is most likely defined in the top-level build.gradle file (/home/runner/work/pos_v2/pos_v2/android/build.gradle) by the following line in the dependencies block of the buildscript: "classpath 'com.android.tools.build:gradle:<version>'".
build	Build Release APK	2026-09-18T06:37:31.1420571Z 
build	Build Release APK	2026-09-18T06:37:31.1421477Z Warning: Flutter support for your project's Kotlin version (2.2.20) will soon be dropped. Please upgrade your Kotlin version to a version of at least 2.3.20 soon.
build	Build Release APK	2026-09-18T06:37:31.1422944Z Alternatively, use the flag "--android-skip-build-dependency-validation" to bypass this check.
build	Build Release APK	2026-09-18T06:37:31.1423679Z 
build	Build Release APK	2026-09-18T06:37:31.1424875Z Potential fix: Your project's KGP version is typically defined in the plugins block of the `settings.gradle` file (/home/runner/work/pos_v2/pos_v2/android/settings.gradle), by a plugin with the id of org.jetbrains.kotlin.android. 
build	Build Release APK	2026-09-18T06:37:31.1427358Z If you don't see a plugins block, your project was likely created with an older template version, in which case it is most likely defined in the top-level build.gradle file (/home/runner/work/pos_v2/pos_v2/android/build.gradle) by the ext.kotlin_version property.
build	Build Release APK	2026-09-18T06:37:31.1428774Z 
build	Build Release APK	2026-09-18T06:38:19.5212195Z Checking the license for package Android SDK Platform 31 in /usr/local/lib/android/sdk/licenses
build	Build Release APK	2026-09-18T06:38:19.5221373Z License for package Android SDK Platform 31 accepted.
build	Build Release APK	2026-09-18T06:38:19.5222704Z Preparing "Install Android SDK Platform 31 (revision 1)".
build	Build Release APK	2026-09-18T06:38:22.3195627Z "Install Android SDK Platform 31 (revision 1)" ready.
build	Build Release APK	2026-09-18T06:38:22.3196393Z Installing Android SDK Platform 31 in /usr/local/lib/android/sdk/platforms/android-31
build	Build Release APK	2026-09-18T06:38:22.3197451Z "Install Android SDK Platform 31 (revision 1)" complete.
build	Build Release APK	2026-09-18T06:38:22.5206335Z "Install Android SDK Platform 31 (revision 1)" finished.
build	Build Release APK	2026-09-18T06:38:22.6224564Z [=========                              ] 25%                                   
build	Build Release APK	2026-09-18T06:38:22.6245489Z [=========                              ] 25% Fetch remote repository...        
build	Build Release APK	2026-09-18T06:38:22.6246660Z [=======================================] 100% Fetch remote repository...       
build	Build Release APK	2026-09-18T06:38:30.2196280Z lib/views/about_view.dart:31:21: Error: Cannot invoke a non-'const' constructor where a const expression is expected.
build	Build Release APK	2026-09-18T06:38:30.2197757Z Try using a constructor or factory that is 'const'.
build	Build Release APK	2026-09-18T06:38:30.2198272Z       appBar: const AppAppBar(
build	Build Release APK	2026-09-18T06:38:30.2198667Z                     ^^^^^^^^^
build	Build Release APK	2026-09-18T06:38:35.0198268Z Target kernel_snapshot_program failed: Exception
build	Build Release APK	2026-09-18T06:38:35.0199092Z 
build	Build Release APK	2026-09-18T06:38:35.1230785Z 
build	Build Release APK	2026-09-18T06:38:35.1241341Z FAILURE: Build failed with an exception.
build	Build Release APK	2026-09-18T06:38:35.1242117Z 
build	Build Release APK	2026-09-18T06:38:35.1242559Z * What went wrong:
build	Build Release APK	2026-09-18T06:38:35.1243235Z Execution failed for task ':app:compileFlutterBuildRelease'.
build	Build Release APK	2026-09-18T06:38:35.1244496Z > Process 'command '/opt/hostedtoolcache/flutter/stable-3.47.4-x64/flutter/bin/flutter'' finished with non-zero exit value 1
build	Build Release APK	2026-09-18T06:38:35.1245377Z 
build	Build Release APK	2026-09-18T06:38:35.1245648Z * Try:
build	Build Release APK	2026-09-18T06:38:35.1246244Z > Run with --stacktrace option to get the stack trace.
build	Build Release APK	2026-09-18T06:38:35.1247043Z > Run with --info or --debug option to get more log output.
build	Build Release APK	2026-09-18T06:38:35.1247789Z > Run with --scan to get full insights.
build	Build Release APK	2026-09-18T06:38:35.1248497Z > Get more help at https://help.gradle.org.
build	Build Release APK	2026-09-18T06:38:35.1248903Z 
build	Build Release APK	2026-09-18T06:38:35.1249162Z BUILD FAILED in 2m 7s
build	Build Release APK	2026-09-18T06:38:35.5399109Z Running Gradle task 'assembleRelease'...                          127.7s
build	Build Release APK	2026-09-18T06:38:35.5920439Z Gradle task assembleRelease failed with exit code 1
build	Build Release APK	2026-09-18T06:38:35.5977695Z ##[error]Process completed with exit code 1.
build	Post Setup Flutter	﻿2026-09-18T06:38:35.6141086Z Post job cleanup.
build	Post Setup Flutter	2026-09-18T06:38:35.6145051Z ##[start-action display=Cache pub dependencies;id=__1bc08896-71a7-4a2c-96d9-c28eba1cef2a.cache-pub]
build	Post Setup Flutter	2026-09-18T06:38:35.6147040Z ##[end-action id=__1bc08896-71a7-4a2c-96d9-c28eba1cef2a.cache-pub;outcome=skipped;conclusion=skipped;duration_ms=0]
build	Post Setup Flutter	2026-09-18T06:38:35.6148684Z ##[start-action display=Cache Flutter;id=__1bc08896-71a7-4a2c-96d9-c28eba1cef2a.cache-flutter]
build	Post Setup Flutter	2026-09-18T06:38:35.6150664Z ##[end-action id=__1bc08896-71a7-4a2c-96d9-c28eba1cef2a.cache-flutter;outcome=skipped;conclusion=skipped;duration_ms=0]
build	Post Setup Java	﻿2026-09-18T06:38:35.6219517Z Post job cleanup.
build	Post Checkout	﻿2026-09-18T06:38:35.7570472Z Post job cleanup.
build	Post Checkout	2026-09-18T06:38:35.8435418Z [command]/usr/bin/git version
build	Post Checkout	2026-09-18T06:38:35.8471236Z git version 2.55.0
build	Post Checkout	2026-09-18T06:38:35.8503867Z Temporarily overriding HOME='/home/runner/work/_temp/8f80218c-756e-4d9b-b12f-14712508b1ef' before making global git config changes
build	Post Checkout	2026-09-18T06:38:35.8505362Z Adding repository directory to the temporary git global config as a safe directory
build	Post Checkout	2026-09-18T06:38:35.8531156Z [command]/usr/bin/git config --global --add safe.directory /home/runner/work/pos_v2/pos_v2
build	Post Checkout	2026-09-18T06:38:35.8544196Z [command]/usr/bin/git config --local --name-only --get-regexp core\.sshCommand
build	Post Checkout	2026-09-18T06:38:35.8573429Z [command]/usr/bin/git submodule foreach --recursive sh -c "git config --local --name-only --get-regexp 'core\.sshCommand' && git config --local --unset-all 'core.sshCommand' || :"
build	Post Checkout	2026-09-18T06:38:35.8773529Z [command]/usr/bin/git config --local --name-only --get-regexp http\.https\:\/\/github\.com\/\.extraheader
build	Post Checkout	2026-09-18T06:38:35.8796569Z http.https://github.com/.extraheader
build	Post Checkout	2026-09-18T06:38:35.8807522Z [command]/usr/bin/git config --local --unset-all http.https://github.com/.extraheader
build	Post Checkout	2026-09-18T06:38:35.8837344Z [command]/usr/bin/git submodule foreach --recursive sh -c "git config --local --name-only --get-regexp 'http\.https\:\/\/github\.com\/\.extraheader' && git config --local --unset-all 'http.https://github.com/.extraheader' || :"
build	Post Checkout	2026-09-18T06:38:35.9042091Z [command]/usr/bin/git config --local --name-only --get-regexp ^includeIf\.gitdir:
build	Post Checkout	2026-09-18T06:38:35.9075593Z [command]/usr/bin/git submodule foreach --recursive git config --local --show-origin --name-only --get-regexp remote.origin.url
build	Complete job	﻿2026-09-18T06:38:35.9496402Z Cleaning up orphan processes
build	Complete job	2026-09-18T06:38:35.9776095Z Terminate orphan process: pid (2829) (java)
