analyze	Set up job	﻿2026-09-19T01:23:05.9527812Z Current runner version: '2.337.0'
analyze	Set up job	2026-09-19T01:23:05.9549798Z ##[group]Runner Image Provisioner
analyze	Set up job	2026-09-19T01:23:05.9550590Z Hosted Compute Agent
analyze	Set up job	2026-09-19T01:23:05.9551086Z Version: 20260828.587
analyze	Set up job	2026-09-19T01:23:05.9551691Z Commit: abac92662cab4cc7352de4f9f9d2e2419aad9c29
analyze	Set up job	2026-09-19T01:23:05.9552331Z Build Date: 2026-08-28T16:44:25Z
analyze	Set up job	2026-09-19T01:23:05.9552872Z Worker ID: {64303ba6-8f65-41a6-ae6e-7666a2a02682}
analyze	Set up job	2026-09-19T01:23:05.9553524Z Azure Region: eastus
analyze	Set up job	2026-09-19T01:23:05.9553999Z ##[endgroup]
analyze	Set up job	2026-09-19T01:23:05.9555380Z ##[group]Operating System
analyze	Set up job	2026-09-19T01:23:05.9555962Z Ubuntu
analyze	Set up job	2026-09-19T01:23:05.9556399Z 24.04.5
analyze	Set up job	2026-09-19T01:23:05.9556882Z LTS
analyze	Set up job	2026-09-19T01:23:05.9557325Z ##[endgroup]
analyze	Set up job	2026-09-19T01:23:05.9557848Z ##[group]Runner Image
analyze	Set up job	2026-09-19T01:23:05.9558380Z Image: ubuntu-24.04
analyze	Set up job	2026-09-19T01:23:05.9558991Z Version: 20260907.300.1
analyze	Set up job	2026-09-19T01:23:05.9559920Z Included Software: https://github.com/actions/runner-images/blob/ubuntu24/20260907.300/images/ubuntu/Ubuntu2404-Readme.md
analyze	Set up job	2026-09-19T01:23:05.9561398Z Image Release: https://github.com/actions/runner-images/releases/tag/ubuntu24%2F20260907.300
analyze	Set up job	2026-09-19T01:23:05.9562256Z ##[endgroup]
analyze	Set up job	2026-09-19T01:23:05.9563206Z ##[group]GITHUB_TOKEN Permissions
analyze	Set up job	2026-09-19T01:23:05.9565030Z Contents: read
analyze	Set up job	2026-09-19T01:23:05.9565557Z Metadata: read
analyze	Set up job	2026-09-19T01:23:05.9566121Z Packages: read
analyze	Set up job	2026-09-19T01:23:05.9566588Z ##[endgroup]
analyze	Set up job	2026-09-19T01:23:05.9568343Z Secret source: Actions
analyze	Set up job	2026-09-19T01:23:05.9569505Z Cache mode: write
analyze	Set up job	2026-09-19T01:23:05.9570649Z Prepare workflow directory
analyze	Set up job	2026-09-19T01:23:05.9922858Z Prepare all required actions
analyze	Set up job	2026-09-19T01:23:05.9976773Z Getting action download info
analyze	Set up job	2026-09-19T01:23:06.1668312Z Download action repository 'actions/checkout@v5' (SHA:fbc6f3992d24b796d5a048ff273f7fcc4a7b6c09)
analyze	Set up job	2026-09-19T01:23:06.7550737Z Download action repository 'subosito/flutter-action@v2' (SHA:1a449444c387b1966244ae4d4f8c696479add0b2)
analyze	Set up job	2026-09-19T01:23:06.9617068Z Getting action download info
analyze	Set up job	2026-09-19T01:23:07.0287346Z Download action repository 'actions/cache@v5' (SHA:caa296126883cff596d87d8935842f9db880ef25)
analyze	Set up job	2026-09-19T01:23:07.2150398Z Complete job name: analyze
analyze	Checkout	﻿2026-09-19T01:23:07.2865827Z ##[group]Run actions/checkout@v5
analyze	Checkout	2026-09-19T01:23:07.2866933Z with:
analyze	Checkout	2026-09-19T01:23:07.2867582Z   repository: YusuP28/pos_v2
analyze	Checkout	2026-09-19T01:23:07.2874582Z   token: ***
analyze	Checkout	2026-09-19T01:23:07.2875230Z   ssh-strict: true
analyze	Checkout	2026-09-19T01:23:07.2875887Z   ssh-user: git
analyze	Checkout	2026-09-19T01:23:07.2876556Z   persist-credentials: true
analyze	Checkout	2026-09-19T01:23:07.2877290Z   clean: true
analyze	Checkout	2026-09-19T01:23:07.2877961Z   sparse-checkout-cone-mode: true
analyze	Checkout	2026-09-19T01:23:07.2878840Z   fetch-depth: 1
analyze	Checkout	2026-09-19T01:23:07.2879500Z   fetch-tags: false
analyze	Checkout	2026-09-19T01:23:07.2880197Z   show-progress: true
analyze	Checkout	2026-09-19T01:23:07.2880873Z   lfs: false
analyze	Checkout	2026-09-19T01:23:07.2881500Z   submodules: false
analyze	Checkout	2026-09-19T01:23:07.2882185Z   set-safe-directory: true
analyze	Checkout	2026-09-19T01:23:07.2882954Z   allow-unsafe-pr-checkout: false
analyze	Checkout	2026-09-19T01:23:07.2883924Z ##[endgroup]
analyze	Checkout	2026-09-19T01:23:07.3752491Z Syncing repository: YusuP28/pos_v2
analyze	Checkout	2026-09-19T01:23:07.3754872Z ##[group]Getting Git version info
analyze	Checkout	2026-09-19T01:23:07.3755879Z Working directory is '/home/runner/work/pos_v2/pos_v2'
analyze	Checkout	2026-09-19T01:23:07.3757504Z [command]/usr/bin/git version
analyze	Checkout	2026-09-19T01:23:07.3809982Z git version 2.55.0
analyze	Checkout	2026-09-19T01:23:07.3847951Z ##[endgroup]
analyze	Checkout	2026-09-19T01:23:07.3856191Z Temporarily overriding HOME='/home/runner/work/_temp/dbccee36-7abe-4be3-a3f7-0be8f8b3c31b' before making global git config changes
analyze	Checkout	2026-09-19T01:23:07.3858274Z Adding repository directory to the temporary git global config as a safe directory
analyze	Checkout	2026-09-19T01:23:07.3860412Z [command]/usr/bin/git config --global --add safe.directory /home/runner/work/pos_v2/pos_v2
analyze	Checkout	2026-09-19T01:23:07.3911666Z Deleting the contents of '/home/runner/work/pos_v2/pos_v2'
analyze	Checkout	2026-09-19T01:23:07.3919611Z ##[group]Initializing the repository
analyze	Checkout	2026-09-19T01:23:07.3922546Z [command]/usr/bin/git init /home/runner/work/pos_v2/pos_v2
analyze	Checkout	2026-09-19T01:23:07.4038898Z hint: Using 'master' as the name for the initial branch. This default branch name
analyze	Checkout	2026-09-19T01:23:07.4042706Z hint: will change to "main" in Git 3.0. To configure the initial branch name
analyze	Checkout	2026-09-19T01:23:07.4047114Z hint: to use in all of your new repositories, which will suppress this warning,
analyze	Checkout	2026-09-19T01:23:07.4049761Z hint: call:
analyze	Checkout	2026-09-19T01:23:07.4051023Z hint:
analyze	Checkout	2026-09-19T01:23:07.4052227Z hint: 	git config --global init.defaultBranch <name>
analyze	Checkout	2026-09-19T01:23:07.4053588Z hint:
analyze	Checkout	2026-09-19T01:23:07.4054657Z hint: Names commonly chosen instead of 'master' are 'main', 'trunk' and
analyze	Checkout	2026-09-19T01:23:07.4056063Z hint: 'development'. The just-created branch can be renamed via this command:
analyze	Checkout	2026-09-19T01:23:07.4057578Z hint:
analyze	Checkout	2026-09-19T01:23:07.4058515Z hint: 	git branch -m <name>
analyze	Checkout	2026-09-19T01:23:07.4059729Z hint:
analyze	Checkout	2026-09-19T01:23:07.4061147Z hint: Disable this message with "git config set advice.defaultBranchName false"
analyze	Checkout	2026-09-19T01:23:07.4063286Z Initialized empty Git repository in /home/runner/work/pos_v2/pos_v2/.git/
analyze	Checkout	2026-09-19T01:23:07.4067106Z [command]/usr/bin/git remote add origin https://github.com/YusuP28/pos_v2
analyze	Checkout	2026-09-19T01:23:07.4101818Z ##[endgroup]
analyze	Checkout	2026-09-19T01:23:07.4103552Z ##[group]Disabling automatic garbage collection
analyze	Checkout	2026-09-19T01:23:07.4105139Z [command]/usr/bin/git config --local gc.auto 0
analyze	Checkout	2026-09-19T01:23:07.4135477Z ##[endgroup]
analyze	Checkout	2026-09-19T01:23:07.4137150Z ##[group]Setting up auth
analyze	Checkout	2026-09-19T01:23:07.4141515Z [command]/usr/bin/git config --local --name-only --get-regexp core\.sshCommand
analyze	Checkout	2026-09-19T01:23:07.4181775Z [command]/usr/bin/git submodule foreach --recursive sh -c "git config --local --name-only --get-regexp 'core\.sshCommand' && git config --local --unset-all 'core.sshCommand' || :"
analyze	Checkout	2026-09-19T01:23:07.4526349Z [command]/usr/bin/git config --local --name-only --get-regexp http\.https\:\/\/github\.com\/\.extraheader
analyze	Checkout	2026-09-19T01:23:07.4569058Z [command]/usr/bin/git submodule foreach --recursive sh -c "git config --local --name-only --get-regexp 'http\.https\:\/\/github\.com\/\.extraheader' && git config --local --unset-all 'http.https://github.com/.extraheader' || :"
analyze	Checkout	2026-09-19T01:23:07.4766998Z [command]/usr/bin/git config --local --name-only --get-regexp ^includeIf\.gitdir:
analyze	Checkout	2026-09-19T01:23:07.4803703Z [command]/usr/bin/git submodule foreach --recursive git config --local --show-origin --name-only --get-regexp remote.origin.url
analyze	Checkout	2026-09-19T01:23:07.5014977Z [command]/usr/bin/git config --local http.https://github.com/.extraheader AUTHORIZATION: basic ***
analyze	Checkout	2026-09-19T01:23:07.5052334Z ##[endgroup]
analyze	Checkout	2026-09-19T01:23:07.5054275Z ##[group]Fetching the repository
analyze	Checkout	2026-09-19T01:23:07.5062872Z [command]/usr/bin/git -c protocol.version=2 fetch --no-tags --prune --no-recurse-submodules --depth=1 origin +5319fbaa7c74b46e66711dcf2094a2eb98886672:refs/remotes/origin/main
analyze	Checkout	2026-09-19T01:23:07.8169096Z From https://github.com/YusuP28/pos_v2
analyze	Checkout	2026-09-19T01:23:07.8171845Z  * [new ref]         5319fbaa7c74b46e66711dcf2094a2eb98886672 -> origin/main
analyze	Checkout	2026-09-19T01:23:07.8176350Z ##[endgroup]
analyze	Checkout	2026-09-19T01:23:07.8178112Z ##[group]Determining the checkout info
analyze	Checkout	2026-09-19T01:23:07.8180214Z ##[endgroup]
analyze	Checkout	2026-09-19T01:23:07.8181378Z [command]/usr/bin/git sparse-checkout disable
analyze	Checkout	2026-09-19T01:23:07.8229925Z [command]/usr/bin/git config --local --unset-all extensions.worktreeConfig
analyze	Checkout	2026-09-19T01:23:07.8259766Z ##[group]Checking out the ref
analyze	Checkout	2026-09-19T01:23:07.8263377Z [command]/usr/bin/git checkout --progress --force -B main refs/remotes/origin/main
analyze	Checkout	2026-09-19T01:23:07.8359215Z Switched to a new branch 'main'
analyze	Checkout	2026-09-19T01:23:07.8365266Z branch 'main' set up to track 'origin/main'.
analyze	Checkout	2026-09-19T01:23:07.8369899Z ##[endgroup]
analyze	Checkout	2026-09-19T01:23:07.8407575Z [command]/usr/bin/git log -1 --format=%H
analyze	Checkout	2026-09-19T01:23:07.8431852Z 5319fbaa7c74b46e66711dcf2094a2eb98886672
analyze	Setup Flutter	﻿2026-09-19T01:23:07.8971827Z ##[group]Run subosito/flutter-action@v2
analyze	Setup Flutter	2026-09-19T01:23:07.8972757Z with:
analyze	Setup Flutter	2026-09-19T01:23:07.8973393Z   channel: stable
analyze	Setup Flutter	2026-09-19T01:23:07.8974063Z   cache: true
analyze	Setup Flutter	2026-09-19T01:23:07.8974722Z   architecture: X64
analyze	Setup Flutter	2026-09-19T01:23:07.8975427Z   pub-cache-path: default
analyze	Setup Flutter	2026-09-19T01:23:07.8976364Z   dry-run: false
analyze	Setup Flutter	2026-09-19T01:23:07.8977199Z   git-source: https://github.com/flutter/flutter.git
analyze	Setup Flutter	2026-09-19T01:23:07.8978140Z ##[endgroup]
analyze	Setup Flutter	2026-09-19T01:23:07.9038960Z ##[start-action display=Make yq tool available on Windows runners;id=__subosito_flutter-action.__run]
analyze	Setup Flutter	2026-09-19T01:23:07.9066442Z ##[end-action id=__subosito_flutter-action.__run;outcome=skipped;conclusion=skipped;duration_ms=0]
analyze	Setup Flutter	2026-09-19T01:23:07.9071819Z ##[start-action display=Make setup script executable;id=__subosito_flutter-action.__run_2]
analyze	Setup Flutter	2026-09-19T01:23:07.9119185Z ##[group]Run chmod +x "$GITHUB_ACTION_PATH/setup.sh"
analyze	Setup Flutter	2026-09-19T01:23:07.9120349Z ^[[36;1mchmod +x "$GITHUB_ACTION_PATH/setup.sh"^[[0m
analyze	Setup Flutter	2026-09-19T01:23:07.9161413Z shell: /usr/bin/bash --noprofile --norc -e -o pipefail {0}
analyze	Setup Flutter	2026-09-19T01:23:07.9162567Z ##[endgroup]
analyze	Setup Flutter	2026-09-19T01:23:07.9284876Z ##[end-action id=__subosito_flutter-action.__run_2;outcome=success;conclusion=success;duration_ms=21]
analyze	Setup Flutter	2026-09-19T01:23:07.9293231Z ##[start-action display=Set action inputs;id=__subosito_flutter-action.flutter-action]
analyze	Setup Flutter	2026-09-19T01:23:07.9355455Z ##[group]Run $GITHUB_ACTION_PATH/setup.sh -p \
analyze	Setup Flutter	2026-09-19T01:23:07.9356555Z ^[[36;1m$GITHUB_ACTION_PATH/setup.sh -p \^[[0m
analyze	Setup Flutter	2026-09-19T01:23:07.9357439Z ^[[36;1m  -n '' \^[[0m
analyze	Setup Flutter	2026-09-19T01:23:07.9358165Z ^[[36;1m  -f '' \^[[0m
analyze	Setup Flutter	2026-09-19T01:23:07.9359116Z ^[[36;1m  -a 'X64' \^[[0m
analyze	Setup Flutter	2026-09-19T01:23:07.9359834Z ^[[36;1m  -k '' \^[[0m
analyze	Setup Flutter	2026-09-19T01:23:07.9360512Z ^[[36;1m  -c '' \^[[0m
analyze	Setup Flutter	2026-09-19T01:23:07.9361190Z ^[[36;1m  -l '' \^[[0m
analyze	Setup Flutter	2026-09-19T01:23:07.9361881Z ^[[36;1m  -d 'default' \^[[0m
analyze	Setup Flutter	2026-09-19T01:23:07.9362774Z ^[[36;1m  -g 'https://github.com/flutter/flutter.git' \^[[0m
analyze	Setup Flutter	2026-09-19T01:23:07.9363730Z ^[[36;1m  stable^[[0m
analyze	Setup Flutter	2026-09-19T01:23:07.9402395Z shell: /usr/bin/bash --noprofile --norc -e -o pipefail {0}
analyze	Setup Flutter	2026-09-19T01:23:07.9403828Z ##[endgroup]
analyze	Setup Flutter	2026-09-19T01:23:08.1007867Z ##[end-action id=__subosito_flutter-action.flutter-action;outcome=success;conclusion=success;duration_ms=171]
analyze	Setup Flutter	2026-09-19T01:23:08.1016032Z ##[start-action display=Cache Flutter;id=__subosito_flutter-action.cache-flutter]
analyze	Setup Flutter	2026-09-19T01:23:08.1100207Z ##[group]Run actions/cache@v5
analyze	Setup Flutter	2026-09-19T01:23:08.1100984Z with:
analyze	Setup Flutter	2026-09-19T01:23:08.1101727Z   path: /opt/hostedtoolcache/flutter/stable-3.47.5-x64
analyze	Setup Flutter	2026-09-19T01:23:08.1103035Z   key: flutter-linux-stable-3.47.5-x64-6a19cca56475dbfba1478ee68d7bd0c2ef891da1
analyze	Setup Flutter	2026-09-19T01:23:08.1104250Z   enableCrossOsArchive: false
analyze	Setup Flutter	2026-09-19T01:23:08.1105028Z   fail-on-cache-miss: false
analyze	Setup Flutter	2026-09-19T01:23:08.1105755Z   lookup-only: false
analyze	Setup Flutter	2026-09-19T01:23:08.1106426Z   save-always: false
analyze	Setup Flutter	2026-09-19T01:23:08.1107089Z ##[endgroup]
analyze	Setup Flutter	2026-09-19T01:23:08.2737882Z Cache not found for input keys: flutter-linux-stable-3.47.5-x64-6a19cca56475dbfba1478ee68d7bd0c2ef891da1
analyze	Setup Flutter	2026-09-19T01:23:08.2814156Z ##[end-action id=__subosito_flutter-action.cache-flutter;outcome=success;conclusion=success;duration_ms=179]
analyze	Setup Flutter	2026-09-19T01:23:08.2820696Z ##[start-action display=Cache pub dependencies;id=__subosito_flutter-action.cache-pub]
analyze	Setup Flutter	2026-09-19T01:23:08.3475984Z ##[group]Run actions/cache@v5
analyze	Setup Flutter	2026-09-19T01:23:08.3476781Z with:
analyze	Setup Flutter	2026-09-19T01:23:08.3477414Z   path: /home/runner/.pub-cache
analyze	Setup Flutter	2026-09-19T01:23:08.3478855Z   key: flutter-pub-linux-stable-3.47.5-x64-6a19cca56475dbfba1478ee68d7bd0c2ef891da1-
analyze	Setup Flutter	2026-09-19T01:23:08.3480136Z   enableCrossOsArchive: false
analyze	Setup Flutter	2026-09-19T01:23:08.3480905Z   fail-on-cache-miss: false
analyze	Setup Flutter	2026-09-19T01:23:08.3481630Z   lookup-only: false
analyze	Setup Flutter	2026-09-19T01:23:08.3482304Z   save-always: false
analyze	Setup Flutter	2026-09-19T01:23:08.3482963Z ##[endgroup]
analyze	Setup Flutter	2026-09-19T01:23:08.5030558Z Cache not found for input keys: flutter-pub-linux-stable-3.47.5-x64-6a19cca56475dbfba1478ee68d7bd0c2ef891da1-
analyze	Setup Flutter	2026-09-19T01:23:08.5116391Z ##[end-action id=__subosito_flutter-action.cache-pub;outcome=success;conclusion=success;duration_ms=229]
analyze	Setup Flutter	2026-09-19T01:23:08.5122696Z ##[start-action display=Run setup script;id=__subosito_flutter-action.__run_3]
analyze	Setup Flutter	2026-09-19T01:23:08.5186783Z ##[group]Run $GITHUB_ACTION_PATH/setup.sh \
analyze	Setup Flutter	2026-09-19T01:23:08.5187776Z ^[[36;1m$GITHUB_ACTION_PATH/setup.sh \^[[0m
analyze	Setup Flutter	2026-09-19T01:23:08.5188986Z ^[[36;1m  -n '3.47.5' \^[[0m
analyze	Setup Flutter	2026-09-19T01:23:08.5189710Z ^[[36;1m  -a 'x64' \^[[0m
analyze	Setup Flutter	2026-09-19T01:23:08.5190590Z ^[[36;1m  -c '/opt/hostedtoolcache/flutter/stable-3.47.5-x64' \^[[0m
analyze	Setup Flutter	2026-09-19T01:23:08.5191615Z ^[[36;1m  -d '/home/runner/.pub-cache' \^[[0m
analyze	Setup Flutter	2026-09-19T01:23:08.5192433Z ^[[36;1m  stable^[[0m
analyze	Setup Flutter	2026-09-19T01:23:08.5230126Z shell: /usr/bin/bash --noprofile --norc -e -o pipefail {0}
analyze	Setup Flutter	2026-09-19T01:23:08.5231092Z ##[endgroup]
analyze	Setup Flutter	2026-09-19T01:23:08.6554143Z   % Total    % Received % Xferd  Average Speed   Time    Time     Time  Current
analyze	Setup Flutter	2026-09-19T01:23:09.2454243Z                                  Dload  Upload   Total   Spent    Left  Speed
analyze	Setup Flutter	2026-09-19T01:23:09.2455764Z 
analyze	Setup Flutter	2026-09-19T01:23:09.2455991Z   0     0    0     0    0     0      0      0 --:--:-- --:--:-- --:--:--     0
analyze	Setup Flutter	2026-09-19T01:23:10.2465117Z  11 1503M   11  169M    0     0   287M      0  0:00:05 --:--:--  0:00:05  287M
analyze	Setup Flutter	2026-09-19T01:23:11.2487911Z  33 1503M   33  507M    0     0   318M      0  0:00:04  0:00:01  0:00:03  318M
analyze	Setup Flutter	2026-09-19T01:23:12.2466760Z  56 1503M   56  854M    0     0   329M      0  0:00:04  0:00:02  0:00:02  329M
analyze	Setup Flutter	2026-09-19T01:23:13.0339978Z  80 1503M   80 1208M    0     0   336M      0  0:00:04  0:00:03  0:00:01  336M
analyze	Setup Flutter	2026-09-19T01:23:13.0340659Z 100 1503M  100 1503M    0     0   343M      0  0:00:04  0:00:04 --:--:--  343M
analyze	Setup Flutter	2026-09-19T01:23:55.5163567Z ##[end-action id=__subosito_flutter-action.__run_3;outcome=success;conclusion=success;duration_ms=47003]
analyze	Get Dependencies	﻿2026-09-19T01:23:55.5222079Z ##[group]Run flutter pub get
analyze	Get Dependencies	2026-09-19T01:23:55.5222353Z ^[[36;1mflutter pub get^[[0m
analyze	Get Dependencies	2026-09-19T01:23:55.5276334Z shell: /usr/bin/bash -e {0}
analyze	Get Dependencies	2026-09-19T01:23:55.5276617Z env:
analyze	Get Dependencies	2026-09-19T01:23:55.5276901Z   FLUTTER_ROOT: /opt/hostedtoolcache/flutter/stable-3.47.5-x64/flutter
analyze	Get Dependencies	2026-09-19T01:23:55.5277230Z   PUB_CACHE: /home/runner/.pub-cache
analyze	Get Dependencies	2026-09-19T01:23:55.5277469Z ##[endgroup]
analyze	Get Dependencies	2026-09-19T01:23:58.4548310Z Resolving dependencies...
analyze	Get Dependencies	2026-09-19T01:23:58.7994737Z Downloading packages...
analyze	Get Dependencies	2026-09-19T01:24:02.7886584Z + archive 3.6.1 (4.3.0 available)
analyze	Get Dependencies	2026-09-19T01:24:02.7887111Z + args 2.7.0
analyze	Get Dependencies	2026-09-19T01:24:02.7888304Z + async 2.13.1
analyze	Get Dependencies	2026-09-19T01:24:02.7888965Z + blue_thermal_printer 1.2.3
analyze	Get Dependencies	2026-09-19T01:24:02.7889301Z + bluez 0.8.3
analyze	Get Dependencies	2026-09-19T01:24:02.7889588Z + boolean_selector 2.1.2
analyze	Get Dependencies	2026-09-19T01:24:02.7889915Z + characters 1.4.1
analyze	Get Dependencies	2026-09-19T01:24:02.7890163Z + clock 1.1.3
analyze	Get Dependencies	2026-09-19T01:24:02.7890390Z + code_assets 2.1.0
analyze	Get Dependencies	2026-09-19T01:24:02.7890635Z + collection 1.19.1
analyze	Get Dependencies	2026-09-19T01:24:02.7890877Z + cross_file 0.3.5+5
analyze	Get Dependencies	2026-09-19T01:24:02.7891219Z + crypto 3.0.7
analyze	Get Dependencies	2026-09-19T01:24:02.7891455Z + csslib 1.0.2
analyze	Get Dependencies	2026-09-19T01:24:02.7891688Z + cupertino_icons 1.0.9
analyze	Get Dependencies	2026-09-19T01:24:02.7892009Z + dbus 0.7.15 (0.8.0 available)
analyze	Get Dependencies	2026-09-19T01:24:02.7892326Z + esc_pos_utils 1.1.0
analyze	Get Dependencies	2026-09-19T01:24:02.7892583Z + fake_async 1.3.3
analyze	Get Dependencies	2026-09-19T01:24:02.7892811Z + ffi 2.2.0
analyze	Get Dependencies	2026-09-19T01:24:02.7893034Z + file 7.0.1
analyze	Get Dependencies	2026-09-19T01:24:02.7893289Z + file_selector_linux 0.9.4+1
analyze	Get Dependencies	2026-09-19T01:24:02.7893596Z + file_selector_macos 0.9.5+1
analyze	Get Dependencies	2026-09-19T01:24:02.7893917Z + file_selector_platform_interface 2.7.0
analyze	Get Dependencies	2026-09-19T01:24:02.7894314Z + file_selector_windows 0.9.3+6
analyze	Get Dependencies	2026-09-19T01:24:02.7894608Z + flutter 0.0.0 from sdk flutter
analyze	Get Dependencies	2026-09-19T01:24:02.7894926Z + flutter_blue_plus 1.36.8 (2.3.12 available)
analyze	Get Dependencies	2026-09-19T01:24:02.7895310Z + flutter_blue_plus_android 7.0.4 (9.0.3 available)
analyze	Get Dependencies	2026-09-19T01:24:02.7895737Z + flutter_blue_plus_darwin 7.0.3 (9.0.4 available)
analyze	Get Dependencies	2026-09-19T01:24:02.7896134Z + flutter_blue_plus_linux 7.0.3 (9.0.3 available)
analyze	Get Dependencies	2026-09-19T01:24:02.7896608Z + flutter_blue_plus_platform_interface 7.0.0 (9.0.3 available)
analyze	Get Dependencies	2026-09-19T01:24:02.7897062Z + flutter_blue_plus_web 7.0.2 (9.0.3 available)
analyze	Get Dependencies	2026-09-19T01:24:02.7897440Z + flutter_lints 5.0.0 (6.0.0 available)
analyze	Get Dependencies	2026-09-19T01:24:02.7897779Z + flutter_plugin_android_lifecycle 2.0.35
analyze	Get Dependencies	2026-09-19T01:24:02.7898125Z + flutter_test 0.0.0 from sdk flutter
analyze	Get Dependencies	2026-09-19T01:24:02.7898500Z + flutter_web_plugins 0.0.0 from sdk flutter
analyze	Get Dependencies	2026-09-19T01:24:02.7898993Z + gbk_codec 0.4.0
analyze	Get Dependencies	2026-09-19T01:24:02.7899256Z + hex 0.2.0
analyze	Get Dependencies	2026-09-19T01:24:02.7899888Z + hooks 2.2.0
analyze	Get Dependencies	2026-09-19T01:24:02.7900139Z + html 0.15.7
analyze	Get Dependencies	2026-09-19T01:24:02.7900385Z + http 1.6.0
analyze	Get Dependencies	2026-09-19T01:24:02.7900643Z + http_parser 4.1.2
analyze	Get Dependencies	2026-09-19T01:24:02.7900929Z + image 3.3.0 (4.10.1 available)
analyze	Get Dependencies	2026-09-19T01:24:02.7901263Z + image_picker 1.2.3
analyze	Get Dependencies	2026-09-19T01:24:02.7901553Z + image_picker_android 0.8.13+23
analyze	Get Dependencies	2026-09-19T01:24:02.7901878Z + image_picker_for_web 3.1.1
analyze	Get Dependencies	2026-09-19T01:24:02.7902201Z + image_picker_ios 0.8.13+7
analyze	Get Dependencies	2026-09-19T01:24:02.7902529Z + image_picker_linux 0.2.2
analyze	Get Dependencies	2026-09-19T01:24:02.7902845Z + image_picker_macos 0.2.2+1
analyze	Get Dependencies	2026-09-19T01:24:02.7903180Z + image_picker_platform_interface 2.11.1
analyze	Get Dependencies	2026-09-19T01:24:02.7903545Z + image_picker_windows 0.2.2
analyze	Get Dependencies	2026-09-19T01:24:02.7903849Z + intl 0.20.3
analyze	Get Dependencies	2026-09-19T01:24:02.7904100Z + jni 1.0.3
analyze	Get Dependencies	2026-09-19T01:24:02.7904353Z + jni_flutter 1.0.3
analyze	Get Dependencies	2026-09-19T01:24:02.7904620Z + jni_util 1.0.0
analyze	Get Dependencies	2026-09-19T01:24:02.7904892Z + leak_tracker 11.0.2
analyze	Get Dependencies	2026-09-19T01:24:02.7905202Z + leak_tracker_flutter_testing 3.0.10
analyze	Get Dependencies	2026-09-19T01:24:02.7905569Z + leak_tracker_testing 3.0.2
analyze	Get Dependencies	2026-09-19T01:24:02.7905881Z + lints 5.1.1 (6.1.0 available)
analyze	Get Dependencies	2026-09-19T01:24:02.7906192Z + logging 1.3.0
analyze	Get Dependencies	2026-09-19T01:24:02.7906464Z + matcher 0.12.20
analyze	Get Dependencies	2026-09-19T01:24:02.7906785Z + material_color_utilities 0.13.0 (0.13.1 available)
analyze	Get Dependencies	2026-09-19T01:24:02.7907172Z + meta 1.19.0
analyze	Get Dependencies	2026-09-19T01:24:02.7907424Z + mime 2.1.0
analyze	Get Dependencies	2026-09-19T01:24:02.7907685Z + mobile_scanner 7.4.2
analyze	Get Dependencies	2026-09-19T01:24:02.7907966Z + nested 1.0.0
analyze	Get Dependencies	2026-09-19T01:24:02.7908239Z + objective_c 9.6.0
analyze	Get Dependencies	2026-09-19T01:24:02.7908980Z + package_config 3.0.0
analyze	Get Dependencies	2026-09-19T01:24:02.7909322Z + package_info_plus 8.3.1 (10.2.1 available)
analyze	Get Dependencies	2026-09-19T01:24:02.7909718Z + package_info_plus_platform_interface 3.2.1 (4.1.0 available)
analyze	Get Dependencies	2026-09-19T01:24:02.7910117Z + path 1.9.1
analyze	Get Dependencies	2026-09-19T01:24:02.7910385Z + path_provider 2.1.6
analyze	Get Dependencies	2026-09-19T01:24:02.7910688Z + path_provider_android 2.3.1
analyze	Get Dependencies	2026-09-19T01:24:02.7911022Z + path_provider_foundation 2.6.0
analyze	Get Dependencies	2026-09-19T01:24:02.7911367Z + path_provider_linux 2.2.2
analyze	Get Dependencies	2026-09-19T01:24:02.7911699Z + path_provider_platform_interface 2.1.3
analyze	Get Dependencies	2026-09-19T01:24:02.7912066Z + path_provider_windows 2.3.0
analyze	Get Dependencies	2026-09-19T01:24:02.7912376Z + petitparser 7.0.2
analyze	Get Dependencies	2026-09-19T01:24:02.7912648Z + platform 3.2.0
analyze	Get Dependencies	2026-09-19T01:24:02.7912929Z + plugin_platform_interface 2.1.8
analyze	Get Dependencies	2026-09-19T01:24:02.7913233Z + provider 6.1.5+1
analyze	Get Dependencies	2026-09-19T01:24:02.7913492Z + pub_semver 2.2.1
analyze	Get Dependencies	2026-09-19T01:24:02.7913754Z + qr 3.0.2 (4.0.0 available)
analyze	Get Dependencies	2026-09-19T01:24:02.7914028Z + qr_flutter 4.1.0
analyze	Get Dependencies	2026-09-19T01:24:02.7914285Z + record_use 1.1.1
analyze	Get Dependencies	2026-09-19T01:24:02.7914551Z + rxdart 0.28.0
analyze	Get Dependencies	2026-09-19T01:24:02.7914826Z + shared_preferences 2.5.5
analyze	Get Dependencies	2026-09-19T01:24:02.7915145Z + shared_preferences_android 2.4.28
analyze	Get Dependencies	2026-09-19T01:24:02.7915503Z + shared_preferences_foundation 2.5.7
analyze	Get Dependencies	2026-09-19T01:24:02.7915856Z + shared_preferences_linux 2.4.1
analyze	Get Dependencies	2026-09-19T01:24:02.7916217Z + shared_preferences_platform_interface 2.4.2
analyze	Get Dependencies	2026-09-19T01:24:02.7916593Z + shared_preferences_web 2.4.3
analyze	Get Dependencies	2026-09-19T01:24:02.7916974Z + shared_preferences_windows 2.4.1
analyze	Get Dependencies	2026-09-19T01:24:02.7917318Z + sky_engine 0.0.0 from sdk flutter
analyze	Get Dependencies	2026-09-19T01:24:02.7917634Z + source_span 1.10.2
analyze	Get Dependencies	2026-09-19T01:24:02.7917907Z + sqflite 2.4.4
analyze	Get Dependencies	2026-09-19T01:24:02.7918167Z + sqflite_android 2.4.4
analyze	Get Dependencies	2026-09-19T01:24:02.7918446Z + sqflite_common 2.5.13
analyze	Get Dependencies	2026-09-19T01:24:02.7918890Z + sqflite_darwin 2.4.4
analyze	Get Dependencies	2026-09-19T01:24:02.7919180Z + sqflite_platform_interface 2.4.2
analyze	Get Dependencies	2026-09-19T01:24:02.7919495Z + stack_trace 1.12.2
analyze	Get Dependencies	2026-09-19T01:24:02.7919775Z + stream_channel 2.1.4
analyze	Get Dependencies	2026-09-19T01:24:02.7920051Z + string_scanner 1.4.1
analyze	Get Dependencies	2026-09-19T01:24:02.7920333Z + synchronized 3.4.2
analyze	Get Dependencies	2026-09-19T01:24:02.7920603Z + term_glyph 1.2.2
analyze	Get Dependencies	2026-09-19T01:24:02.7920872Z + test_api 0.7.12 (0.7.14 available)
analyze	Get Dependencies	2026-09-19T01:24:02.7921186Z + typed_data 1.4.0
analyze	Get Dependencies	2026-09-19T01:24:02.7921449Z + vector_math 2.4.3
analyze	Get Dependencies	2026-09-19T01:24:02.7921710Z + vm_service 15.3.0
analyze	Get Dependencies	2026-09-19T01:24:02.7921958Z + web 1.1.1
analyze	Get Dependencies	2026-09-19T01:24:02.7922208Z + win32 5.15.0 (6.4.0 available)
analyze	Get Dependencies	2026-09-19T01:24:02.7922513Z + xdg_directories 1.1.0
analyze	Get Dependencies	2026-09-19T01:24:02.7922797Z + xml 6.6.1 (7.0.1 available)
analyze	Get Dependencies	2026-09-19T01:24:02.7923286Z + yaml 3.1.4
analyze	Get Dependencies	2026-09-19T01:24:02.7923567Z Changed 112 dependencies!
analyze	Get Dependencies	2026-09-19T01:24:02.7924006Z 18 packages have newer versions incompatible with dependency constraints.
analyze	Get Dependencies	2026-09-19T01:24:02.7924523Z Try `flutter pub outdated` for more information.
analyze	Get Dependencies	2026-09-19T01:24:02.9191432Z Upgrading analysis_options.yaml to exclude build and platform directories.
analyze	Flutter Analyze	﻿2026-09-19T01:24:03.2089893Z ##[group]Run flutter analyze --no-fatal-infos --no-fatal-warnings
analyze	Flutter Analyze	2026-09-19T01:24:03.2090329Z ^[[36;1mflutter analyze --no-fatal-infos --no-fatal-warnings^[[0m
analyze	Flutter Analyze	2026-09-19T01:24:03.2123514Z shell: /usr/bin/bash -e {0}
analyze	Flutter Analyze	2026-09-19T01:24:03.2123732Z env:
analyze	Flutter Analyze	2026-09-19T01:24:03.2123983Z   FLUTTER_ROOT: /opt/hostedtoolcache/flutter/stable-3.47.5-x64/flutter
analyze	Flutter Analyze	2026-09-19T01:24:03.2124301Z   PUB_CACHE: /home/runner/.pub-cache
analyze	Flutter Analyze	2026-09-19T01:24:03.2124517Z ##[endgroup]
analyze	Flutter Analyze	2026-09-19T01:24:13.9237225Z Analyzing pos_v2...                                             
analyze	Flutter Analyze	2026-09-19T01:24:13.9242970Z 
analyze	Flutter Analyze	2026-09-19T01:24:13.9271363Z warning • Unused import: 'package:path_provider/path_provider.dart'. Try removing the import directive • lib/core/services/export_service.dart:5:8 • unused_import
analyze	Flutter Analyze	2026-09-19T01:24:13.9272996Z warning • Unused import: 'package:sqflite/sqflite.dart'. Try removing the import directive • lib/core/services/export_service.dart:6:8 • unused_import
analyze	Flutter Analyze	2026-09-19T01:24:13.9280448Z    info • Don't use 'BuildContext's across async gaps. Try rewriting the code to not use the 'BuildContext', or guard the use with a 'mounted' check • lib/views/category_list_view.dart:19:28 • use_build_context_synchronously
analyze	Flutter Analyze	2026-09-19T01:24:13.9282531Z warning • The declaration '_deleteCategory' isn't referenced. Try removing the declaration of '_deleteCategory' • lib/views/expense_view.dart:180:16 • unused_element
analyze	Flutter Analyze	2026-09-19T01:24:13.9291005Z    info • Don't use 'BuildContext's across async gaps. Try rewriting the code to not use the 'BuildContext', or guard the use with a 'mounted' check • lib/views/expense_view.dart:215:23 • use_build_context_synchronously
analyze	Flutter Analyze	2026-09-19T01:24:13.9293223Z    info • Don't use 'BuildContext's across async gaps. Try rewriting the code to not use the 'BuildContext', or guard the use with a 'mounted' check • lib/views/expense_view.dart:216:7 • use_build_context_synchronously
analyze	Flutter Analyze	2026-09-19T01:24:13.9295320Z    info • Don't use 'BuildContext's across async gaps. Try rewriting the code to not use the 'BuildContext', or guard the use with a 'mounted' check • lib/views/expense_view.dart:286:11 • use_build_context_synchronously
analyze	Flutter Analyze	2026-09-19T01:24:13.9299695Z    info • Don't use 'BuildContext's across async gaps. Try rewriting the code to not use the 'BuildContext', or guard the use with a 'mounted' check • lib/views/home_view.dart:38:20 • use_build_context_synchronously
analyze	Flutter Analyze	2026-09-19T01:24:13.9301742Z    info • Don't use 'BuildContext's across async gaps. Try rewriting the code to not use the 'BuildContext', or guard the use with a 'mounted' check • lib/views/home_view.dart:39:7 • use_build_context_synchronously
analyze	Flutter Analyze	2026-09-19T01:24:13.9303785Z    info • Don't use 'BuildContext's across async gaps. Try rewriting the code to not use the 'BuildContext', or guard the use with a 'mounted' check • lib/views/home_view.dart:42:7 • use_build_context_synchronously
analyze	Flutter Analyze	2026-09-19T01:24:13.9305735Z    info • Don't use 'BuildContext's across async gaps. Try rewriting the code to not use the 'BuildContext', or guard the use with a 'mounted' check • lib/views/home_view.dart:45:7 • use_build_context_synchronously
analyze	Flutter Analyze	2026-09-19T01:24:13.9315700Z    info • Don't use 'BuildContext's across async gaps. Try rewriting the code to not use the 'BuildContext', or guard the use with a 'mounted' check • lib/views/info_toko_view.dart:33:13 • use_build_context_synchronously
analyze	Flutter Analyze	2026-09-19T01:24:13.9317897Z    info • Don't use 'BuildContext's across async gaps. Try rewriting the code to not use the 'BuildContext', or guard the use with a 'mounted' check • lib/views/info_toko_view.dart:63:13 • use_build_context_synchronously
analyze	Flutter Analyze	2026-09-19T01:24:13.9324344Z    info • Don't use 'BuildContext's across async gaps. Try rewriting the code to not use the 'BuildContext', or guard the use with a 'mounted' check • lib/views/info_toko_view.dart:78:13 • use_build_context_synchronously
analyze	Flutter Analyze	2026-09-19T01:24:13.9328825Z    info • 'groupValue' is deprecated and shouldn't be used. Use a RadioGroup ancestor to manage group value instead. This feature was deprecated after v3.32.0-0.0.pre. Try replacing the use of the deprecated member with the replacement • lib/views/info_toko_view.dart:204:25 • deprecated_member_use
analyze	Flutter Analyze	2026-09-19T01:24:13.9332075Z    info • 'onChanged' is deprecated and shouldn't be used. Use RadioGroup to handle value change instead. This feature was deprecated after v3.32.0-0.0.pre. Try replacing the use of the deprecated member with the replacement • lib/views/info_toko_view.dart:205:25 • deprecated_member_use
analyze	Flutter Analyze	2026-09-19T01:24:13.9334864Z    info • 'groupValue' is deprecated and shouldn't be used. Use a RadioGroup ancestor to manage group value instead. This feature was deprecated after v3.32.0-0.0.pre. Try replacing the use of the deprecated member with the replacement • lib/views/info_toko_view.dart:214:25 • deprecated_member_use
analyze	Flutter Analyze	2026-09-19T01:24:13.9337527Z    info • 'onChanged' is deprecated and shouldn't be used. Use RadioGroup to handle value change instead. This feature was deprecated after v3.32.0-0.0.pre. Try replacing the use of the deprecated member with the replacement • lib/views/info_toko_view.dart:215:25 • deprecated_member_use
analyze	Flutter Analyze	2026-09-19T01:24:13.9339557Z warning • Unused import: '../core/services/auth_service.dart'. Try removing the import directive • lib/views/pin_view.dart:4:8 • unused_import
analyze	Flutter Analyze	2026-09-19T01:24:13.9341381Z    info • Don't use 'BuildContext's across async gaps. Try rewriting the code to not use the 'BuildContext', or guard the use with a 'mounted' check • lib/views/printer_settings_view.dart:21:28 • use_build_context_synchronously
analyze	Flutter Analyze	2026-09-19T01:24:13.9343491Z    info • Don't use 'BuildContext's across async gaps. Try rewriting the code to not use the 'BuildContext', or guard the use with a 'mounted' check • lib/views/product_form_view.dart:49:28 • use_build_context_synchronously
analyze	Flutter Analyze	2026-09-19T01:24:13.9345649Z    info • Don't use 'BuildContext's across async gaps. Try rewriting the code to not use the 'BuildContext', or guard the use with a 'mounted' check • lib/views/product_list_view.dart:31:7 • use_build_context_synchronously
analyze	Flutter Analyze	2026-09-19T01:24:13.9347761Z    info • Don't use 'BuildContext's across async gaps. Try rewriting the code to not use the 'BuildContext', or guard the use with a 'mounted' check • lib/views/product_list_view.dart:32:7 • use_build_context_synchronously
analyze	Flutter Analyze	2026-09-19T01:24:13.9349968Z    info • Don't use 'BuildContext's across async gaps. Try rewriting the code to not use the 'BuildContext', or guard the use with a 'mounted' check • lib/views/product_list_view.dart:101:20 • use_build_context_synchronously
analyze	Flutter Analyze	2026-09-19T01:24:13.9352462Z    info • Don't use 'BuildContext's across async gaps, guarded by an unrelated 'mounted' check. Guard a 'State.context' use with a 'mounted' check on the State, and other BuildContext use with a 'mounted' check on the BuildContext • lib/views/product_list_view.dart:349:49 • use_build_context_synchronously
analyze	Flutter Analyze	2026-09-19T01:24:13.9355370Z    info • Don't use 'BuildContext's across async gaps, guarded by an unrelated 'mounted' check. Guard a 'State.context' use with a 'mounted' check on the State, and other BuildContext use with a 'mounted' check on the BuildContext • lib/views/product_list_view.dart:360:58 • use_build_context_synchronously
analyze	Flutter Analyze	2026-09-19T01:24:13.9357478Z warning • Unused import: 'package:qr_flutter/qr_flutter.dart'. Try removing the import directive • lib/views/retail_pos_view.dart:3:8 • unused_import
analyze	Flutter Analyze	2026-09-19T01:24:13.9359385Z    info • Don't use 'BuildContext's across async gaps. Try rewriting the code to not use the 'BuildContext', or guard the use with a 'mounted' check • lib/views/retail_pos_view.dart:35:7 • use_build_context_synchronously
analyze	Flutter Analyze	2026-09-19T01:24:13.9361445Z    info • Don't use 'BuildContext's across async gaps. Try rewriting the code to not use the 'BuildContext', or guard the use with a 'mounted' check • lib/views/retail_pos_view.dart:36:7 • use_build_context_synchronously
analyze	Flutter Analyze	2026-09-19T01:24:13.9363626Z    info • Don't use 'BuildContext's across async gaps. Try rewriting the code to not use the 'BuildContext', or guard the use with a 'mounted' check • lib/views/retail_pos_view.dart:37:7 • use_build_context_synchronously
analyze	Flutter Analyze	2026-09-19T01:24:13.9365521Z warning • The value of the local variable 'cart' isn't used. Try removing the variable or using it • lib/views/retail_pos_view.dart:51:11 • unused_local_variable
analyze	Flutter Analyze	2026-09-19T01:24:13.9367296Z    info • Don't use 'BuildContext's across async gaps. Try rewriting the code to not use the 'BuildContext', or guard the use with a 'mounted' check • lib/views/retail_pos_view.dart:573:25 • use_build_context_synchronously
analyze	Flutter Analyze	2026-09-19T01:24:13.9369653Z    info • 'itf' is deprecated and shouldn't be used. Use BarcodeFormats.itf14 instead. Try replacing the use of the deprecated member with the replacement • lib/views/scanner/barcode_scanner_view.dart:25:21 • deprecated_member_use
analyze	Flutter Analyze	2026-09-19T01:24:13.9371833Z    info • Don't use 'BuildContext's across async gaps. Try rewriting the code to not use the 'BuildContext', or guard the use with a 'mounted' check • lib/views/shift/shift_detail_view.dart:31:21 • use_build_context_synchronously
analyze	Flutter Analyze	2026-09-19T01:24:13.9373855Z    info • Don't use 'BuildContext's across async gaps. Try rewriting the code to not use the 'BuildContext', or guard the use with a 'mounted' check • lib/views/shift_view.dart:27:20 • use_build_context_synchronously
analyze	Flutter Analyze	2026-09-19T01:24:13.9375932Z    info • Don't use 'BuildContext's across async gaps. Try rewriting the code to not use the 'BuildContext', or guard the use with a 'mounted' check • lib/views/shift_view.dart:28:7 • use_build_context_synchronously
analyze	Flutter Analyze	2026-09-19T01:24:13.9377932Z    info • Don't use 'BuildContext's across async gaps. Try rewriting the code to not use the 'BuildContext', or guard the use with a 'mounted' check • lib/views/splash_view.dart:21:20 • use_build_context_synchronously
analyze	Flutter Analyze	2026-09-19T01:24:13.9379846Z warning • Unused import: 'package:provider/provider.dart'. Try removing the import directive • lib/views/stock/stock_report_view.dart:2:8 • unused_import
analyze	Flutter Analyze	2026-09-19T01:24:13.9381450Z warning • Unused import: '../../viewmodels/product_viewmodel.dart'. Try removing the import directive • lib/views/stock/stock_report_view.dart:8:8 • unused_import
analyze	Flutter Analyze	2026-09-19T01:24:13.9382339Z 43 issues found. (ran in 10.2s)
analyze	Flutter Analyze	2026-09-19T01:24:13.9383766Z    info • Don't use 'BuildContext's across async gaps. Try rewriting the code to not use the 'BuildContext', or guard the use with a 'mounted' check • lib/views/user/user_management_view.dart:22:28 • use_build_context_synchronously
analyze	Flutter Analyze	2026-09-19T01:24:13.9385923Z    info • Don't use 'BuildContext's across async gaps. Try rewriting the code to not use the 'BuildContext', or guard the use with a 'mounted' check • lib/views/user/user_management_view.dart:110:16 • use_build_context_synchronously
analyze	Flutter Analyze	2026-09-19T01:24:13.9388487Z    info • Don't use 'BuildContext's across async gaps. Try rewriting the code to not use the 'BuildContext', or guard the use with a 'mounted' check • lib/views/user/user_management_view.dart:166:27 • use_build_context_synchronously
analyze	Flutter Analyze	2026-09-19T01:24:13.9390928Z    info • Don't use 'BuildContext's across async gaps. Try rewriting the code to not use the 'BuildContext', or guard the use with a 'mounted' check • lib/views/user/user_management_view.dart:168:13 • use_build_context_synchronously
analyze	Flutter Analyze	2026-09-19T01:24:13.9391970Z 
analyze	Dart Fix Dry Run	﻿2026-09-19T01:24:13.9497277Z ##[group]Run dart fix --dry-run
analyze	Dart Fix Dry Run	2026-09-19T01:24:13.9497679Z ^[[36;1mdart fix --dry-run^[[0m
analyze	Dart Fix Dry Run	2026-09-19T01:24:13.9538745Z shell: /usr/bin/bash -e {0}
analyze	Dart Fix Dry Run	2026-09-19T01:24:13.9539060Z env:
analyze	Dart Fix Dry Run	2026-09-19T01:24:13.9539428Z   FLUTTER_ROOT: /opt/hostedtoolcache/flutter/stable-3.47.5-x64/flutter
analyze	Dart Fix Dry Run	2026-09-19T01:24:13.9539914Z   PUB_CACHE: /home/runner/.pub-cache
analyze	Dart Fix Dry Run	2026-09-19T01:24:13.9540240Z ##[endgroup]
analyze	Dart Fix Dry Run	2026-09-19T01:24:13.9743477Z Computing fixes in pos_v2 (dry run)...
analyze	Dart Fix Dry Run	2026-09-19T01:24:24.9505410Z 
analyze	Dart Fix Dry Run	2026-09-19T01:24:24.9506004Z 6 proposed fixes in 4 files.
analyze	Dart Fix Dry Run	2026-09-19T01:24:24.9506288Z 
analyze	Dart Fix Dry Run	2026-09-19T01:24:24.9519197Z lib/core/services/export_service.dart
analyze	Dart Fix Dry Run	2026-09-19T01:24:24.9519525Z   unused_import - 2 fixes
analyze	Dart Fix Dry Run	2026-09-19T01:24:24.9519656Z 
analyze	Dart Fix Dry Run	2026-09-19T01:24:24.9519749Z lib/views/pin_view.dart
analyze	Dart Fix Dry Run	2026-09-19T01:24:24.9519953Z   unused_import - 1 fix
analyze	Dart Fix Dry Run	2026-09-19T01:24:24.9520060Z 
analyze	Dart Fix Dry Run	2026-09-19T01:24:24.9520150Z lib/views/retail_pos_view.dart
analyze	Dart Fix Dry Run	2026-09-19T01:24:24.9520359Z   unused_import - 1 fix
analyze	Dart Fix Dry Run	2026-09-19T01:24:24.9520472Z 
analyze	Dart Fix Dry Run	2026-09-19T01:24:24.9520663Z lib/views/stock/stock_report_view.dart
analyze	Dart Fix Dry Run	2026-09-19T01:24:24.9520896Z   unused_import - 2 fixes
analyze	Dart Fix Dry Run	2026-09-19T01:24:24.9521020Z 
analyze	Dart Fix Dry Run	2026-09-19T01:24:24.9521121Z To fix an individual diagnostic, run one of:
analyze	Dart Fix Dry Run	2026-09-19T01:24:24.9521380Z   dart fix --apply --code=unused_import 
analyze	Dart Fix Dry Run	2026-09-19T01:24:24.9521537Z 
analyze	Dart Fix Dry Run	2026-09-19T01:24:24.9521619Z To fix all diagnostics, run:
analyze	Dart Fix Dry Run	2026-09-19T01:24:24.9521820Z   dart fix --apply 
analyze	Summary	﻿2026-09-19T01:24:24.9779967Z ##[group]Run echo "===================================="
analyze	Summary	2026-09-19T01:24:24.9780337Z ^[[36;1mecho "===================================="^[[0m
analyze	Summary	2026-09-19T01:24:24.9780594Z ^[[36;1mecho "ANALYZE SELESAI"^[[0m
analyze	Summary	2026-09-19T01:24:24.9780834Z ^[[36;1mecho "Lihat log di atas untuk detail"^[[0m
analyze	Summary	2026-09-19T01:24:24.9781114Z ^[[36;1mecho "===================================="^[[0m
analyze	Summary	2026-09-19T01:24:24.9812988Z shell: /usr/bin/bash -e {0}
analyze	Summary	2026-09-19T01:24:24.9813211Z env:
analyze	Summary	2026-09-19T01:24:24.9813466Z   FLUTTER_ROOT: /opt/hostedtoolcache/flutter/stable-3.47.5-x64/flutter
analyze	Summary	2026-09-19T01:24:24.9813778Z   PUB_CACHE: /home/runner/.pub-cache
analyze	Summary	2026-09-19T01:24:24.9813999Z ##[endgroup]
analyze	Summary	2026-09-19T01:24:24.9864506Z ====================================
analyze	Summary	2026-09-19T01:24:24.9864783Z ANALYZE SELESAI
analyze	Summary	2026-09-19T01:24:24.9864983Z Lihat log di atas untuk detail
analyze	Summary	2026-09-19T01:24:24.9865195Z ====================================
analyze	Post Setup Flutter	﻿2026-09-19T01:24:25.0014553Z Post job cleanup.
analyze	Post Setup Flutter	2026-09-19T01:24:25.0018229Z ##[start-action display=Cache pub dependencies;id=__a3017d03-5cf7-4613-af6e-4b3bb955e014.cache-pub]
analyze	Post Setup Flutter	2026-09-19T01:24:25.0648127Z Post job cleanup.
analyze	Post Setup Flutter	2026-09-19T01:24:25.1827130Z [command]/usr/bin/tar --posix -cf cache.tzst --exclude cache.tzst -P -C /home/runner/work/pos_v2/pos_v2 --files-from manifest.txt --use-compress-program zstdmt
analyze	Post Setup Flutter	2026-09-19T01:24:27.1393544Z Sent 58130432 of 81341920 (71.5%), 55.4 MBs/sec
analyze	Post Setup Flutter	2026-09-19T01:24:27.6349724Z Sent 81341920 of 81341920 (100.0%), 51.9 MBs/sec
analyze	Post Setup Flutter	2026-09-19T01:24:27.7405211Z Cache saved with key: flutter-pub-linux-stable-3.47.5-x64-6a19cca56475dbfba1478ee68d7bd0c2ef891da1-
analyze	Post Setup Flutter	2026-09-19T01:24:27.7480828Z ##[end-action id=__a3017d03-5cf7-4613-af6e-4b3bb955e014.cache-pub;outcome=success;conclusion=success;duration_ms=2746]
analyze	Post Setup Flutter	2026-09-19T01:24:27.7483870Z ##[start-action display=Cache Flutter;id=__a3017d03-5cf7-4613-af6e-4b3bb955e014.cache-flutter]
analyze	Post Setup Flutter	2026-09-19T01:24:27.7966323Z Post job cleanup.
analyze	Post Setup Flutter	2026-09-19T01:24:27.9238828Z [command]/usr/bin/tar --posix -cf cache.tzst --exclude cache.tzst -P -C /home/runner/work/pos_v2/pos_v2 --files-from manifest.txt --use-compress-program zstdmt
analyze	Post Setup Flutter	2026-09-19T01:24:33.8102033Z Sent 67108864 of 1720502499 (3.9%), 63.9 MBs/sec
analyze	Post Setup Flutter	2026-09-19T01:24:34.8105900Z Sent 603979776 of 1720502499 (35.1%), 287.9 MBs/sec
analyze	Post Setup Flutter	2026-09-19T01:24:35.8140370Z Sent 1073741824 of 1720502499 (62.4%), 341.1 MBs/sec
analyze	Post Setup Flutter	2026-09-19T01:24:36.8118855Z Sent 1653393635 of 1720502499 (96.1%), 394.0 MBs/sec
analyze	Post Setup Flutter	2026-09-19T01:24:36.9399855Z Sent 1720502499 of 1720502499 (100.0%), 397.3 MBs/sec
analyze	Post Setup Flutter	2026-09-19T01:24:37.1228753Z Cache saved with key: flutter-linux-stable-3.47.5-x64-6a19cca56475dbfba1478ee68d7bd0c2ef891da1
analyze	Post Setup Flutter	2026-09-19T01:24:37.1323596Z ##[end-action id=__a3017d03-5cf7-4613-af6e-4b3bb955e014.cache-flutter;outcome=success;conclusion=success;duration_ms=9383]
analyze	Post Checkout	﻿2026-09-19T01:24:37.1382430Z Post job cleanup.
analyze	Post Checkout	2026-09-19T01:24:37.2100987Z [command]/usr/bin/git version
analyze	Post Checkout	2026-09-19T01:24:37.2138058Z git version 2.55.0
analyze	Post Checkout	2026-09-19T01:24:37.2169035Z Temporarily overriding HOME='/home/runner/work/_temp/c17fe89e-bd27-4b45-872e-aa38e668cd46' before making global git config changes
analyze	Post Checkout	2026-09-19T01:24:37.2170630Z Adding repository directory to the temporary git global config as a safe directory
analyze	Post Checkout	2026-09-19T01:24:37.2173795Z [command]/usr/bin/git config --global --add safe.directory /home/runner/work/pos_v2/pos_v2
analyze	Post Checkout	2026-09-19T01:24:37.2212360Z [command]/usr/bin/git config --local --name-only --get-regexp core\.sshCommand
analyze	Post Checkout	2026-09-19T01:24:37.2245693Z [command]/usr/bin/git submodule foreach --recursive sh -c "git config --local --name-only --get-regexp 'core\.sshCommand' && git config --local --unset-all 'core.sshCommand' || :"
analyze	Post Checkout	2026-09-19T01:24:37.2462256Z [command]/usr/bin/git config --local --name-only --get-regexp http\.https\:\/\/github\.com\/\.extraheader
analyze	Post Checkout	2026-09-19T01:24:37.2491374Z http.https://github.com/.extraheader
analyze	Post Checkout	2026-09-19T01:24:37.2521226Z [command]/usr/bin/git config --local --unset-all http.https://github.com/.extraheader
analyze	Post Checkout	2026-09-19T01:24:37.2556215Z [command]/usr/bin/git submodule foreach --recursive sh -c "git config --local --name-only --get-regexp 'http\.https\:\/\/github\.com\/\.extraheader' && git config --local --unset-all 'http.https://github.com/.extraheader' || :"
analyze	Post Checkout	2026-09-19T01:24:37.2783164Z [command]/usr/bin/git config --local --name-only --get-regexp ^includeIf\.gitdir:
analyze	Post Checkout	2026-09-19T01:24:37.2816874Z [command]/usr/bin/git submodule foreach --recursive git config --local --show-origin --name-only --get-regexp remote.origin.url
analyze	Complete job	﻿2026-09-19T01:24:37.3154857Z Cleaning up orphan processes
