analyze	Set up job	﻿2026-09-19T01:29:26.3463785Z Current runner version: '2.337.0'
analyze	Set up job	2026-09-19T01:29:26.3501431Z ##[group]Runner Image Provisioner
analyze	Set up job	2026-09-19T01:29:26.3502805Z Hosted Compute Agent
analyze	Set up job	2026-09-19T01:29:26.3503882Z Version: 20260828.587
analyze	Set up job	2026-09-19T01:29:26.3504907Z Commit: abac92662cab4cc7352de4f9f9d2e2419aad9c29
analyze	Set up job	2026-09-19T01:29:26.3506131Z Build Date: 2026-08-28T16:44:25Z
analyze	Set up job	2026-09-19T01:29:26.3507355Z Worker ID: {86e88e15-36e3-4762-bfa2-021c6b2471e8}
analyze	Set up job	2026-09-19T01:29:26.3508577Z Azure Region: eastus
analyze	Set up job	2026-09-19T01:29:26.3509706Z ##[endgroup]
analyze	Set up job	2026-09-19T01:29:26.3512343Z ##[group]Operating System
analyze	Set up job	2026-09-19T01:29:26.3513475Z Ubuntu
analyze	Set up job	2026-09-19T01:29:26.3514347Z 24.04.5
analyze	Set up job	2026-09-19T01:29:26.3515240Z LTS
analyze	Set up job	2026-09-19T01:29:26.3516201Z ##[endgroup]
analyze	Set up job	2026-09-19T01:29:26.3517116Z ##[group]Runner Image
analyze	Set up job	2026-09-19T01:29:26.3518035Z Image: ubuntu-24.04
analyze	Set up job	2026-09-19T01:29:26.3519094Z Version: 20260907.300.1
analyze	Set up job	2026-09-19T01:29:26.3521277Z Included Software: https://github.com/actions/runner-images/blob/ubuntu24/20260907.300/images/ubuntu/Ubuntu2404-Readme.md
analyze	Set up job	2026-09-19T01:29:26.3524453Z Image Release: https://github.com/actions/runner-images/releases/tag/ubuntu24%2F20260907.300
analyze	Set up job	2026-09-19T01:29:26.3526648Z ##[endgroup]
analyze	Set up job	2026-09-19T01:29:26.3528575Z ##[group]GITHUB_TOKEN Permissions
analyze	Set up job	2026-09-19T01:29:26.3531804Z Contents: write
analyze	Set up job	2026-09-19T01:29:26.3532890Z Metadata: read
analyze	Set up job	2026-09-19T01:29:26.3533934Z ##[endgroup]
analyze	Set up job	2026-09-19T01:29:26.3537398Z Secret source: Actions
analyze	Set up job	2026-09-19T01:29:26.3538892Z Cache mode: write
analyze	Set up job	2026-09-19T01:29:26.3540679Z Prepare workflow directory
analyze	Set up job	2026-09-19T01:29:26.4012425Z Prepare all required actions
analyze	Set up job	2026-09-19T01:29:26.4083297Z Getting action download info
analyze	Set up job	2026-09-19T01:29:26.5970308Z Download action repository 'actions/checkout@v5' (SHA:fbc6f3992d24b796d5a048ff273f7fcc4a7b6c09)
analyze	Set up job	2026-09-19T01:29:26.7010972Z Download action repository 'subosito/flutter-action@v2' (SHA:1a449444c387b1966244ae4d4f8c696479add0b2)
analyze	Set up job	2026-09-19T01:29:26.9406918Z Getting action download info
analyze	Set up job	2026-09-19T01:29:27.0036678Z Download action repository 'actions/cache@v5' (SHA:caa296126883cff596d87d8935842f9db880ef25)
analyze	Set up job	2026-09-19T01:29:27.1403930Z Complete job name: analyze
analyze	Checkout	﻿2026-09-19T01:29:27.2157221Z ##[group]Run actions/checkout@v5
analyze	Checkout	2026-09-19T01:29:27.2158132Z with:
analyze	Checkout	2026-09-19T01:29:27.2161906Z   token: ***
analyze	Checkout	2026-09-19T01:29:27.2162379Z   repository: YusuP28/pos_v2
analyze	Checkout	2026-09-19T01:29:27.2162893Z   ssh-strict: true
analyze	Checkout	2026-09-19T01:29:27.2163332Z   ssh-user: git
analyze	Checkout	2026-09-19T01:29:27.2163777Z   persist-credentials: true
analyze	Checkout	2026-09-19T01:29:27.2164299Z   clean: true
analyze	Checkout	2026-09-19T01:29:27.2164757Z   sparse-checkout-cone-mode: true
analyze	Checkout	2026-09-19T01:29:27.2165282Z   fetch-depth: 1
analyze	Checkout	2026-09-19T01:29:27.2165708Z   fetch-tags: false
analyze	Checkout	2026-09-19T01:29:27.2166153Z   show-progress: true
analyze	Checkout	2026-09-19T01:29:27.2166611Z   lfs: false
analyze	Checkout	2026-09-19T01:29:27.2167042Z   submodules: false
analyze	Checkout	2026-09-19T01:29:27.2167498Z   set-safe-directory: true
analyze	Checkout	2026-09-19T01:29:27.2168006Z   allow-unsafe-pr-checkout: false
analyze	Checkout	2026-09-19T01:29:27.2168796Z ##[endgroup]
analyze	Checkout	2026-09-19T01:29:27.3274694Z Syncing repository: YusuP28/pos_v2
analyze	Checkout	2026-09-19T01:29:27.3277471Z ##[group]Getting Git version info
analyze	Checkout	2026-09-19T01:29:27.3278679Z Working directory is '/home/runner/work/pos_v2/pos_v2'
analyze	Checkout	2026-09-19T01:29:27.3293010Z [command]/usr/bin/git version
analyze	Checkout	2026-09-19T01:29:27.3431136Z git version 2.55.0
analyze	Checkout	2026-09-19T01:29:27.3456612Z ##[endgroup]
analyze	Checkout	2026-09-19T01:29:27.3474284Z Temporarily overriding HOME='/home/runner/work/_temp/cc4e84f4-31f7-4f64-a6ee-2176a28526d7' before making global git config changes
analyze	Checkout	2026-09-19T01:29:27.3477118Z Adding repository directory to the temporary git global config as a safe directory
analyze	Checkout	2026-09-19T01:29:27.3481241Z [command]/usr/bin/git config --global --add safe.directory /home/runner/work/pos_v2/pos_v2
analyze	Checkout	2026-09-19T01:29:27.3551355Z Deleting the contents of '/home/runner/work/pos_v2/pos_v2'
analyze	Checkout	2026-09-19T01:29:27.3563181Z ##[group]Initializing the repository
analyze	Checkout	2026-09-19T01:29:27.3571743Z [command]/usr/bin/git init /home/runner/work/pos_v2/pos_v2
analyze	Checkout	2026-09-19T01:29:27.3702438Z hint: Using 'master' as the name for the initial branch. This default branch name
analyze	Checkout	2026-09-19T01:29:27.3721126Z hint: will change to "main" in Git 3.0. To configure the initial branch name
analyze	Checkout	2026-09-19T01:29:27.3729190Z hint: to use in all of your new repositories, which will suppress this warning,
analyze	Checkout	2026-09-19T01:29:27.3730885Z hint: call:
analyze	Checkout	2026-09-19T01:29:27.3731659Z hint:
analyze	Checkout	2026-09-19T01:29:27.3732618Z hint: 	git config --global init.defaultBranch <name>
analyze	Checkout	2026-09-19T01:29:27.3733776Z hint:
analyze	Checkout	2026-09-19T01:29:27.3734867Z hint: Names commonly chosen instead of 'master' are 'main', 'trunk' and
analyze	Checkout	2026-09-19T01:29:27.3736684Z hint: 'development'. The just-created branch can be renamed via this command:
analyze	Checkout	2026-09-19T01:29:27.3738114Z hint:
analyze	Checkout	2026-09-19T01:29:27.3738900Z hint: 	git branch -m <name>
analyze	Checkout	2026-09-19T01:29:27.3739762Z hint:
analyze	Checkout	2026-09-19T01:29:27.3741395Z hint: Disable this message with "git config set advice.defaultBranchName false"
analyze	Checkout	2026-09-19T01:29:27.3743309Z Initialized empty Git repository in /home/runner/work/pos_v2/pos_v2/.git/
analyze	Checkout	2026-09-19T01:29:27.3746281Z [command]/usr/bin/git remote add origin https://github.com/YusuP28/pos_v2
analyze	Checkout	2026-09-19T01:29:27.3792838Z ##[endgroup]
analyze	Checkout	2026-09-19T01:29:27.3794953Z ##[group]Disabling automatic garbage collection
analyze	Checkout	2026-09-19T01:29:27.3796504Z [command]/usr/bin/git config --local gc.auto 0
analyze	Checkout	2026-09-19T01:29:27.3828133Z ##[endgroup]
analyze	Checkout	2026-09-19T01:29:27.3829765Z ##[group]Setting up auth
analyze	Checkout	2026-09-19T01:29:27.3836763Z [command]/usr/bin/git config --local --name-only --get-regexp core\.sshCommand
analyze	Checkout	2026-09-19T01:29:27.3893715Z [command]/usr/bin/git submodule foreach --recursive sh -c "git config --local --name-only --get-regexp 'core\.sshCommand' && git config --local --unset-all 'core.sshCommand' || :"
analyze	Checkout	2026-09-19T01:29:27.4309025Z [command]/usr/bin/git config --local --name-only --get-regexp http\.https\:\/\/github\.com\/\.extraheader
analyze	Checkout	2026-09-19T01:29:27.4354540Z [command]/usr/bin/git submodule foreach --recursive sh -c "git config --local --name-only --get-regexp 'http\.https\:\/\/github\.com\/\.extraheader' && git config --local --unset-all 'http.https://github.com/.extraheader' || :"
analyze	Checkout	2026-09-19T01:29:27.4584841Z [command]/usr/bin/git config --local --name-only --get-regexp ^includeIf\.gitdir:
analyze	Checkout	2026-09-19T01:29:27.4621636Z [command]/usr/bin/git submodule foreach --recursive git config --local --show-origin --name-only --get-regexp remote.origin.url
analyze	Checkout	2026-09-19T01:29:27.4845440Z [command]/usr/bin/git config --local http.https://github.com/.extraheader AUTHORIZATION: basic ***
analyze	Checkout	2026-09-19T01:29:27.4884513Z ##[endgroup]
analyze	Checkout	2026-09-19T01:29:27.4885552Z ##[group]Fetching the repository
analyze	Checkout	2026-09-19T01:29:27.4894580Z [command]/usr/bin/git -c protocol.version=2 fetch --no-tags --prune --no-recurse-submodules --depth=1 origin +812284747bdc7ee20fb18dbf260559abfaf5525a:refs/remotes/origin/main
analyze	Checkout	2026-09-19T01:29:27.7542444Z From https://github.com/YusuP28/pos_v2
analyze	Checkout	2026-09-19T01:29:27.7543949Z  * [new ref]         812284747bdc7ee20fb18dbf260559abfaf5525a -> origin/main
analyze	Checkout	2026-09-19T01:29:27.7546875Z ##[endgroup]
analyze	Checkout	2026-09-19T01:29:27.7547781Z ##[group]Determining the checkout info
analyze	Checkout	2026-09-19T01:29:27.7550050Z ##[endgroup]
analyze	Checkout	2026-09-19T01:29:27.7556335Z [command]/usr/bin/git sparse-checkout disable
analyze	Checkout	2026-09-19T01:29:27.7616352Z [command]/usr/bin/git config --local --unset-all extensions.worktreeConfig
analyze	Checkout	2026-09-19T01:29:27.7653632Z ##[group]Checking out the ref
analyze	Checkout	2026-09-19T01:29:27.7658770Z [command]/usr/bin/git checkout --progress --force -B main refs/remotes/origin/main
analyze	Checkout	2026-09-19T01:29:27.7780807Z Switched to a new branch 'main'
analyze	Checkout	2026-09-19T01:29:27.7788791Z branch 'main' set up to track 'origin/main'.
analyze	Checkout	2026-09-19T01:29:27.7793732Z ##[endgroup]
analyze	Checkout	2026-09-19T01:29:27.7834468Z [command]/usr/bin/git log -1 --format=%H
analyze	Checkout	2026-09-19T01:29:27.7861067Z 812284747bdc7ee20fb18dbf260559abfaf5525a
analyze	Setup Flutter	﻿2026-09-19T01:29:27.8540418Z ##[group]Run subosito/flutter-action@v2
analyze	Setup Flutter	2026-09-19T01:29:27.8541527Z with:
analyze	Setup Flutter	2026-09-19T01:29:27.8542209Z   channel: stable
analyze	Setup Flutter	2026-09-19T01:29:27.8542951Z   cache: true
analyze	Setup Flutter	2026-09-19T01:29:27.8543669Z   architecture: X64
analyze	Setup Flutter	2026-09-19T01:29:27.8544471Z   pub-cache-path: default
analyze	Setup Flutter	2026-09-19T01:29:27.8545301Z   dry-run: false
analyze	Setup Flutter	2026-09-19T01:29:27.8546413Z   git-source: https://github.com/flutter/flutter.git
analyze	Setup Flutter	2026-09-19T01:29:27.8547527Z ##[endgroup]
analyze	Setup Flutter	2026-09-19T01:29:27.8616649Z ##[start-action display=Make yq tool available on Windows runners;id=__subosito_flutter-action.__run]
analyze	Setup Flutter	2026-09-19T01:29:27.8648874Z ##[end-action id=__subosito_flutter-action.__run;outcome=skipped;conclusion=skipped;duration_ms=0]
analyze	Setup Flutter	2026-09-19T01:29:27.8654947Z ##[start-action display=Make setup script executable;id=__subosito_flutter-action.__run_2]
analyze	Setup Flutter	2026-09-19T01:29:27.8706661Z ##[group]Run chmod +x "$GITHUB_ACTION_PATH/setup.sh"
analyze	Setup Flutter	2026-09-19T01:29:27.8707949Z ^[[36;1mchmod +x "$GITHUB_ACTION_PATH/setup.sh"^[[0m
analyze	Setup Flutter	2026-09-19T01:29:27.8750368Z shell: /usr/bin/bash --noprofile --norc -e -o pipefail {0}
analyze	Setup Flutter	2026-09-19T01:29:27.8751627Z ##[endgroup]
analyze	Setup Flutter	2026-09-19T01:29:27.8873773Z ##[end-action id=__subosito_flutter-action.__run_2;outcome=success;conclusion=success;duration_ms=21]
analyze	Setup Flutter	2026-09-19T01:29:27.8879610Z ##[start-action display=Set action inputs;id=__subosito_flutter-action.flutter-action]
analyze	Setup Flutter	2026-09-19T01:29:27.8933780Z ##[group]Run $GITHUB_ACTION_PATH/setup.sh -p \
analyze	Setup Flutter	2026-09-19T01:29:27.8934916Z ^[[36;1m$GITHUB_ACTION_PATH/setup.sh -p \^[[0m
analyze	Setup Flutter	2026-09-19T01:29:27.8935853Z ^[[36;1m  -n '' \^[[0m
analyze	Setup Flutter	2026-09-19T01:29:27.8936531Z ^[[36;1m  -f '' \^[[0m
analyze	Setup Flutter	2026-09-19T01:29:27.8937205Z ^[[36;1m  -a 'X64' \^[[0m
analyze	Setup Flutter	2026-09-19T01:29:27.8937892Z ^[[36;1m  -k '' \^[[0m
analyze	Setup Flutter	2026-09-19T01:29:27.8938567Z ^[[36;1m  -c '' \^[[0m
analyze	Setup Flutter	2026-09-19T01:29:27.8939232Z ^[[36;1m  -l '' \^[[0m
analyze	Setup Flutter	2026-09-19T01:29:27.8939924Z ^[[36;1m  -d 'default' \^[[0m
analyze	Setup Flutter	2026-09-19T01:29:27.8941210Z ^[[36;1m  -g 'https://github.com/flutter/flutter.git' \^[[0m
analyze	Setup Flutter	2026-09-19T01:29:27.8942905Z ^[[36;1m  stable^[[0m
analyze	Setup Flutter	2026-09-19T01:29:27.8981213Z shell: /usr/bin/bash --noprofile --norc -e -o pipefail {0}
analyze	Setup Flutter	2026-09-19T01:29:27.8982333Z ##[endgroup]
analyze	Setup Flutter	2026-09-19T01:29:28.0588180Z ##[end-action id=__subosito_flutter-action.flutter-action;outcome=success;conclusion=success;duration_ms=170]
analyze	Setup Flutter	2026-09-19T01:29:28.0597227Z ##[start-action display=Cache Flutter;id=__subosito_flutter-action.cache-flutter]
analyze	Setup Flutter	2026-09-19T01:29:28.0696894Z ##[group]Run actions/cache@v5
analyze	Setup Flutter	2026-09-19T01:29:28.0697751Z with:
analyze	Setup Flutter	2026-09-19T01:29:28.0698537Z   path: /opt/hostedtoolcache/flutter/stable-3.47.5-x64
analyze	Setup Flutter	2026-09-19T01:29:28.0700061Z   key: flutter-linux-stable-3.47.5-x64-6a19cca56475dbfba1478ee68d7bd0c2ef891da1
analyze	Setup Flutter	2026-09-19T01:29:28.0701989Z   enableCrossOsArchive: false
analyze	Setup Flutter	2026-09-19T01:29:28.0702830Z   fail-on-cache-miss: false
analyze	Setup Flutter	2026-09-19T01:29:28.0703601Z   lookup-only: false
analyze	Setup Flutter	2026-09-19T01:29:28.0704291Z   save-always: false
analyze	Setup Flutter	2026-09-19T01:29:28.0704968Z ##[endgroup]
analyze	Setup Flutter	2026-09-19T01:29:28.2689918Z Cache hit for: flutter-linux-stable-3.47.5-x64-6a19cca56475dbfba1478ee68d7bd0c2ef891da1
analyze	Setup Flutter	2026-09-19T01:29:29.3640243Z Received 268435456 of 1720502499 (15.6%), 247.1 MBs/sec
analyze	Setup Flutter	2026-09-19T01:29:30.3661383Z Received 562036736 of 1720502499 (32.7%), 263.0 MBs/sec
analyze	Setup Flutter	2026-09-19T01:29:31.3735566Z Received 893386752 of 1720502499 (51.9%), 279.7 MBs/sec
analyze	Setup Flutter	2026-09-19T01:29:32.3904503Z Received 1207959552 of 1720502499 (70.2%), 283.8 MBs/sec
analyze	Setup Flutter	2026-09-19T01:29:33.3869250Z Received 1476395008 of 1720502499 (85.8%), 278.3 MBs/sec
analyze	Setup Flutter	2026-09-19T01:29:34.1457980Z Received 1720502499 of 1720502499 (100.0%), 282.0 MBs/sec
analyze	Setup Flutter	2026-09-19T01:29:34.1460715Z Cache Size: ~1641 MB (1720502499 B)
analyze	Setup Flutter	2026-09-19T01:29:34.1588070Z [command]/usr/bin/tar -xf /home/runner/work/_temp/aea823cc-5442-46cf-87a4-1ca5257ad3d7/cache.tzst -P -C /home/runner/work/pos_v2/pos_v2 --use-compress-program unzstd
analyze	Setup Flutter	2026-09-19T01:29:39.2239826Z Cache restored successfully
analyze	Setup Flutter	2026-09-19T01:29:39.3036606Z Cache restored from key: flutter-linux-stable-3.47.5-x64-6a19cca56475dbfba1478ee68d7bd0c2ef891da1
analyze	Setup Flutter	2026-09-19T01:29:39.3207119Z ##[end-action id=__subosito_flutter-action.cache-flutter;outcome=success;conclusion=success;duration_ms=11260]
analyze	Setup Flutter	2026-09-19T01:29:39.3213396Z ##[start-action display=Cache pub dependencies;id=__subosito_flutter-action.cache-pub]
analyze	Setup Flutter	2026-09-19T01:29:39.4437031Z ##[group]Run actions/cache@v5
analyze	Setup Flutter	2026-09-19T01:29:39.4437315Z with:
analyze	Setup Flutter	2026-09-19T01:29:39.4437530Z   path: /home/runner/.pub-cache
analyze	Setup Flutter	2026-09-19T01:29:39.4438227Z   key: flutter-pub-linux-stable-3.47.5-x64-6a19cca56475dbfba1478ee68d7bd0c2ef891da1-
analyze	Setup Flutter	2026-09-19T01:29:39.4438706Z   enableCrossOsArchive: false
analyze	Setup Flutter	2026-09-19T01:29:39.4438967Z   fail-on-cache-miss: false
analyze	Setup Flutter	2026-09-19T01:29:39.4439208Z   lookup-only: false
analyze	Setup Flutter	2026-09-19T01:29:39.4439438Z   save-always: false
analyze	Setup Flutter	2026-09-19T01:29:39.4439654Z ##[endgroup]
analyze	Setup Flutter	2026-09-19T01:29:39.6305668Z Cache hit for: flutter-pub-linux-stable-3.47.5-x64-6a19cca56475dbfba1478ee68d7bd0c2ef891da1-
analyze	Setup Flutter	2026-09-19T01:29:40.1831522Z Received 81341920 of 81341920 (100.0%), 159.6 MBs/sec
analyze	Setup Flutter	2026-09-19T01:29:40.1832626Z Cache Size: ~78 MB (81341920 B)
analyze	Setup Flutter	2026-09-19T01:29:40.1863504Z [command]/usr/bin/tar -xf /home/runner/work/_temp/da666ed8-512a-4c0d-baf6-2c7f8c7fdacd/cache.tzst -P -C /home/runner/work/pos_v2/pos_v2 --use-compress-program unzstd
analyze	Setup Flutter	2026-09-19T01:29:41.2890946Z Cache restored successfully
analyze	Setup Flutter	2026-09-19T01:29:41.3003391Z Cache restored from key: flutter-pub-linux-stable-3.47.5-x64-6a19cca56475dbfba1478ee68d7bd0c2ef891da1-
analyze	Setup Flutter	2026-09-19T01:29:41.3103681Z ##[end-action id=__subosito_flutter-action.cache-pub;outcome=success;conclusion=success;duration_ms=1988]
analyze	Setup Flutter	2026-09-19T01:29:41.3106532Z ##[start-action display=Run setup script;id=__subosito_flutter-action.__run_3]
analyze	Setup Flutter	2026-09-19T01:29:41.3139844Z ##[group]Run $GITHUB_ACTION_PATH/setup.sh \
analyze	Setup Flutter	2026-09-19T01:29:41.3140607Z ^[[36;1m$GITHUB_ACTION_PATH/setup.sh \^[[0m
analyze	Setup Flutter	2026-09-19T01:29:41.3141102Z ^[[36;1m  -n '3.47.5' \^[[0m
analyze	Setup Flutter	2026-09-19T01:29:41.3141485Z ^[[36;1m  -a 'x64' \^[[0m
analyze	Setup Flutter	2026-09-19T01:29:41.3142007Z ^[[36;1m  -c '/opt/hostedtoolcache/flutter/stable-3.47.5-x64' \^[[0m
analyze	Setup Flutter	2026-09-19T01:29:41.3142507Z ^[[36;1m  -d '/home/runner/.pub-cache' \^[[0m
analyze	Setup Flutter	2026-09-19T01:29:41.3142804Z ^[[36;1m  stable^[[0m
analyze	Setup Flutter	2026-09-19T01:29:41.3181916Z shell: /usr/bin/bash --noprofile --norc -e -o pipefail {0}
analyze	Setup Flutter	2026-09-19T01:29:41.3182293Z ##[endgroup]
analyze	Setup Flutter	2026-09-19T01:29:41.4626230Z ##[end-action id=__subosito_flutter-action.__run_3;outcome=success;conclusion=success;duration_ms=151]
analyze	Get Dependencies	﻿2026-09-19T01:29:41.4704081Z ##[group]Run flutter pub get
analyze	Get Dependencies	2026-09-19T01:29:41.4704409Z ^[[36;1mflutter pub get^[[0m
analyze	Get Dependencies	2026-09-19T01:29:41.4744708Z shell: /usr/bin/bash -e {0}
analyze	Get Dependencies	2026-09-19T01:29:41.4744993Z env:
analyze	Get Dependencies	2026-09-19T01:29:41.4745308Z   FLUTTER_ROOT: /opt/hostedtoolcache/flutter/stable-3.47.5-x64/flutter
analyze	Get Dependencies	2026-09-19T01:29:41.4745720Z   PUB_CACHE: /home/runner/.pub-cache
analyze	Get Dependencies	2026-09-19T01:29:41.4746001Z ##[endgroup]
analyze	Get Dependencies	2026-09-19T01:29:41.6438915Z Resolving dependencies...
analyze	Get Dependencies	2026-09-19T01:29:42.1278889Z Downloading packages...
analyze	Get Dependencies	2026-09-19T01:29:42.1367413Z + archive 3.6.1 (4.3.0 available)
analyze	Get Dependencies	2026-09-19T01:29:42.1367986Z + args 2.7.0
analyze	Get Dependencies	2026-09-19T01:29:42.1368330Z + async 2.13.1
analyze	Get Dependencies	2026-09-19T01:29:42.1368732Z + blue_thermal_printer 1.2.3
analyze	Get Dependencies	2026-09-19T01:29:42.1369170Z + bluez 0.8.3
analyze	Get Dependencies	2026-09-19T01:29:42.1369541Z + boolean_selector 2.1.2
analyze	Get Dependencies	2026-09-19T01:29:42.1369950Z + characters 1.4.1
analyze	Get Dependencies	2026-09-19T01:29:42.1370575Z + clock 1.1.3
analyze	Get Dependencies	2026-09-19T01:29:42.1370948Z + code_assets 2.1.0
analyze	Get Dependencies	2026-09-19T01:29:42.1371324Z + collection 1.19.1
analyze	Get Dependencies	2026-09-19T01:29:42.1371692Z + cross_file 0.3.5+5
analyze	Get Dependencies	2026-09-19T01:29:42.1372169Z + crypto 3.0.7
analyze	Get Dependencies	2026-09-19T01:29:42.1372515Z + csslib 1.0.2
analyze	Get Dependencies	2026-09-19T01:29:42.1372880Z + cupertino_icons 1.0.9
analyze	Get Dependencies	2026-09-19T01:29:42.1373287Z + dbus 0.7.15 (0.8.0 available)
analyze	Get Dependencies	2026-09-19T01:29:42.1373716Z + esc_pos_utils 1.1.0
analyze	Get Dependencies	2026-09-19T01:29:42.1374090Z + fake_async 1.3.3
analyze	Get Dependencies	2026-09-19T01:29:42.1374439Z + ffi 2.2.0
analyze	Get Dependencies	2026-09-19T01:29:42.1374766Z + file 7.0.1
analyze	Get Dependencies	2026-09-19T01:29:42.1375120Z + file_selector_linux 0.9.4+1
analyze	Get Dependencies	2026-09-19T01:29:42.1375546Z + file_selector_macos 0.9.5+1
analyze	Get Dependencies	2026-09-19T01:29:42.1375996Z + file_selector_platform_interface 2.7.0
analyze	Get Dependencies	2026-09-19T01:29:42.1376510Z + file_selector_windows 0.9.3+6
analyze	Get Dependencies	2026-09-19T01:29:42.1376960Z + flutter 0.0.0 from sdk flutter
analyze	Get Dependencies	2026-09-19T01:29:42.1377428Z + flutter_blue_plus 1.36.8 (2.3.12 available)
analyze	Get Dependencies	2026-09-19T01:29:42.1377985Z + flutter_blue_plus_android 7.0.4 (9.0.3 available)
analyze	Get Dependencies	2026-09-19T01:29:42.1378565Z + flutter_blue_plus_darwin 7.0.3 (9.0.4 available)
analyze	Get Dependencies	2026-09-19T01:29:42.1379131Z + flutter_blue_plus_linux 7.0.3 (9.0.3 available)
analyze	Get Dependencies	2026-09-19T01:29:42.1381460Z + flutter_blue_plus_platform_interface 7.0.0 (9.0.3 available)
analyze	Get Dependencies	2026-09-19T01:29:42.1382615Z + flutter_blue_plus_web 7.0.2 (9.0.3 available)
analyze	Get Dependencies	2026-09-19T01:29:42.1383152Z + flutter_lints 5.0.0 (6.0.0 available)
analyze	Get Dependencies	2026-09-19T01:29:42.1383663Z + flutter_plugin_android_lifecycle 2.0.35
analyze	Get Dependencies	2026-09-19T01:29:42.1384180Z + flutter_test 0.0.0 from sdk flutter
analyze	Get Dependencies	2026-09-19T01:29:42.1384681Z + flutter_web_plugins 0.0.0 from sdk flutter
analyze	Get Dependencies	2026-09-19T01:29:42.1385178Z + gbk_codec 0.4.0
analyze	Get Dependencies	2026-09-19T01:29:42.1385529Z + hex 0.2.0
analyze	Get Dependencies	2026-09-19T01:29:42.1385853Z + hooks 2.2.0
analyze	Get Dependencies	2026-09-19T01:29:42.1386190Z + html 0.15.7
analyze	Get Dependencies	2026-09-19T01:29:42.1386521Z + http 1.6.0
analyze	Get Dependencies	2026-09-19T01:29:42.1386941Z + http_parser 4.1.2
analyze	Get Dependencies	2026-09-19T01:29:42.1387316Z + image 3.3.0 (4.10.1 available)
analyze	Get Dependencies	2026-09-19T01:29:42.1387751Z + image_picker 1.2.3
analyze	Get Dependencies	2026-09-19T01:29:42.1388144Z + image_picker_android 0.8.13+23
analyze	Get Dependencies	2026-09-19T01:29:42.1388592Z + image_picker_for_web 3.1.1
analyze	Get Dependencies	2026-09-19T01:29:42.1389057Z + image_picker_ios 0.8.13+7
analyze	Get Dependencies	2026-09-19T01:29:42.1389489Z + image_picker_linux 0.2.2
analyze	Get Dependencies	2026-09-19T01:29:42.1389916Z + image_picker_macos 0.2.2+1
analyze	Get Dependencies	2026-09-19T01:29:42.1390613Z + image_picker_platform_interface 2.11.1
analyze	Get Dependencies	2026-09-19T01:29:42.1391113Z + image_picker_windows 0.2.2
analyze	Get Dependencies	2026-09-19T01:29:42.1391523Z + intl 0.20.3
analyze	Get Dependencies	2026-09-19T01:29:42.1391852Z + jni 1.0.3
analyze	Get Dependencies	2026-09-19T01:29:42.1392195Z + jni_flutter 1.0.3
analyze	Get Dependencies	2026-09-19T01:29:42.1392577Z + jni_util 1.0.0
analyze	Get Dependencies	2026-09-19T01:29:42.1392907Z + leak_tracker 11.0.2
analyze	Get Dependencies	2026-09-19T01:29:42.1393314Z + leak_tracker_flutter_testing 3.0.10
analyze	Get Dependencies	2026-09-19T01:29:42.1393782Z + leak_tracker_testing 3.0.2
analyze	Get Dependencies	2026-09-19T01:29:42.1394192Z + lints 5.1.1 (6.1.0 available)
analyze	Get Dependencies	2026-09-19T01:29:42.1394585Z + logging 1.3.0
analyze	Get Dependencies	2026-09-19T01:29:42.1394925Z + matcher 0.12.20
analyze	Get Dependencies	2026-09-19T01:29:42.1395333Z + material_color_utilities 0.13.0 (0.13.1 available)
analyze	Get Dependencies	2026-09-19T01:29:42.1395827Z + meta 1.19.0
analyze	Get Dependencies	2026-09-19T01:29:42.1396149Z + mime 2.1.0
analyze	Get Dependencies	2026-09-19T01:29:42.1396464Z + mobile_scanner 7.4.2
analyze	Get Dependencies	2026-09-19T01:29:42.1396838Z + nested 1.0.0
analyze	Get Dependencies	2026-09-19T01:29:42.1397209Z + objective_c 9.6.0
analyze	Get Dependencies	2026-09-19T01:29:42.1397952Z + package_config 3.0.0
analyze	Get Dependencies	2026-09-19T01:29:42.1398392Z + package_info_plus 8.3.1 (10.2.1 available)
analyze	Get Dependencies	2026-09-19T01:29:42.1399029Z + package_info_plus_platform_interface 3.2.1 (4.1.0 available)
analyze	Get Dependencies	2026-09-19T01:29:42.1399628Z + path 1.9.1
analyze	Get Dependencies	2026-09-19T01:29:42.1399980Z + path_provider 2.1.6
analyze	Get Dependencies	2026-09-19T01:29:42.1400853Z + path_provider_android 2.3.1
analyze	Get Dependencies	2026-09-19T01:29:42.1401328Z + path_provider_foundation 2.6.0
analyze	Get Dependencies	2026-09-19T01:29:42.1401785Z + path_provider_linux 2.2.2
analyze	Get Dependencies	2026-09-19T01:29:42.1402228Z + path_provider_platform_interface 2.1.3
analyze	Get Dependencies	2026-09-19T01:29:42.1402747Z + path_provider_windows 2.3.0
analyze	Get Dependencies	2026-09-19T01:29:42.1403159Z + petitparser 7.0.2
analyze	Get Dependencies	2026-09-19T01:29:42.1403530Z + platform 3.2.0
analyze	Get Dependencies	2026-09-19T01:29:42.1403900Z + plugin_platform_interface 2.1.8
analyze	Get Dependencies	2026-09-19T01:29:42.1404354Z + provider 6.1.5+1
analyze	Get Dependencies	2026-09-19T01:29:42.1404759Z + pub_semver 2.2.1
analyze	Get Dependencies	2026-09-19T01:29:42.1405127Z + qr 3.0.2 (4.0.0 available)
analyze	Get Dependencies	2026-09-19T01:29:42.1405534Z + qr_flutter 4.1.0
analyze	Get Dependencies	2026-09-19T01:29:42.1405894Z + record_use 1.1.1
analyze	Get Dependencies	2026-09-19T01:29:42.1406266Z + rxdart 0.28.0
analyze	Get Dependencies	2026-09-19T01:29:42.1406634Z + shared_preferences 2.5.5
analyze	Get Dependencies	2026-09-19T01:29:42.1407085Z + shared_preferences_android 2.4.28
analyze	Get Dependencies	2026-09-19T01:29:42.1407581Z + shared_preferences_foundation 2.5.7
analyze	Get Dependencies	2026-09-19T01:29:42.1408080Z + shared_preferences_linux 2.4.1
analyze	Get Dependencies	2026-09-19T01:29:42.1408583Z + shared_preferences_platform_interface 2.4.2
analyze	Get Dependencies	2026-09-19T01:29:42.1409120Z + shared_preferences_web 2.4.3
analyze	Get Dependencies	2026-09-19T01:29:42.1409582Z + shared_preferences_windows 2.4.1
analyze	Get Dependencies	2026-09-19T01:29:42.1410052Z + sky_engine 0.0.0 from sdk flutter
analyze	Get Dependencies	2026-09-19T01:29:42.1410777Z + source_span 1.10.2
analyze	Get Dependencies	2026-09-19T01:29:42.1411162Z + sqflite 2.4.4
analyze	Get Dependencies	2026-09-19T01:29:42.1411518Z + sqflite_android 2.4.4
analyze	Get Dependencies	2026-09-19T01:29:42.1411913Z + sqflite_common 2.5.13
analyze	Get Dependencies	2026-09-19T01:29:42.1412299Z + sqflite_darwin 2.4.4
analyze	Get Dependencies	2026-09-19T01:29:42.1412709Z + sqflite_platform_interface 2.4.2
analyze	Get Dependencies	2026-09-19T01:29:42.1413175Z + stack_trace 1.12.2
analyze	Get Dependencies	2026-09-19T01:29:42.1413552Z + stream_channel 2.1.4
analyze	Get Dependencies	2026-09-19T01:29:42.1413967Z + string_scanner 1.4.1
analyze	Get Dependencies	2026-09-19T01:29:42.1414604Z + synchronized 3.4.2
analyze	Get Dependencies	2026-09-19T01:29:42.1415020Z + term_glyph 1.2.2
analyze	Get Dependencies	2026-09-19T01:29:42.1415426Z + test_api 0.7.12 (0.7.14 available)
analyze	Get Dependencies	2026-09-19T01:29:42.1415881Z + typed_data 1.4.0
analyze	Get Dependencies	2026-09-19T01:29:42.1416245Z + vector_math 2.4.3
analyze	Get Dependencies	2026-09-19T01:29:42.1416608Z + vm_service 15.3.0
analyze	Get Dependencies	2026-09-19T01:29:42.1416958Z + web 1.1.1
analyze	Get Dependencies	2026-09-19T01:29:42.1417294Z + win32 5.15.0 (6.4.0 available)
analyze	Get Dependencies	2026-09-19T01:29:42.1417732Z + xdg_directories 1.1.0
analyze	Get Dependencies	2026-09-19T01:29:42.1418120Z + xml 6.6.1 (7.0.1 available)
analyze	Get Dependencies	2026-09-19T01:29:42.1418525Z + yaml 3.1.4
analyze	Get Dependencies	2026-09-19T01:29:42.1418892Z Changed 112 dependencies!
analyze	Get Dependencies	2026-09-19T01:29:42.1419511Z 18 packages have newer versions incompatible with dependency constraints.
analyze	Get Dependencies	2026-09-19T01:29:42.1420612Z Try `flutter pub outdated` for more information.
analyze	Get Dependencies	2026-09-19T01:29:42.2940954Z Upgrading analysis_options.yaml to exclude build and platform directories.
analyze	Analyze (Before)	﻿2026-09-19T01:29:42.3829584Z ##[group]Run echo "=== ANALYZE SEBELUM FIX ==="
analyze	Analyze (Before)	2026-09-19T01:29:42.3830002Z ^[[36;1mecho "=== ANALYZE SEBELUM FIX ==="^[[0m
analyze	Analyze (Before)	2026-09-19T01:29:42.3830908Z ^[[36;1mflutter analyze --no-fatal-infos --no-fatal-warnings || true^[[0m
analyze	Analyze (Before)	2026-09-19T01:29:42.3867439Z shell: /usr/bin/bash -e {0}
analyze	Analyze (Before)	2026-09-19T01:29:42.3867705Z env:
analyze	Analyze (Before)	2026-09-19T01:29:42.3868024Z   FLUTTER_ROOT: /opt/hostedtoolcache/flutter/stable-3.47.5-x64/flutter
analyze	Analyze (Before)	2026-09-19T01:29:42.3868430Z   PUB_CACHE: /home/runner/.pub-cache
analyze	Analyze (Before)	2026-09-19T01:29:42.3868694Z ##[endgroup]
analyze	Analyze (Before)	2026-09-19T01:29:42.3924245Z === ANALYZE SEBELUM FIX ===
analyze	Analyze (Before)	2026-09-19T01:29:54.6197508Z Analyzing pos_v2...                                             
analyze	Analyze (Before)	2026-09-19T01:29:54.6205260Z 
analyze	Analyze (Before)	2026-09-19T01:29:54.6253104Z warning • Unused import: 'package:path_provider/path_provider.dart'. Try removing the import directive • lib/core/services/export_service.dart:5:8 • unused_import
analyze	Analyze (Before)	2026-09-19T01:29:54.6255415Z warning • Unused import: 'package:sqflite/sqflite.dart'. Try removing the import directive • lib/core/services/export_service.dart:6:8 • unused_import
analyze	Analyze (Before)	2026-09-19T01:29:54.6265449Z    info • Don't use 'BuildContext's across async gaps. Try rewriting the code to not use the 'BuildContext', or guard the use with a 'mounted' check • lib/views/category_list_view.dart:19:28 • use_build_context_synchronously
analyze	Analyze (Before)	2026-09-19T01:29:54.6266883Z warning • The declaration '_deleteCategory' isn't referenced. Try removing the declaration of '_deleteCategory' • lib/views/expense_view.dart:180:16 • unused_element
analyze	Analyze (Before)	2026-09-19T01:29:54.6268268Z    info • Don't use 'BuildContext's across async gaps. Try rewriting the code to not use the 'BuildContext', or guard the use with a 'mounted' check • lib/views/expense_view.dart:215:23 • use_build_context_synchronously
analyze	Analyze (Before)	2026-09-19T01:29:54.6269773Z    info • Don't use 'BuildContext's across async gaps. Try rewriting the code to not use the 'BuildContext', or guard the use with a 'mounted' check • lib/views/expense_view.dart:216:7 • use_build_context_synchronously
analyze	Analyze (Before)	2026-09-19T01:29:54.6272477Z    info • Don't use 'BuildContext's across async gaps. Try rewriting the code to not use the 'BuildContext', or guard the use with a 'mounted' check • lib/views/expense_view.dart:286:11 • use_build_context_synchronously
analyze	Analyze (Before)	2026-09-19T01:29:54.6274957Z    info • Don't use 'BuildContext's across async gaps. Try rewriting the code to not use the 'BuildContext', or guard the use with a 'mounted' check • lib/views/home_view.dart:38:20 • use_build_context_synchronously
analyze	Analyze (Before)	2026-09-19T01:29:54.6276419Z    info • Don't use 'BuildContext's across async gaps. Try rewriting the code to not use the 'BuildContext', or guard the use with a 'mounted' check • lib/views/home_view.dart:39:7 • use_build_context_synchronously
analyze	Analyze (Before)	2026-09-19T01:29:54.6277909Z    info • Don't use 'BuildContext's across async gaps. Try rewriting the code to not use the 'BuildContext', or guard the use with a 'mounted' check • lib/views/home_view.dart:42:7 • use_build_context_synchronously
analyze	Analyze (Before)	2026-09-19T01:29:54.6279355Z    info • Don't use 'BuildContext's across async gaps. Try rewriting the code to not use the 'BuildContext', or guard the use with a 'mounted' check • lib/views/home_view.dart:45:7 • use_build_context_synchronously
analyze	Analyze (Before)	2026-09-19T01:29:54.6281446Z    info • Don't use 'BuildContext's across async gaps. Try rewriting the code to not use the 'BuildContext', or guard the use with a 'mounted' check • lib/views/info_toko_view.dart:33:13 • use_build_context_synchronously
analyze	Analyze (Before)	2026-09-19T01:29:54.6282930Z    info • Don't use 'BuildContext's across async gaps. Try rewriting the code to not use the 'BuildContext', or guard the use with a 'mounted' check • lib/views/info_toko_view.dart:63:13 • use_build_context_synchronously
analyze	Analyze (Before)	2026-09-19T01:29:54.6284409Z    info • Don't use 'BuildContext's across async gaps. Try rewriting the code to not use the 'BuildContext', or guard the use with a 'mounted' check • lib/views/info_toko_view.dart:78:13 • use_build_context_synchronously
analyze	Analyze (Before)	2026-09-19T01:29:54.6312330Z    info • 'groupValue' is deprecated and shouldn't be used. Use a RadioGroup ancestor to manage group value instead. This feature was deprecated after v3.32.0-0.0.pre. Try replacing the use of the deprecated member with the replacement • lib/views/info_toko_view.dart:204:25 • deprecated_member_use
analyze	Analyze (Before)	2026-09-19T01:29:54.6328979Z    info • 'onChanged' is deprecated and shouldn't be used. Use RadioGroup to handle value change instead. This feature was deprecated after v3.32.0-0.0.pre. Try replacing the use of the deprecated member with the replacement • lib/views/info_toko_view.dart:205:25 • deprecated_member_use
analyze	Analyze (Before)	2026-09-19T01:29:54.6332801Z    info • 'groupValue' is deprecated and shouldn't be used. Use a RadioGroup ancestor to manage group value instead. This feature was deprecated after v3.32.0-0.0.pre. Try replacing the use of the deprecated member with the replacement • lib/views/info_toko_view.dart:214:25 • deprecated_member_use
analyze	Analyze (Before)	2026-09-19T01:29:54.6334940Z    info • 'onChanged' is deprecated and shouldn't be used. Use RadioGroup to handle value change instead. This feature was deprecated after v3.32.0-0.0.pre. Try replacing the use of the deprecated member with the replacement • lib/views/info_toko_view.dart:215:25 • deprecated_member_use
analyze	Analyze (Before)	2026-09-19T01:29:54.6336472Z warning • Unused import: '../core/services/auth_service.dart'. Try removing the import directive • lib/views/pin_view.dart:4:8 • unused_import
analyze	Analyze (Before)	2026-09-19T01:29:54.6337819Z    info • Don't use 'BuildContext's across async gaps. Try rewriting the code to not use the 'BuildContext', or guard the use with a 'mounted' check • lib/views/printer_settings_view.dart:21:28 • use_build_context_synchronously
analyze	Analyze (Before)	2026-09-19T01:29:54.6339391Z    info • Don't use 'BuildContext's across async gaps. Try rewriting the code to not use the 'BuildContext', or guard the use with a 'mounted' check • lib/views/product_form_view.dart:49:28 • use_build_context_synchronously
analyze	Analyze (Before)	2026-09-19T01:29:54.6341898Z    info • Don't use 'BuildContext's across async gaps. Try rewriting the code to not use the 'BuildContext', or guard the use with a 'mounted' check • lib/views/product_list_view.dart:31:7 • use_build_context_synchronously
analyze	Analyze (Before)	2026-09-19T01:29:54.6345016Z    info • Don't use 'BuildContext's across async gaps. Try rewriting the code to not use the 'BuildContext', or guard the use with a 'mounted' check • lib/views/product_list_view.dart:32:7 • use_build_context_synchronously
analyze	Analyze (Before)	2026-09-19T01:29:54.6346701Z    info • Don't use 'BuildContext's across async gaps. Try rewriting the code to not use the 'BuildContext', or guard the use with a 'mounted' check • lib/views/product_list_view.dart:101:20 • use_build_context_synchronously
analyze	Analyze (Before)	2026-09-19T01:29:54.6349480Z    info • Don't use 'BuildContext's across async gaps, guarded by an unrelated 'mounted' check. Guard a 'State.context' use with a 'mounted' check on the State, and other BuildContext use with a 'mounted' check on the BuildContext • lib/views/product_list_view.dart:349:49 • use_build_context_synchronously
analyze	Analyze (Before)	2026-09-19T01:29:54.6353689Z    info • Don't use 'BuildContext's across async gaps, guarded by an unrelated 'mounted' check. Guard a 'State.context' use with a 'mounted' check on the State, and other BuildContext use with a 'mounted' check on the BuildContext • lib/views/product_list_view.dart:360:58 • use_build_context_synchronously
analyze	Analyze (Before)	2026-09-19T01:29:54.6356975Z warning • Unused import: 'package:qr_flutter/qr_flutter.dart'. Try removing the import directive • lib/views/retail_pos_view.dart:3:8 • unused_import
analyze	Analyze (Before)	2026-09-19T01:29:54.6359459Z    info • Don't use 'BuildContext's across async gaps. Try rewriting the code to not use the 'BuildContext', or guard the use with a 'mounted' check • lib/views/retail_pos_view.dart:35:7 • use_build_context_synchronously
analyze	Analyze (Before)	2026-09-19T01:29:54.6362664Z    info • Don't use 'BuildContext's across async gaps. Try rewriting the code to not use the 'BuildContext', or guard the use with a 'mounted' check • lib/views/retail_pos_view.dart:36:7 • use_build_context_synchronously
analyze	Analyze (Before)	2026-09-19T01:29:54.6365541Z    info • Don't use 'BuildContext's across async gaps. Try rewriting the code to not use the 'BuildContext', or guard the use with a 'mounted' check • lib/views/retail_pos_view.dart:37:7 • use_build_context_synchronously
analyze	Analyze (Before)	2026-09-19T01:29:54.6367335Z warning • The value of the local variable 'cart' isn't used. Try removing the variable or using it • lib/views/retail_pos_view.dart:51:11 • unused_local_variable
analyze	Analyze (Before)	2026-09-19T01:29:54.6368686Z    info • Don't use 'BuildContext's across async gaps. Try rewriting the code to not use the 'BuildContext', or guard the use with a 'mounted' check • lib/views/retail_pos_view.dart:573:25 • use_build_context_synchronously
analyze	Analyze (Before)	2026-09-19T01:29:54.6370813Z    info • 'itf' is deprecated and shouldn't be used. Use BarcodeFormats.itf14 instead. Try replacing the use of the deprecated member with the replacement • lib/views/scanner/barcode_scanner_view.dart:25:21 • deprecated_member_use
analyze	Analyze (Before)	2026-09-19T01:29:54.6372472Z    info • Don't use 'BuildContext's across async gaps. Try rewriting the code to not use the 'BuildContext', or guard the use with a 'mounted' check • lib/views/shift/shift_detail_view.dart:31:21 • use_build_context_synchronously
analyze	Analyze (Before)	2026-09-19T01:29:54.6374023Z    info • Don't use 'BuildContext's across async gaps. Try rewriting the code to not use the 'BuildContext', or guard the use with a 'mounted' check • lib/views/shift_view.dart:27:20 • use_build_context_synchronously
analyze	Analyze (Before)	2026-09-19T01:29:54.6375532Z    info • Don't use 'BuildContext's across async gaps. Try rewriting the code to not use the 'BuildContext', or guard the use with a 'mounted' check • lib/views/shift_view.dart:28:7 • use_build_context_synchronously
analyze	Analyze (Before)	2026-09-19T01:29:54.6377105Z    info • Don't use 'BuildContext's across async gaps. Try rewriting the code to not use the 'BuildContext', or guard the use with a 'mounted' check • lib/views/splash_view.dart:21:20 • use_build_context_synchronously
analyze	Analyze (Before)	2026-09-19T01:29:54.6378481Z warning • Unused import: 'package:provider/provider.dart'. Try removing the import directive • lib/views/stock/stock_report_view.dart:2:8 • unused_import
analyze	Analyze (Before)	2026-09-19T01:29:54.6379642Z warning • Unused import: '../../viewmodels/product_viewmodel.dart'. Try removing the import directive • lib/views/stock/stock_report_view.dart:8:8 • unused_import
analyze	Analyze (Before)	2026-09-19T01:29:54.6381719Z    info • Don't use 'BuildContext's across async gaps. Try rewriting the code to not use the 'BuildContext', or guard the use with a 'mounted' check • lib/views/user/user_management_view.dart:22:28 • use_build_context_synchronously
analyze	Analyze (Before)	2026-09-19T01:29:54.6383343Z    info • Don't use 'BuildContext's across async gaps. Try rewriting the code to not use the 'BuildContext', or guard the use with a 'mounted' check • lib/views/user/user_management_view.dart:110:16 • use_build_context_synchronously
analyze	Analyze (Before)	2026-09-19T01:29:54.6384927Z    info • Don't use 'BuildContext's across async gaps. Try rewriting the code to not use the 'BuildContext', or guard the use with a 'mounted' check • lib/views/user/user_management_view.dart:166:27 • use_build_context_synchronously
analyze	Analyze (Before)	2026-09-19T01:29:54.6386509Z    info • Don't use 'BuildContext's across async gaps. Try rewriting the code to not use the 'BuildContext', or guard the use with a 'mounted' check • lib/views/user/user_management_view.dart:168:13 • use_build_context_synchronously
analyze	Analyze (Before)	2026-09-19T01:29:54.6387509Z 
analyze	Analyze (Before)	2026-09-19T01:29:54.6402622Z 43 issues found. (ran in 11.5s)
analyze	Auto Fix	﻿2026-09-19T01:29:54.6509809Z ##[group]Run echo "=== DART FIX APPLY ==="
analyze	Auto Fix	2026-09-19T01:29:54.6510626Z ^[[36;1mecho "=== DART FIX APPLY ==="^[[0m
analyze	Auto Fix	2026-09-19T01:29:54.6511134Z ^[[36;1mdart fix --apply || true^[[0m
analyze	Auto Fix	2026-09-19T01:29:54.6558978Z shell: /usr/bin/bash -e {0}
analyze	Auto Fix	2026-09-19T01:29:54.6559393Z env:
analyze	Auto Fix	2026-09-19T01:29:54.6559902Z   FLUTTER_ROOT: /opt/hostedtoolcache/flutter/stable-3.47.5-x64/flutter
analyze	Auto Fix	2026-09-19T01:29:54.6560768Z   PUB_CACHE: /home/runner/.pub-cache
analyze	Auto Fix	2026-09-19T01:29:54.6561222Z ##[endgroup]
analyze	Auto Fix	2026-09-19T01:29:54.6630513Z === DART FIX APPLY ===
analyze	Auto Fix	2026-09-19T01:29:54.6789544Z Computing fixes in pos_v2...
analyze	Auto Fix	2026-09-19T01:30:03.7514897Z Applying fixes...
analyze	Auto Fix	2026-09-19T01:30:03.7523188Z 
analyze	Auto Fix	2026-09-19T01:30:03.7523570Z lib/core/services/export_service.dart
analyze	Auto Fix	2026-09-19T01:30:03.7524162Z   unused_import - 2 fixes
analyze	Auto Fix	2026-09-19T01:30:03.7524514Z 
analyze	Auto Fix	2026-09-19T01:30:03.7524682Z lib/views/pin_view.dart
analyze	Auto Fix	2026-09-19T01:30:03.7525103Z   unused_import - 1 fix
analyze	Auto Fix	2026-09-19T01:30:03.7525380Z 
analyze	Auto Fix	2026-09-19T01:30:03.7525627Z lib/views/retail_pos_view.dart
analyze	Auto Fix	2026-09-19T01:30:03.7526157Z   unused_import - 1 fix
analyze	Auto Fix	2026-09-19T01:30:03.7526402Z 
analyze	Auto Fix	2026-09-19T01:30:03.7526586Z lib/views/stock/stock_report_view.dart
analyze	Auto Fix	2026-09-19T01:30:03.7527059Z   unused_import - 2 fixes
analyze	Auto Fix	2026-09-19T01:30:03.7527314Z 
analyze	Auto Fix	2026-09-19T01:30:03.7527464Z 6 fixes made in 4 files.
analyze	Analyze (After)	﻿2026-09-19T01:30:03.7975438Z ##[group]Run echo "=== ANALYZE SETELAH FIX ==="
analyze	Analyze (After)	2026-09-19T01:30:03.7975863Z ^[[36;1mecho "=== ANALYZE SETELAH FIX ==="^[[0m
analyze	Analyze (After)	2026-09-19T01:30:03.7976280Z ^[[36;1mflutter analyze --no-fatal-infos --no-fatal-warnings || true^[[0m
analyze	Analyze (After)	2026-09-19T01:30:03.8013123Z shell: /usr/bin/bash -e {0}
analyze	Analyze (After)	2026-09-19T01:30:03.8013392Z env:
analyze	Analyze (After)	2026-09-19T01:30:03.8013709Z   FLUTTER_ROOT: /opt/hostedtoolcache/flutter/stable-3.47.5-x64/flutter
analyze	Analyze (After)	2026-09-19T01:30:03.8014128Z   PUB_CACHE: /home/runner/.pub-cache
analyze	Analyze (After)	2026-09-19T01:30:03.8014411Z ##[endgroup]
analyze	Analyze (After)	2026-09-19T01:30:03.8071051Z === ANALYZE SETELAH FIX ===
analyze	Analyze (After)	2026-09-19T01:30:09.5179063Z Analyzing pos_v2...                                             
analyze	Analyze (After)	2026-09-19T01:30:09.5185879Z 
analyze	Analyze (After)	2026-09-19T01:30:09.5221345Z    info • Don't use 'BuildContext's across async gaps. Try rewriting the code to not use the 'BuildContext', or guard the use with a 'mounted' check • lib/views/category_list_view.dart:19:28 • use_build_context_synchronously
analyze	Analyze (After)	2026-09-19T01:30:09.5224636Z warning • The declaration '_deleteCategory' isn't referenced. Try removing the declaration of '_deleteCategory' • lib/views/expense_view.dart:180:16 • unused_element
analyze	Analyze (After)	2026-09-19T01:30:09.5227204Z    info • Don't use 'BuildContext's across async gaps. Try rewriting the code to not use the 'BuildContext', or guard the use with a 'mounted' check • lib/views/expense_view.dart:215:23 • use_build_context_synchronously
analyze	Analyze (After)	2026-09-19T01:30:09.5232079Z    info • Don't use 'BuildContext's across async gaps. Try rewriting the code to not use the 'BuildContext', or guard the use with a 'mounted' check • lib/views/expense_view.dart:216:7 • use_build_context_synchronously
analyze	Analyze (After)	2026-09-19T01:30:09.5234815Z    info • Don't use 'BuildContext's across async gaps. Try rewriting the code to not use the 'BuildContext', or guard the use with a 'mounted' check • lib/views/expense_view.dart:286:11 • use_build_context_synchronously
analyze	Analyze (After)	2026-09-19T01:30:09.5252288Z    info • Don't use 'BuildContext's across async gaps. Try rewriting the code to not use the 'BuildContext', or guard the use with a 'mounted' check • lib/views/home_view.dart:38:20 • use_build_context_synchronously
analyze	Analyze (After)	2026-09-19T01:30:09.5255597Z    info • Don't use 'BuildContext's across async gaps. Try rewriting the code to not use the 'BuildContext', or guard the use with a 'mounted' check • lib/views/home_view.dart:39:7 • use_build_context_synchronously
analyze	Analyze (After)	2026-09-19T01:30:09.5258674Z    info • Don't use 'BuildContext's across async gaps. Try rewriting the code to not use the 'BuildContext', or guard the use with a 'mounted' check • lib/views/home_view.dart:42:7 • use_build_context_synchronously
analyze	Analyze (After)	2026-09-19T01:30:09.5262276Z    info • Don't use 'BuildContext's across async gaps. Try rewriting the code to not use the 'BuildContext', or guard the use with a 'mounted' check • lib/views/home_view.dart:45:7 • use_build_context_synchronously
analyze	Analyze (After)	2026-09-19T01:30:09.5265394Z    info • Don't use 'BuildContext's across async gaps. Try rewriting the code to not use the 'BuildContext', or guard the use with a 'mounted' check • lib/views/info_toko_view.dart:33:13 • use_build_context_synchronously
analyze	Analyze (After)	2026-09-19T01:30:09.5268493Z    info • Don't use 'BuildContext's across async gaps. Try rewriting the code to not use the 'BuildContext', or guard the use with a 'mounted' check • lib/views/info_toko_view.dart:63:13 • use_build_context_synchronously
analyze	Analyze (After)	2026-09-19T01:30:09.5271915Z    info • Don't use 'BuildContext's across async gaps. Try rewriting the code to not use the 'BuildContext', or guard the use with a 'mounted' check • lib/views/info_toko_view.dart:78:13 • use_build_context_synchronously
analyze	Analyze (After)	2026-09-19T01:30:09.5275593Z    info • 'groupValue' is deprecated and shouldn't be used. Use a RadioGroup ancestor to manage group value instead. This feature was deprecated after v3.32.0-0.0.pre. Try replacing the use of the deprecated member with the replacement • lib/views/info_toko_view.dart:204:25 • deprecated_member_use
analyze	Analyze (After)	2026-09-19T01:30:09.5279671Z    info • 'onChanged' is deprecated and shouldn't be used. Use RadioGroup to handle value change instead. This feature was deprecated after v3.32.0-0.0.pre. Try replacing the use of the deprecated member with the replacement • lib/views/info_toko_view.dart:205:25 • deprecated_member_use
analyze	Analyze (After)	2026-09-19T01:30:09.5284298Z    info • 'groupValue' is deprecated and shouldn't be used. Use a RadioGroup ancestor to manage group value instead. This feature was deprecated after v3.32.0-0.0.pre. Try replacing the use of the deprecated member with the replacement • lib/views/info_toko_view.dart:214:25 • deprecated_member_use
analyze	Analyze (After)	2026-09-19T01:30:09.5292610Z    info • 'onChanged' is deprecated and shouldn't be used. Use RadioGroup to handle value change instead. This feature was deprecated after v3.32.0-0.0.pre. Try replacing the use of the deprecated member with the replacement • lib/views/info_toko_view.dart:215:25 • deprecated_member_use
analyze	Analyze (After)	2026-09-19T01:30:09.5299845Z    info • Don't use 'BuildContext's across async gaps. Try rewriting the code to not use the 'BuildContext', or guard the use with a 'mounted' check • lib/views/printer_settings_view.dart:21:28 • use_build_context_synchronously
analyze	Analyze (After)	2026-09-19T01:30:09.5302358Z    info • Don't use 'BuildContext's across async gaps. Try rewriting the code to not use the 'BuildContext', or guard the use with a 'mounted' check • lib/views/product_form_view.dart:49:28 • use_build_context_synchronously
analyze	Analyze (After)	2026-09-19T01:30:09.5304264Z    info • Don't use 'BuildContext's across async gaps. Try rewriting the code to not use the 'BuildContext', or guard the use with a 'mounted' check • lib/views/product_list_view.dart:31:7 • use_build_context_synchronously
analyze	Analyze (After)	2026-09-19T01:30:09.5306142Z    info • Don't use 'BuildContext's across async gaps. Try rewriting the code to not use the 'BuildContext', or guard the use with a 'mounted' check • lib/views/product_list_view.dart:32:7 • use_build_context_synchronously
analyze	Analyze (After)	2026-09-19T01:30:09.5308042Z    info • Don't use 'BuildContext's across async gaps. Try rewriting the code to not use the 'BuildContext', or guard the use with a 'mounted' check • lib/views/product_list_view.dart:101:20 • use_build_context_synchronously
analyze	Analyze (After)	2026-09-19T01:30:09.5310672Z    info • Don't use 'BuildContext's across async gaps, guarded by an unrelated 'mounted' check. Guard a 'State.context' use with a 'mounted' check on the State, and other BuildContext use with a 'mounted' check on the BuildContext • lib/views/product_list_view.dart:349:49 • use_build_context_synchronously
analyze	Analyze (After)	2026-09-19T01:30:09.5314589Z    info • Don't use 'BuildContext's across async gaps, guarded by an unrelated 'mounted' check. Guard a 'State.context' use with a 'mounted' check on the State, and other BuildContext use with a 'mounted' check on the BuildContext • lib/views/product_list_view.dart:360:58 • use_build_context_synchronously
analyze	Analyze (After)	2026-09-19T01:30:09.5317476Z    info • Don't use 'BuildContext's across async gaps. Try rewriting the code to not use the 'BuildContext', or guard the use with a 'mounted' check • lib/views/retail_pos_view.dart:34:7 • use_build_context_synchronously
analyze	Analyze (After)	2026-09-19T01:30:09.5319009Z    info • Don't use 'BuildContext's across async gaps. Try rewriting the code to not use the 'BuildContext', or guard the use with a 'mounted' check • lib/views/retail_pos_view.dart:35:7 • use_build_context_synchronously
analyze	Analyze (After)	2026-09-19T01:30:09.5320884Z    info • Don't use 'BuildContext's across async gaps. Try rewriting the code to not use the 'BuildContext', or guard the use with a 'mounted' check • lib/views/retail_pos_view.dart:36:7 • use_build_context_synchronously
analyze	Analyze (After)	2026-09-19T01:30:09.5322220Z warning • The value of the local variable 'cart' isn't used. Try removing the variable or using it • lib/views/retail_pos_view.dart:50:11 • unused_local_variable
analyze	Analyze (After)	2026-09-19T01:30:09.5323565Z    info • Don't use 'BuildContext's across async gaps. Try rewriting the code to not use the 'BuildContext', or guard the use with a 'mounted' check • lib/views/retail_pos_view.dart:572:25 • use_build_context_synchronously
analyze	Analyze (After)	2026-09-19T01:30:09.5325161Z    info • 'itf' is deprecated and shouldn't be used. Use BarcodeFormats.itf14 instead. Try replacing the use of the deprecated member with the replacement • lib/views/scanner/barcode_scanner_view.dart:25:21 • deprecated_member_use
analyze	Analyze (After)	2026-09-19T01:30:09.5326967Z    info • Don't use 'BuildContext's across async gaps. Try rewriting the code to not use the 'BuildContext', or guard the use with a 'mounted' check • lib/views/shift/shift_detail_view.dart:31:21 • use_build_context_synchronously
analyze	Analyze (After)	2026-09-19T01:30:09.5328489Z    info • Don't use 'BuildContext's across async gaps. Try rewriting the code to not use the 'BuildContext', or guard the use with a 'mounted' check • lib/views/shift_view.dart:27:20 • use_build_context_synchronously
analyze	Analyze (After)	2026-09-19T01:30:09.5329963Z    info • Don't use 'BuildContext's across async gaps. Try rewriting the code to not use the 'BuildContext', or guard the use with a 'mounted' check • lib/views/shift_view.dart:28:7 • use_build_context_synchronously
analyze	Analyze (After)	2026-09-19T01:30:09.5331701Z    info • Don't use 'BuildContext's across async gaps. Try rewriting the code to not use the 'BuildContext', or guard the use with a 'mounted' check • lib/views/splash_view.dart:21:20 • use_build_context_synchronously
analyze	Analyze (After)	2026-09-19T01:30:09.5333252Z    info • Don't use 'BuildContext's across async gaps. Try rewriting the code to not use the 'BuildContext', or guard the use with a 'mounted' check • lib/views/user/user_management_view.dart:22:28 • use_build_context_synchronously
analyze	Analyze (After)	2026-09-19T01:30:09.5334858Z    info • Don't use 'BuildContext's across async gaps. Try rewriting the code to not use the 'BuildContext', or guard the use with a 'mounted' check • lib/views/user/user_management_view.dart:110:16 • use_build_context_synchronously
analyze	Analyze (After)	2026-09-19T01:30:09.5336474Z    info • Don't use 'BuildContext's across async gaps. Try rewriting the code to not use the 'BuildContext', or guard the use with a 'mounted' check • lib/views/user/user_management_view.dart:166:27 • use_build_context_synchronously
analyze	Analyze (After)	2026-09-19T01:30:09.5338051Z    info • Don't use 'BuildContext's across async gaps. Try rewriting the code to not use the 'BuildContext', or guard the use with a 'mounted' check • lib/views/user/user_management_view.dart:168:13 • use_build_context_synchronously
analyze	Analyze (After)	2026-09-19T01:30:09.5338834Z 
analyze	Analyze (After)	2026-09-19T01:30:09.5351224Z 37 issues found. (ran in 5.0s)
analyze	Commit and Push if Changed	﻿2026-09-19T01:30:09.5478818Z ##[group]Run git config user.name "github-actions[bot]"
analyze	Commit and Push if Changed	2026-09-19T01:30:09.5479286Z ^[[36;1mgit config user.name "github-actions[bot]"^[[0m
analyze	Commit and Push if Changed	2026-09-19T01:30:09.5479728Z ^[[36;1mgit config user.email "github-actions[bot]@users.noreply.github.com"^[[0m
analyze	Commit and Push if Changed	2026-09-19T01:30:09.5480632Z ^[[36;1mif [ -n "$(git status -s)" ]; then^[[0m
analyze	Commit and Push if Changed	2026-09-19T01:30:09.5480926Z ^[[36;1m  git add .^[[0m
analyze	Commit and Push if Changed	2026-09-19T01:30:09.5481278Z ^[[36;1m  git commit -m "chore: auto-fix unused imports and variables [skip ci]"^[[0m
analyze	Commit and Push if Changed	2026-09-19T01:30:09.5481674Z ^[[36;1m  git push^[[0m
analyze	Commit and Push if Changed	2026-09-19T01:30:09.5481920Z ^[[36;1m  echo "=== PERUBAHAN DI-PUSH ==="^[[0m
analyze	Commit and Push if Changed	2026-09-19T01:30:09.5482211Z ^[[36;1melse^[[0m
analyze	Commit and Push if Changed	2026-09-19T01:30:09.5482441Z ^[[36;1m  echo "=== TIDAK ADA PERUBAHAN ==="^[[0m
analyze	Commit and Push if Changed	2026-09-19T01:30:09.5482732Z ^[[36;1mfi^[[0m
analyze	Commit and Push if Changed	2026-09-19T01:30:09.5518641Z shell: /usr/bin/bash -e {0}
analyze	Commit and Push if Changed	2026-09-19T01:30:09.5518909Z env:
analyze	Commit and Push if Changed	2026-09-19T01:30:09.5519220Z   FLUTTER_ROOT: /opt/hostedtoolcache/flutter/stable-3.47.5-x64/flutter
analyze	Commit and Push if Changed	2026-09-19T01:30:09.5519630Z   PUB_CACHE: /home/runner/.pub-cache
analyze	Commit and Push if Changed	2026-09-19T01:30:09.5519945Z ##[endgroup]
analyze	Commit and Push if Changed	2026-09-19T01:30:09.5775788Z [main b8b52c4] chore: auto-fix unused imports and variables [skip ci]
analyze	Commit and Push if Changed	2026-09-19T01:30:09.5776369Z  7 files changed, 963 insertions(+), 6 deletions(-)
analyze	Commit and Push if Changed	2026-09-19T01:30:09.5776984Z  create mode 100644 android/app/src/main/java/io/flutter/plugins/GeneratedPluginRegistrant.java
analyze	Commit and Push if Changed	2026-09-19T01:30:09.5777543Z  create mode 100644 pubspec.lock
analyze	Commit and Push if Changed	2026-09-19T01:30:10.6526048Z To https://github.com/YusuP28/pos_v2
analyze	Commit and Push if Changed	2026-09-19T01:30:10.6526642Z    8122847..b8b52c4  main -> main
analyze	Commit and Push if Changed	2026-09-19T01:30:10.6565551Z === PERUBAHAN DI-PUSH ===
analyze	Post Setup Flutter	﻿2026-09-19T01:30:10.6730832Z Post job cleanup.
analyze	Post Setup Flutter	2026-09-19T01:30:10.6735029Z ##[start-action display=Cache pub dependencies;id=__52b35e34-2484-4995-8a74-1fe1de737849.cache-pub]
analyze	Post Setup Flutter	2026-09-19T01:30:10.7527182Z Post job cleanup.
analyze	Post Setup Flutter	2026-09-19T01:30:10.8848517Z Cache hit occurred on the primary key flutter-pub-linux-stable-3.47.5-x64-6a19cca56475dbfba1478ee68d7bd0c2ef891da1-, not saving cache.
analyze	Post Setup Flutter	2026-09-19T01:30:10.8933612Z ##[end-action id=__52b35e34-2484-4995-8a74-1fe1de737849.cache-pub;outcome=success;conclusion=success;duration_ms=219]
analyze	Post Setup Flutter	2026-09-19T01:30:10.8937972Z ##[start-action display=Cache Flutter;id=__52b35e34-2484-4995-8a74-1fe1de737849.cache-flutter]
analyze	Post Setup Flutter	2026-09-19T01:30:10.8999259Z Post job cleanup.
analyze	Post Setup Flutter	2026-09-19T01:30:11.0328535Z Cache hit occurred on the primary key flutter-linux-stable-3.47.5-x64-6a19cca56475dbfba1478ee68d7bd0c2ef891da1, not saving cache.
analyze	Post Setup Flutter	2026-09-19T01:30:11.0385995Z ##[end-action id=__52b35e34-2484-4995-8a74-1fe1de737849.cache-flutter;outcome=success;conclusion=success;duration_ms=144]
analyze	Post Checkout	﻿2026-09-19T01:30:11.0463085Z Post job cleanup.
analyze	Post Checkout	2026-09-19T01:30:11.1350855Z [command]/usr/bin/git version
analyze	Post Checkout	2026-09-19T01:30:11.1386734Z git version 2.55.0
analyze	Post Checkout	2026-09-19T01:30:11.1431626Z Temporarily overriding HOME='/home/runner/work/_temp/25316a43-b9b7-46e4-98c6-f90452ce3614' before making global git config changes
analyze	Post Checkout	2026-09-19T01:30:11.1433165Z Adding repository directory to the temporary git global config as a safe directory
analyze	Post Checkout	2026-09-19T01:30:11.1437727Z [command]/usr/bin/git config --global --add safe.directory /home/runner/work/pos_v2/pos_v2
analyze	Post Checkout	2026-09-19T01:30:11.1475423Z [command]/usr/bin/git config --local --name-only --get-regexp core\.sshCommand
analyze	Post Checkout	2026-09-19T01:30:11.1511746Z [command]/usr/bin/git submodule foreach --recursive sh -c "git config --local --name-only --get-regexp 'core\.sshCommand' && git config --local --unset-all 'core.sshCommand' || :"
analyze	Post Checkout	2026-09-19T01:30:11.1764716Z [command]/usr/bin/git config --local --name-only --get-regexp http\.https\:\/\/github\.com\/\.extraheader
analyze	Post Checkout	2026-09-19T01:30:11.1792813Z http.https://github.com/.extraheader
analyze	Post Checkout	2026-09-19T01:30:11.1804510Z [command]/usr/bin/git config --local --unset-all http.https://github.com/.extraheader
analyze	Post Checkout	2026-09-19T01:30:11.1840726Z [command]/usr/bin/git submodule foreach --recursive sh -c "git config --local --name-only --get-regexp 'http\.https\:\/\/github\.com\/\.extraheader' && git config --local --unset-all 'http.https://github.com/.extraheader' || :"
analyze	Post Checkout	2026-09-19T01:30:11.2105898Z [command]/usr/bin/git config --local --name-only --get-regexp ^includeIf\.gitdir:
analyze	Post Checkout	2026-09-19T01:30:11.2146999Z [command]/usr/bin/git submodule foreach --recursive git config --local --show-origin --name-only --get-regexp remote.origin.url
analyze	Complete job	﻿2026-09-19T01:30:11.2541496Z Cleaning up orphan processes
