build	Set up job	﻿2026-09-18T06:09:03.2540513Z Current runner version: '2.337.0'
build	Set up job	2026-09-18T06:09:03.2561979Z ##[group]Runner Image Provisioner
build	Set up job	2026-09-18T06:09:03.2562755Z Hosted Compute Agent
build	Set up job	2026-09-18T06:09:03.2563247Z Version: 20260828.587
build	Set up job	2026-09-18T06:09:03.2563762Z Commit: abac92662cab4cc7352de4f9f9d2e2419aad9c29
build	Set up job	2026-09-18T06:09:03.2564419Z Build Date: 2026-08-28T16:44:25Z
build	Set up job	2026-09-18T06:09:03.2565055Z Worker ID: {bf332500-108e-47d9-aad9-88bcc1f909b4}
build	Set up job	2026-09-18T06:09:03.2565734Z Azure Region: westus
build	Set up job	2026-09-18T06:09:03.2566214Z ##[endgroup]
build	Set up job	2026-09-18T06:09:03.2567299Z ##[group]Operating System
build	Set up job	2026-09-18T06:09:03.2567904Z Ubuntu
build	Set up job	2026-09-18T06:09:03.2568365Z 24.04.5
build	Set up job	2026-09-18T06:09:03.2568809Z LTS
build	Set up job	2026-09-18T06:09:03.2569243Z ##[endgroup]
build	Set up job	2026-09-18T06:09:03.2569694Z ##[group]Runner Image
build	Set up job	2026-09-18T06:09:03.2570250Z Image: ubuntu-24.04
build	Set up job	2026-09-18T06:09:03.2570762Z Version: 20260907.300.1
build	Set up job	2026-09-18T06:09:03.2571758Z Included Software: https://github.com/actions/runner-images/blob/ubuntu24/20260907.300/images/ubuntu/Ubuntu2404-Readme.md
build	Set up job	2026-09-18T06:09:03.2573153Z Image Release: https://github.com/actions/runner-images/releases/tag/ubuntu24%2F20260907.300
build	Set up job	2026-09-18T06:09:03.2574007Z ##[endgroup]
build	Set up job	2026-09-18T06:09:03.2574909Z ##[group]GITHUB_TOKEN Permissions
build	Set up job	2026-09-18T06:09:03.2576980Z Contents: write
build	Set up job	2026-09-18T06:09:03.2577488Z Metadata: read
build	Set up job	2026-09-18T06:09:03.2578003Z ##[endgroup]
build	Set up job	2026-09-18T06:09:03.2579758Z Secret source: Actions
build	Set up job	2026-09-18T06:09:03.2580604Z Cache mode: write
build	Set up job	2026-09-18T06:09:03.2581211Z Prepare workflow directory
build	Set up job	2026-09-18T06:09:03.2833679Z Prepare all required actions
build	Set up job	2026-09-18T06:09:03.2872353Z Getting action download info
build	Set up job	2026-09-18T06:09:03.6850036Z Download action repository 'actions/checkout@v5' (SHA:fbc6f3992d24b796d5a048ff273f7fcc4a7b6c09)
build	Set up job	2026-09-18T06:09:03.8596891Z Download action repository 'actions/setup-java@v5' (SHA:b6effb05e454b25005698d916606bdc6ffcbf961)
build	Set up job	2026-09-18T06:09:04.4086744Z Download action repository 'subosito/flutter-action@v2' (SHA:1a449444c387b1966244ae4d4f8c696479add0b2)
build	Set up job	2026-09-18T06:09:04.6340768Z Download action repository 'actions/upload-artifact@v4' (SHA:ea165f8d65b6e75b540449e92b4886f43607fa02)
build	Set up job	2026-09-18T06:09:04.8193079Z Download action repository 'softprops/action-gh-release@v2' (SHA:3bb12739c298aeb8a4eeaf626c5b8d85266b0e65)
build	Set up job	2026-09-18T06:09:05.1864401Z Getting action download info
build	Set up job	2026-09-18T06:09:05.3263133Z Download action repository 'actions/cache@v5' (SHA:caa296126883cff596d87d8935842f9db880ef25)
build	Set up job	2026-09-18T06:09:05.5068050Z Complete job name: build
build	Checkout	﻿2026-09-18T06:09:05.5697112Z ##[group]Run actions/checkout@v5
build	Checkout	2026-09-18T06:09:05.5697625Z with:
build	Checkout	2026-09-18T06:09:05.5697813Z   repository: YusuP28/pos_v2
build	Checkout	2026-09-18T06:09:05.5700142Z   token: ***
build	Checkout	2026-09-18T06:09:05.5700327Z   ssh-strict: true
build	Checkout	2026-09-18T06:09:05.5700512Z   ssh-user: git
build	Checkout	2026-09-18T06:09:05.5700696Z   persist-credentials: true
build	Checkout	2026-09-18T06:09:05.5700919Z   clean: true
build	Checkout	2026-09-18T06:09:05.5701110Z   sparse-checkout-cone-mode: true
build	Checkout	2026-09-18T06:09:05.5701365Z   fetch-depth: 1
build	Checkout	2026-09-18T06:09:05.5701562Z   fetch-tags: false
build	Checkout	2026-09-18T06:09:05.5702196Z   show-progress: true
build	Checkout	2026-09-18T06:09:05.5702376Z   lfs: false
build	Checkout	2026-09-18T06:09:05.5702538Z   submodules: false
build	Checkout	2026-09-18T06:09:05.5702717Z   set-safe-directory: true
build	Checkout	2026-09-18T06:09:05.5702929Z   allow-unsafe-pr-checkout: false
build	Checkout	2026-09-18T06:09:05.5703352Z ##[endgroup]
build	Checkout	2026-09-18T06:09:05.6502363Z Syncing repository: YusuP28/pos_v2
build	Checkout	2026-09-18T06:09:05.6503834Z ##[group]Getting Git version info
build	Checkout	2026-09-18T06:09:05.6504237Z Working directory is '/home/runner/work/pos_v2/pos_v2'
build	Checkout	2026-09-18T06:09:05.6504743Z [command]/usr/bin/git version
build	Checkout	2026-09-18T06:09:05.6571266Z git version 2.55.0
build	Checkout	2026-09-18T06:09:05.6604910Z ##[endgroup]
build	Checkout	2026-09-18T06:09:05.6624187Z Temporarily overriding HOME='/home/runner/work/_temp/e446818d-db96-459f-b8fb-f8d6c8e46f5e' before making global git config changes
build	Checkout	2026-09-18T06:09:05.6625298Z Adding repository directory to the temporary git global config as a safe directory
build	Checkout	2026-09-18T06:09:05.6629694Z [command]/usr/bin/git config --global --add safe.directory /home/runner/work/pos_v2/pos_v2
build	Checkout	2026-09-18T06:09:05.6674789Z Deleting the contents of '/home/runner/work/pos_v2/pos_v2'
build	Checkout	2026-09-18T06:09:05.6682885Z ##[group]Initializing the repository
build	Checkout	2026-09-18T06:09:05.6685927Z [command]/usr/bin/git init /home/runner/work/pos_v2/pos_v2
build	Checkout	2026-09-18T06:09:05.6840363Z hint: Using 'master' as the name for the initial branch. This default branch name
build	Checkout	2026-09-18T06:09:05.6841482Z hint: will change to "main" in Git 3.0. To configure the initial branch name
build	Checkout	2026-09-18T06:09:05.6842588Z hint: to use in all of your new repositories, which will suppress this warning,
build	Checkout	2026-09-18T06:09:05.6843245Z hint: call:
build	Checkout	2026-09-18T06:09:05.6843655Z hint:
build	Checkout	2026-09-18T06:09:05.6844168Z hint: 	git config --global init.defaultBranch <name>
build	Checkout	2026-09-18T06:09:05.6844745Z hint:
build	Checkout	2026-09-18T06:09:05.6845553Z hint: Names commonly chosen instead of 'master' are 'main', 'trunk' and
build	Checkout	2026-09-18T06:09:05.6846445Z hint: 'development'. The just-created branch can be renamed via this command:
build	Checkout	2026-09-18T06:09:05.6847143Z hint:
build	Checkout	2026-09-18T06:09:05.6847553Z hint: 	git branch -m <name>
build	Checkout	2026-09-18T06:09:05.6847990Z hint:
build	Checkout	2026-09-18T06:09:05.6848615Z hint: Disable this message with "git config set advice.defaultBranchName false"
build	Checkout	2026-09-18T06:09:05.6849660Z Initialized empty Git repository in /home/runner/work/pos_v2/pos_v2/.git/
build	Checkout	2026-09-18T06:09:05.6852503Z [command]/usr/bin/git remote add origin https://github.com/YusuP28/pos_v2
build	Checkout	2026-09-18T06:09:05.6890075Z ##[endgroup]
build	Checkout	2026-09-18T06:09:05.6890602Z ##[group]Disabling automatic garbage collection
build	Checkout	2026-09-18T06:09:05.6894132Z [command]/usr/bin/git config --local gc.auto 0
build	Checkout	2026-09-18T06:09:05.6927242Z ##[endgroup]
build	Checkout	2026-09-18T06:09:05.6927675Z ##[group]Setting up auth
build	Checkout	2026-09-18T06:09:05.6928118Z [command]/usr/bin/git config --local --name-only --get-regexp core\.sshCommand
build	Checkout	2026-09-18T06:09:05.6955362Z [command]/usr/bin/git submodule foreach --recursive sh -c "git config --local --name-only --get-regexp 'core\.sshCommand' && git config --local --unset-all 'core.sshCommand' || :"
build	Checkout	2026-09-18T06:09:05.7252706Z [command]/usr/bin/git config --local --name-only --get-regexp http\.https\:\/\/github\.com\/\.extraheader
build	Checkout	2026-09-18T06:09:05.7286792Z [command]/usr/bin/git submodule foreach --recursive sh -c "git config --local --name-only --get-regexp 'http\.https\:\/\/github\.com\/\.extraheader' && git config --local --unset-all 'http.https://github.com/.extraheader' || :"
build	Checkout	2026-09-18T06:09:05.7479891Z [command]/usr/bin/git config --local --name-only --get-regexp ^includeIf\.gitdir:
build	Checkout	2026-09-18T06:09:05.7511221Z [command]/usr/bin/git submodule foreach --recursive git config --local --show-origin --name-only --get-regexp remote.origin.url
build	Checkout	2026-09-18T06:09:05.7703421Z [command]/usr/bin/git config --local http.https://github.com/.extraheader AUTHORIZATION: basic ***
build	Checkout	2026-09-18T06:09:05.8149574Z ##[endgroup]
build	Checkout	2026-09-18T06:09:05.8150582Z ##[group]Fetching the repository
build	Checkout	2026-09-18T06:09:05.8158118Z [command]/usr/bin/git -c protocol.version=2 fetch --no-tags --prune --no-recurse-submodules --depth=1 origin +b686e591eeab95a70a64f50908ea50516e5f0dc1:refs/tags/v1.0.1
build	Checkout	2026-09-18T06:09:06.3126014Z From https://github.com/YusuP28/pos_v2
build	Checkout	2026-09-18T06:09:06.3126533Z  * [new ref]         b686e591eeab95a70a64f50908ea50516e5f0dc1 -> v1.0.1
build	Checkout	2026-09-18T06:09:06.3129315Z ##[endgroup]
build	Checkout	2026-09-18T06:09:06.3129658Z ##[group]Determining the checkout info
build	Checkout	2026-09-18T06:09:06.3132130Z ##[endgroup]
build	Checkout	2026-09-18T06:09:06.3138327Z [command]/usr/bin/git sparse-checkout disable
build	Checkout	2026-09-18T06:09:06.3186003Z [command]/usr/bin/git config --local --unset-all extensions.worktreeConfig
build	Checkout	2026-09-18T06:09:06.3215933Z ##[group]Checking out the ref
build	Checkout	2026-09-18T06:09:06.3220034Z [command]/usr/bin/git checkout --progress --force refs/tags/v1.0.1
build	Checkout	2026-09-18T06:09:06.3303808Z Note: switching to 'refs/tags/v1.0.1'.
build	Checkout	2026-09-18T06:09:06.3304262Z 
build	Checkout	2026-09-18T06:09:06.3304522Z You are in 'detached HEAD' state. You can look around, make experimental
build	Checkout	2026-09-18T06:09:06.3305153Z changes and commit them, and you can discard any commits you make in this
build	Checkout	2026-09-18T06:09:06.3306004Z state without impacting any branches by switching back to a branch.
build	Checkout	2026-09-18T06:09:06.3306346Z 
build	Checkout	2026-09-18T06:09:06.3306585Z If you want to create a new branch to retain commits you create, you may
build	Checkout	2026-09-18T06:09:06.3307142Z do so (now or later) by using -c with the switch command. Example:
build	Checkout	2026-09-18T06:09:06.3307477Z 
build	Checkout	2026-09-18T06:09:06.3307615Z   git switch -c <new-branch-name>
build	Checkout	2026-09-18T06:09:06.3307840Z 
build	Checkout	2026-09-18T06:09:06.3308017Z Or undo this operation with:
build	Checkout	2026-09-18T06:09:06.3308293Z 
build	Checkout	2026-09-18T06:09:06.3308400Z   git switch -
build	Checkout	2026-09-18T06:09:06.3308555Z 
build	Checkout	2026-09-18T06:09:06.3308830Z Turn off this advice by setting config variable advice.detachedHead to false
build	Checkout	2026-09-18T06:09:06.3309252Z 
build	Checkout	2026-09-18T06:09:06.3309529Z HEAD is now at b686e59 feat: ganti icon placeholder dengan icon final (v1.0.1)
build	Checkout	2026-09-18T06:09:06.3328349Z ##[endgroup]
build	Checkout	2026-09-18T06:09:06.3358272Z [command]/usr/bin/git log -1 --format=%H
build	Checkout	2026-09-18T06:09:06.3384043Z b686e591eeab95a70a64f50908ea50516e5f0dc1
build	Setup Java	﻿2026-09-18T06:09:06.3638173Z ##[group]Run actions/setup-java@v5
build	Setup Java	2026-09-18T06:09:06.3638447Z with:
build	Setup Java	2026-09-18T06:09:06.3638641Z   distribution: zulu
build	Setup Java	2026-09-18T06:09:06.3638817Z   java-version: 17
build	Setup Java	2026-09-18T06:09:06.3638988Z   java-package: jdk
build	Setup Java	2026-09-18T06:09:06.3639166Z   check-latest: false
build	Setup Java	2026-09-18T06:09:06.3639360Z   set-default: true
build	Setup Java	2026-09-18T06:09:06.3639535Z   verify-signature: false
build	Setup Java	2026-09-18T06:09:06.3639732Z   server-id: github
build	Setup Java	2026-09-18T06:09:06.3639907Z   server-username: GITHUB_ACTOR
build	Setup Java	2026-09-18T06:09:06.3640115Z   server-password: GITHUB_TOKEN
build	Setup Java	2026-09-18T06:09:06.3640313Z   overwrite-settings: true
build	Setup Java	2026-09-18T06:09:06.3640497Z   job-status: success
build	Setup Java	2026-09-18T06:09:06.3642737Z   token: ***
build	Setup Java	2026-09-18T06:09:06.3642923Z   show-download-progress: false
build	Setup Java	2026-09-18T06:09:06.3643144Z ##[endgroup]
build	Setup Java	2026-09-18T06:09:06.4892786Z ##[group]Installed distributions
build	Setup Java	2026-09-18T06:09:06.4913658Z Trying to resolve the latest version from remote
build	Setup Java	2026-09-18T06:09:06.6827699Z Resolved latest version as 17.0.20+8
build	Setup Java	2026-09-18T06:09:06.6832260Z Trying to download...
build	Setup Java	2026-09-18T06:09:06.6832788Z Downloading Java 17.0.20+8 (Zulu) from https://cdn.azul.com/zulu/bin/zulu17.68.17-ca-jdk17.0.20-linux_x64.tar.gz ...
build	Setup Java	2026-09-18T06:09:09.5831024Z Extracting Java archive...
build	Setup Java	2026-09-18T06:09:09.5925283Z [command]/usr/bin/tar xz --warning=no-unknown-keyword --overwrite -C /home/runner/work/_temp/c66846bc-d8f0-4d50-bbc0-aea24ff301bf -f /home/runner/work/_temp/d35b9faf-6f52-4cf4-8ccb-2a588753b2c3
build	Setup Java	2026-09-18T06:09:13.4109323Z Java 17.0.20+8 was downloaded
build	Setup Java	2026-09-18T06:09:13.4109781Z Setting Java 17.0.20+8 as the default
build	Setup Java	2026-09-18T06:09:13.4132468Z Creating toolchains.xml for JDK version 17 from zulu
build	Setup Java	2026-09-18T06:09:13.4172455Z Writing to /home/runner/.m2/toolchains.xml
build	Setup Java	2026-09-18T06:09:13.4172793Z 
build	Setup Java	2026-09-18T06:09:13.4172914Z Java configuration:
build	Setup Java	2026-09-18T06:09:13.4173207Z   Distribution: zulu
build	Setup Java	2026-09-18T06:09:13.4173490Z   Version: 17.0.20+8
build	Setup Java	2026-09-18T06:09:13.4173849Z   Path: /opt/hostedtoolcache/Java_Zulu_jdk/17.0.20-8/x64
build	Setup Java	2026-09-18T06:09:13.4174227Z 
build	Setup Java	2026-09-18T06:09:13.4174646Z ##[endgroup]
build	Setup Java	2026-09-18T06:09:13.4204848Z Creating settings.xml with server-id: github
build	Setup Java	2026-09-18T06:09:13.4205376Z Writing to /home/runner/.m2/settings.xml
build	Setup Java	2026-09-18T06:09:13.4206356Z Configured MAVEN_ARGS to include -ntp to suppress Maven transfer progress logs. Set 'show-download-progress: true' to keep the download progress output.
build	Setup Flutter	﻿2026-09-18T06:09:13.4436593Z ##[group]Run subosito/flutter-action@v2
build	Setup Flutter	2026-09-18T06:09:13.4436870Z with:
build	Setup Flutter	2026-09-18T06:09:13.4437034Z   channel: stable
build	Setup Flutter	2026-09-18T06:09:13.4437219Z   cache: true
build	Setup Flutter	2026-09-18T06:09:13.4437391Z   architecture: X64
build	Setup Flutter	2026-09-18T06:09:13.4437588Z   pub-cache-path: default
build	Setup Flutter	2026-09-18T06:09:13.4437797Z   dry-run: false
build	Setup Flutter	2026-09-18T06:09:13.4438021Z   git-source: https://github.com/flutter/flutter.git
build	Setup Flutter	2026-09-18T06:09:13.4438277Z env:
build	Setup Flutter	2026-09-18T06:09:13.4438495Z   JAVA_HOME: /opt/hostedtoolcache/Java_Zulu_jdk/17.0.20-8/x64
build	Setup Flutter	2026-09-18T06:09:13.4438834Z   JAVA_HOME_17_X64: /opt/hostedtoolcache/Java_Zulu_jdk/17.0.20-8/x64
build	Setup Flutter	2026-09-18T06:09:13.4439292Z   MAVEN_ARGS: -ntp
build	Setup Flutter	2026-09-18T06:09:13.4439471Z ##[endgroup]
build	Setup Flutter	2026-09-18T06:09:13.4485371Z ##[start-action display=Make yq tool available on Windows runners;id=__subosito_flutter-action.__run]
build	Setup Flutter	2026-09-18T06:09:13.4493944Z ##[end-action id=__subosito_flutter-action.__run;outcome=skipped;conclusion=skipped;duration_ms=0]
build	Setup Flutter	2026-09-18T06:09:13.4495697Z ##[start-action display=Make setup script executable;id=__subosito_flutter-action.__run_2]
build	Setup Flutter	2026-09-18T06:09:13.4696146Z ##[group]Run chmod +x "$GITHUB_ACTION_PATH/setup.sh"
build	Setup Flutter	2026-09-18T06:09:13.4696524Z ^[[36;1mchmod +x "$GITHUB_ACTION_PATH/setup.sh"^[[0m
build	Setup Flutter	2026-09-18T06:09:13.4732650Z shell: /usr/bin/bash --noprofile --norc -e -o pipefail {0}
build	Setup Flutter	2026-09-18T06:09:13.4732951Z env:
build	Setup Flutter	2026-09-18T06:09:13.4733289Z   JAVA_HOME: /opt/hostedtoolcache/Java_Zulu_jdk/17.0.20-8/x64
build	Setup Flutter	2026-09-18T06:09:13.4733839Z   JAVA_HOME_17_X64: /opt/hostedtoolcache/Java_Zulu_jdk/17.0.20-8/x64
build	Setup Flutter	2026-09-18T06:09:13.4734118Z   MAVEN_ARGS: -ntp
build	Setup Flutter	2026-09-18T06:09:13.4734304Z ##[endgroup]
build	Setup Flutter	2026-09-18T06:09:13.4823205Z ##[end-action id=__subosito_flutter-action.__run_2;outcome=success;conclusion=success;duration_ms=32]
build	Setup Flutter	2026-09-18T06:09:13.4825340Z ##[start-action display=Set action inputs;id=__subosito_flutter-action.flutter-action]
build	Setup Flutter	2026-09-18T06:09:13.4853709Z ##[group]Run $GITHUB_ACTION_PATH/setup.sh -p \
build	Setup Flutter	2026-09-18T06:09:13.4854032Z ^[[36;1m$GITHUB_ACTION_PATH/setup.sh -p \^[[0m
build	Setup Flutter	2026-09-18T06:09:13.4854290Z ^[[36;1m  -n '' \^[[0m
build	Setup Flutter	2026-09-18T06:09:13.4854467Z ^[[36;1m  -f '' \^[[0m
build	Setup Flutter	2026-09-18T06:09:13.4854640Z ^[[36;1m  -a 'X64' \^[[0m
build	Setup Flutter	2026-09-18T06:09:13.4854811Z ^[[36;1m  -k '' \^[[0m
build	Setup Flutter	2026-09-18T06:09:13.4854973Z ^[[36;1m  -c '' \^[[0m
build	Setup Flutter	2026-09-18T06:09:13.4855131Z ^[[36;1m  -l '' \^[[0m
build	Setup Flutter	2026-09-18T06:09:13.4855296Z ^[[36;1m  -d 'default' \^[[0m
build	Setup Flutter	2026-09-18T06:09:13.4855575Z ^[[36;1m  -g 'https://github.com/flutter/flutter.git' \^[[0m
build	Setup Flutter	2026-09-18T06:09:13.4855843Z ^[[36;1m  stable^[[0m
build	Setup Flutter	2026-09-18T06:09:13.4883358Z shell: /usr/bin/bash --noprofile --norc -e -o pipefail {0}
build	Setup Flutter	2026-09-18T06:09:13.4883652Z env:
build	Setup Flutter	2026-09-18T06:09:13.4883875Z   JAVA_HOME: /opt/hostedtoolcache/Java_Zulu_jdk/17.0.20-8/x64
build	Setup Flutter	2026-09-18T06:09:13.4884226Z   JAVA_HOME_17_X64: /opt/hostedtoolcache/Java_Zulu_jdk/17.0.20-8/x64
build	Setup Flutter	2026-09-18T06:09:13.4884508Z   MAVEN_ARGS: -ntp
build	Setup Flutter	2026-09-18T06:09:13.4884682Z ##[endgroup]
build	Setup Flutter	2026-09-18T06:09:13.6787482Z ##[end-action id=__subosito_flutter-action.flutter-action;outcome=success;conclusion=success;duration_ms=196]
build	Setup Flutter	2026-09-18T06:09:13.6792083Z ##[start-action display=Cache Flutter;id=__subosito_flutter-action.cache-flutter]
build	Setup Flutter	2026-09-18T06:09:13.6831330Z ##[group]Run actions/cache@v5
build	Setup Flutter	2026-09-18T06:09:13.6831546Z with:
build	Setup Flutter	2026-09-18T06:09:13.6832288Z   path: /opt/hostedtoolcache/flutter/stable-3.47.4-x64
build	Setup Flutter	2026-09-18T06:09:13.6832699Z   key: flutter-linux-stable-3.47.4-x64-9584c6713b324636289d067944a46fd6b49df14b
build	Setup Flutter	2026-09-18T06:09:13.6833040Z   enableCrossOsArchive: false
build	Setup Flutter	2026-09-18T06:09:13.6833251Z   fail-on-cache-miss: false
build	Setup Flutter	2026-09-18T06:09:13.6833448Z   lookup-only: false
build	Setup Flutter	2026-09-18T06:09:13.6833644Z   save-always: false
build	Setup Flutter	2026-09-18T06:09:13.6833811Z env:
build	Setup Flutter	2026-09-18T06:09:13.6834024Z   JAVA_HOME: /opt/hostedtoolcache/Java_Zulu_jdk/17.0.20-8/x64
build	Setup Flutter	2026-09-18T06:09:13.6834358Z   JAVA_HOME_17_X64: /opt/hostedtoolcache/Java_Zulu_jdk/17.0.20-8/x64
build	Setup Flutter	2026-09-18T06:09:13.6834644Z   MAVEN_ARGS: -ntp
build	Setup Flutter	2026-09-18T06:09:13.6834822Z ##[endgroup]
build	Setup Flutter	2026-09-18T06:09:14.0720883Z Cache hit for: flutter-linux-stable-3.47.4-x64-9584c6713b324636289d067944a46fd6b49df14b
build	Setup Flutter	2026-09-18T06:09:15.3607856Z Received 0 of 1720556249 (0.0%), 0.0 MBs/sec
build	Setup Flutter	2026-09-18T06:09:16.3649113Z Received 121634816 of 1720556249 (7.1%), 58.0 MBs/sec
build	Setup Flutter	2026-09-18T06:09:17.3626296Z Received 268435456 of 1720556249 (15.6%), 85.3 MBs/sec
build	Setup Flutter	2026-09-18T06:09:18.3633952Z Received 406847488 of 1720556249 (23.6%), 96.9 MBs/sec
build	Setup Flutter	2026-09-18T06:09:19.3643040Z Received 536870912 of 1720556249 (31.2%), 102.3 MBs/sec
build	Setup Flutter	2026-09-18T06:09:20.3641207Z Received 671088640 of 1720556249 (39.0%), 106.6 MBs/sec
build	Setup Flutter	2026-09-18T06:09:21.3639726Z Received 822083584 of 1720556249 (47.8%), 112.0 MBs/sec
build	Setup Flutter	2026-09-18T06:09:22.3639941Z Received 968884224 of 1720556249 (56.3%), 115.5 MBs/sec
build	Setup Flutter	2026-09-18T06:09:23.3671931Z Received 1107296256 of 1720556249 (64.4%), 117.3 MBs/sec
build	Setup Flutter	2026-09-18T06:09:24.3653042Z Received 1237319680 of 1720556249 (71.9%), 117.9 MBs/sec
build	Setup Flutter	2026-09-18T06:09:25.3649034Z Received 1350565888 of 1720556249 (78.5%), 117.0 MBs/sec
build	Setup Flutter	2026-09-18T06:09:26.3655958Z Received 1476395008 of 1720556249 (85.8%), 117.3 MBs/sec
build	Setup Flutter	2026-09-18T06:09:27.3693467Z Received 1606418432 of 1720556249 (93.4%), 117.8 MBs/sec
build	Setup Flutter	2026-09-18T06:09:28.3670187Z Received 1716361945 of 1720556249 (99.8%), 116.9 MBs/sec
build	Setup Flutter	2026-09-18T06:09:28.4093665Z Received 1720556249 of 1720556249 (100.0%), 116.8 MBs/sec
build	Setup Flutter	2026-09-18T06:09:28.4095372Z Cache Size: ~1641 MB (1720556249 B)
build	Setup Flutter	2026-09-18T06:09:28.4128908Z [command]/usr/bin/tar -xf /home/runner/work/_temp/a763f9d2-a3bb-476d-a3a6-deba41e0b6a9/cache.tzst -P -C /home/runner/work/pos_v2/pos_v2 --use-compress-program unzstd
build	Setup Flutter	2026-09-18T06:09:38.6786574Z Cache restored successfully
build	Setup Flutter	2026-09-18T06:09:39.2754150Z Cache restored from key: flutter-linux-stable-3.47.4-x64-9584c6713b324636289d067944a46fd6b49df14b
build	Setup Flutter	2026-09-18T06:09:39.2877234Z ##[end-action id=__subosito_flutter-action.cache-flutter;outcome=success;conclusion=success;duration_ms=25608]
build	Setup Flutter	2026-09-18T06:09:39.2879776Z ##[start-action display=Cache pub dependencies;id=__subosito_flutter-action.cache-pub]
build	Setup Flutter	2026-09-18T06:09:39.4132992Z ##[group]Run actions/cache@v5
build	Setup Flutter	2026-09-18T06:09:39.4133253Z with:
build	Setup Flutter	2026-09-18T06:09:39.4133442Z   path: /home/runner/.pub-cache
build	Setup Flutter	2026-09-18T06:09:39.4133801Z   key: flutter-pub-linux-stable-3.47.4-x64-9584c6713b324636289d067944a46fd6b49df14b-
build	Setup Flutter	2026-09-18T06:09:39.4134187Z   enableCrossOsArchive: false
build	Setup Flutter	2026-09-18T06:09:39.4134401Z   fail-on-cache-miss: false
build	Setup Flutter	2026-09-18T06:09:39.4134603Z   lookup-only: false
build	Setup Flutter	2026-09-18T06:09:39.4134782Z   save-always: false
build	Setup Flutter	2026-09-18T06:09:39.4134952Z env:
build	Setup Flutter	2026-09-18T06:09:39.4135178Z   JAVA_HOME: /opt/hostedtoolcache/Java_Zulu_jdk/17.0.20-8/x64
build	Setup Flutter	2026-09-18T06:09:39.4135535Z   JAVA_HOME_17_X64: /opt/hostedtoolcache/Java_Zulu_jdk/17.0.20-8/x64
build	Setup Flutter	2026-09-18T06:09:39.4135821Z   MAVEN_ARGS: -ntp
build	Setup Flutter	2026-09-18T06:09:39.4135999Z ##[endgroup]
build	Setup Flutter	2026-09-18T06:09:39.7769708Z Cache hit for: flutter-pub-linux-stable-3.47.4-x64-9584c6713b324636289d067944a46fd6b49df14b-
build	Setup Flutter	2026-09-18T06:09:41.0462920Z Received 4194304 of 39919523 (10.5%), 4.0 MBs/sec
build	Setup Flutter	2026-09-18T06:09:41.3434734Z Received 39919523 of 39919523 (100.0%), 29.3 MBs/sec
build	Setup Flutter	2026-09-18T06:09:41.3435285Z Cache Size: ~38 MB (39919523 B)
build	Setup Flutter	2026-09-18T06:09:41.3457663Z [command]/usr/bin/tar -xf /home/runner/work/_temp/2eea8981-1040-42ed-b3c8-b5e50be733f1/cache.tzst -P -C /home/runner/work/pos_v2/pos_v2 --use-compress-program unzstd
build	Setup Flutter	2026-09-18T06:09:42.0793679Z Cache restored successfully
build	Setup Flutter	2026-09-18T06:09:42.0870011Z Cache restored from key: flutter-pub-linux-stable-3.47.4-x64-9584c6713b324636289d067944a46fd6b49df14b-
build	Setup Flutter	2026-09-18T06:09:42.0941846Z ##[end-action id=__subosito_flutter-action.cache-pub;outcome=success;conclusion=success;duration_ms=2806]
build	Setup Flutter	2026-09-18T06:09:42.0944093Z ##[start-action display=Run setup script;id=__subosito_flutter-action.__run_3]
build	Setup Flutter	2026-09-18T06:09:42.1596439Z ##[group]Run $GITHUB_ACTION_PATH/setup.sh \
build	Setup Flutter	2026-09-18T06:09:42.1596808Z ^[[36;1m$GITHUB_ACTION_PATH/setup.sh \^[[0m
build	Setup Flutter	2026-09-18T06:09:42.1597046Z ^[[36;1m  -n '3.47.4' \^[[0m
build	Setup Flutter	2026-09-18T06:09:42.1597250Z ^[[36;1m  -a 'x64' \^[[0m
build	Setup Flutter	2026-09-18T06:09:42.1597507Z ^[[36;1m  -c '/opt/hostedtoolcache/flutter/stable-3.47.4-x64' \^[[0m
build	Setup Flutter	2026-09-18T06:09:42.1598132Z ^[[36;1m  -d '/home/runner/.pub-cache' \^[[0m
build	Setup Flutter	2026-09-18T06:09:42.1598371Z ^[[36;1m  stable^[[0m
build	Setup Flutter	2026-09-18T06:09:42.1630580Z shell: /usr/bin/bash --noprofile --norc -e -o pipefail {0}
build	Setup Flutter	2026-09-18T06:09:42.1630891Z env:
build	Setup Flutter	2026-09-18T06:09:42.1631134Z   JAVA_HOME: /opt/hostedtoolcache/Java_Zulu_jdk/17.0.20-8/x64
build	Setup Flutter	2026-09-18T06:09:42.1631475Z   JAVA_HOME_17_X64: /opt/hostedtoolcache/Java_Zulu_jdk/17.0.20-8/x64
build	Setup Flutter	2026-09-18T06:09:42.1631852Z   MAVEN_ARGS: -ntp
build	Setup Flutter	2026-09-18T06:09:42.1632039Z ##[endgroup]
build	Setup Flutter	2026-09-18T06:09:42.3862263Z ##[end-action id=__subosito_flutter-action.__run_3;outcome=success;conclusion=success;duration_ms=291]
build	Flutter Version	﻿2026-09-18T06:09:42.5030061Z ##[group]Run flutter --version
build	Flutter Version	2026-09-18T06:09:42.5030381Z ^[[36;1mflutter --version^[[0m
build	Flutter Version	2026-09-18T06:09:42.5064645Z shell: /usr/bin/bash -e {0}
build	Flutter Version	2026-09-18T06:09:42.5064886Z env:
build	Flutter Version	2026-09-18T06:09:42.5065121Z   JAVA_HOME: /opt/hostedtoolcache/Java_Zulu_jdk/17.0.20-8/x64
build	Flutter Version	2026-09-18T06:09:42.5065490Z   JAVA_HOME_17_X64: /opt/hostedtoolcache/Java_Zulu_jdk/17.0.20-8/x64
build	Flutter Version	2026-09-18T06:09:42.5065792Z   MAVEN_ARGS: -ntp
build	Flutter Version	2026-09-18T06:09:42.5066066Z   FLUTTER_ROOT: /opt/hostedtoolcache/flutter/stable-3.47.4-x64/flutter
build	Flutter Version	2026-09-18T06:09:42.5066387Z   PUB_CACHE: /home/runner/.pub-cache
build	Flutter Version	2026-09-18T06:09:42.5066608Z ##[endgroup]
build	Flutter Version	2026-09-18T06:09:42.9046049Z Flutter 3.47.4 • channel stable • https://github.com/flutter/flutter.git
build	Flutter Version	2026-09-18T06:09:42.9046882Z Framework • revision 9584c6713b (7 days ago) • 2026-09-10 15:25:10 -0700
build	Flutter Version	2026-09-18T06:09:42.9047769Z Engine • hash 0e228ec8c8d2abc9fcf1d053e8a40665bb859ec7 (revision 06a2e2a110) (14 days ago) • 2026-09-03 16:07:13.000Z
build	Flutter Version	2026-09-18T06:09:42.9048503Z Tools • Dart 3.13.3 • DevTools 2.60.0
build	Get Dependencies	﻿2026-09-18T06:09:42.9101946Z ##[group]Run flutter pub get
build	Get Dependencies	2026-09-18T06:09:42.9102253Z ^[[36;1mflutter pub get^[[0m
build	Get Dependencies	2026-09-18T06:09:42.9134107Z shell: /usr/bin/bash -e {0}
build	Get Dependencies	2026-09-18T06:09:42.9134334Z env:
build	Get Dependencies	2026-09-18T06:09:42.9134574Z   JAVA_HOME: /opt/hostedtoolcache/Java_Zulu_jdk/17.0.20-8/x64
build	Get Dependencies	2026-09-18T06:09:42.9134934Z   JAVA_HOME_17_X64: /opt/hostedtoolcache/Java_Zulu_jdk/17.0.20-8/x64
build	Get Dependencies	2026-09-18T06:09:42.9135223Z   MAVEN_ARGS: -ntp
build	Get Dependencies	2026-09-18T06:09:42.9135487Z   FLUTTER_ROOT: /opt/hostedtoolcache/flutter/stable-3.47.4-x64/flutter
build	Get Dependencies	2026-09-18T06:09:42.9135806Z   PUB_CACHE: /home/runner/.pub-cache
build	Get Dependencies	2026-09-18T06:09:42.9136029Z ##[endgroup]
build	Get Dependencies	2026-09-18T06:09:43.0578181Z Resolving dependencies...
build	Get Dependencies	2026-09-18T06:09:44.1086955Z Downloading packages...
build	Get Dependencies	2026-09-18T06:09:46.5066803Z + archive 3.6.1 (4.3.0 available)
build	Get Dependencies	2026-09-18T06:09:46.5067267Z + args 2.7.0
build	Get Dependencies	2026-09-18T06:09:46.5067587Z + async 2.13.1
build	Get Dependencies	2026-09-18T06:09:46.5067869Z + blue_thermal_printer 1.2.3
build	Get Dependencies	2026-09-18T06:09:46.5068183Z + bluez 0.8.3
build	Get Dependencies	2026-09-18T06:09:46.5068491Z + boolean_selector 2.1.2
build	Get Dependencies	2026-09-18T06:09:46.5068867Z + characters 1.4.1
build	Get Dependencies	2026-09-18T06:09:46.5069120Z + clock 1.1.3
build	Get Dependencies	2026-09-18T06:09:46.5069376Z + code_assets 2.1.0
build	Get Dependencies	2026-09-18T06:09:46.5069648Z + collection 1.19.1
build	Get Dependencies	2026-09-18T06:09:46.5069914Z + cross_file 0.3.5+5
build	Get Dependencies	2026-09-18T06:09:46.5070185Z + crypto 3.0.7
build	Get Dependencies	2026-09-18T06:09:46.5070435Z + csslib 1.0.2
build	Get Dependencies	2026-09-18T06:09:46.5070685Z + cupertino_icons 1.0.9
build	Get Dependencies	2026-09-18T06:09:46.5070970Z + dbus 0.7.15 (0.8.0 available)
build	Get Dependencies	2026-09-18T06:09:46.5071250Z + esc_pos_utils 1.1.0
build	Get Dependencies	2026-09-18T06:09:46.5071527Z + fake_async 1.3.3
build	Get Dependencies	2026-09-18T06:09:46.5071909Z + ffi 2.2.0
build	Get Dependencies	2026-09-18T06:09:46.5072134Z + file 7.0.1
build	Get Dependencies	2026-09-18T06:09:46.5072380Z + file_selector_linux 0.9.4+1
build	Get Dependencies	2026-09-18T06:09:46.5072687Z + file_selector_macos 0.9.5+1
build	Get Dependencies	2026-09-18T06:09:46.5073002Z + file_selector_platform_interface 2.7.0
build	Get Dependencies	2026-09-18T06:09:46.5073388Z + file_selector_windows 0.9.3+6
build	Get Dependencies	2026-09-18T06:09:46.5073713Z + flutter 0.0.0 from sdk flutter
build	Get Dependencies	2026-09-18T06:09:46.5074073Z + flutter_blue_plus 1.36.8 (2.3.12 available)
build	Get Dependencies	2026-09-18T06:09:46.5074495Z + flutter_blue_plus_android 7.0.4 (9.0.3 available)
build	Get Dependencies	2026-09-18T06:09:46.5074957Z + flutter_blue_plus_darwin 7.0.3 (9.0.4 available)
build	Get Dependencies	2026-09-18T06:09:46.5075380Z + flutter_blue_plus_linux 7.0.3 (9.0.3 available)
build	Get Dependencies	2026-09-18T06:09:46.5075853Z + flutter_blue_plus_platform_interface 7.0.0 (9.0.3 available)
build	Get Dependencies	2026-09-18T06:09:46.5076305Z + flutter_blue_plus_web 7.0.2 (9.0.3 available)
build	Get Dependencies	2026-09-18T06:09:46.5076673Z + flutter_lints 5.0.0 (6.0.0 available)
build	Get Dependencies	2026-09-18T06:09:46.5077047Z + flutter_plugin_android_lifecycle 2.0.35
build	Get Dependencies	2026-09-18T06:09:46.5077428Z + flutter_test 0.0.0 from sdk flutter
build	Get Dependencies	2026-09-18T06:09:46.5077813Z + flutter_web_plugins 0.0.0 from sdk flutter
build	Get Dependencies	2026-09-18T06:09:46.5078182Z + gbk_codec 0.4.0
build	Get Dependencies	2026-09-18T06:09:46.5078447Z + hex 0.2.0
build	Get Dependencies	2026-09-18T06:09:46.5078709Z + hooks 2.2.0
build	Get Dependencies	2026-09-18T06:09:46.5079215Z + html 0.15.7
build	Get Dependencies	2026-09-18T06:09:46.5079467Z + http 1.6.0
build	Get Dependencies	2026-09-18T06:09:46.5079723Z + http_parser 4.1.2
build	Get Dependencies	2026-09-18T06:09:46.5080006Z + image 3.3.0 (4.10.1 available)
build	Get Dependencies	2026-09-18T06:09:46.5080333Z + image_picker 1.2.3
build	Get Dependencies	2026-09-18T06:09:46.5080624Z + image_picker_android 0.8.13+23
build	Get Dependencies	2026-09-18T06:09:46.5080963Z + image_picker_for_web 3.1.1
build	Get Dependencies	2026-09-18T06:09:46.5081304Z + image_picker_ios 0.8.13+7
build	Get Dependencies	2026-09-18T06:09:46.5081624Z + image_picker_linux 0.2.2
build	Get Dependencies	2026-09-18T06:09:46.5082238Z + image_picker_macos 0.2.2+1
build	Get Dependencies	2026-09-18T06:09:46.5082804Z + image_picker_platform_interface 2.11.1
build	Get Dependencies	2026-09-18T06:09:46.5083336Z + image_picker_windows 0.2.2
build	Get Dependencies	2026-09-18T06:09:46.5083829Z + intl 0.20.3
build	Get Dependencies	2026-09-18T06:09:46.5084253Z + jni 1.0.3
build	Get Dependencies	2026-09-18T06:09:46.5084604Z + jni_flutter 1.0.3
build	Get Dependencies	2026-09-18T06:09:46.5085049Z + jni_util 1.0.0
build	Get Dependencies	2026-09-18T06:09:46.5085512Z + leak_tracker 11.0.2
build	Get Dependencies	2026-09-18T06:09:46.5085975Z + leak_tracker_flutter_testing 3.0.10
build	Get Dependencies	2026-09-18T06:09:46.5086493Z + leak_tracker_testing 3.0.2
build	Get Dependencies	2026-09-18T06:09:46.5086952Z + lints 5.1.1 (6.1.0 available)
build	Get Dependencies	2026-09-18T06:09:46.5087353Z + logging 1.3.0
build	Get Dependencies	2026-09-18T06:09:46.5087776Z + matcher 0.12.20
build	Get Dependencies	2026-09-18T06:09:46.5088278Z + material_color_utilities 0.13.0 (0.13.1 available)
build	Get Dependencies	2026-09-18T06:09:46.5089008Z + meta 1.19.0
build	Get Dependencies	2026-09-18T06:09:46.5089407Z + mime 2.1.0
build	Get Dependencies	2026-09-18T06:09:46.5089806Z + mobile_scanner 7.4.2
build	Get Dependencies	2026-09-18T06:09:46.5090250Z + nested 1.0.0
build	Get Dependencies	2026-09-18T06:09:46.5090624Z + objective_c 9.6.0
build	Get Dependencies	2026-09-18T06:09:46.5091084Z + package_config 3.0.0
build	Get Dependencies	2026-09-18T06:09:46.5091589Z + path 1.9.1
build	Get Dependencies	2026-09-18T06:09:46.5092185Z + path_provider 2.1.6
build	Get Dependencies	2026-09-18T06:09:46.5092652Z + path_provider_android 2.3.1
build	Get Dependencies	2026-09-18T06:09:46.5093100Z + path_provider_foundation 2.6.0
build	Get Dependencies	2026-09-18T06:09:46.5093621Z + path_provider_linux 2.2.2
build	Get Dependencies	2026-09-18T06:09:46.5094116Z + path_provider_platform_interface 2.1.3
build	Get Dependencies	2026-09-18T06:09:46.5094619Z + path_provider_windows 2.3.0
build	Get Dependencies	2026-09-18T06:09:46.5095106Z + petitparser 7.0.2
build	Get Dependencies	2026-09-18T06:09:46.5095483Z + platform 3.2.0
build	Get Dependencies	2026-09-18T06:09:46.5095973Z + plugin_platform_interface 2.1.8
build	Get Dependencies	2026-09-18T06:09:46.5096463Z + provider 6.1.5+1
build	Get Dependencies	2026-09-18T06:09:46.5096918Z + pub_semver 2.2.1
build	Get Dependencies	2026-09-18T06:09:46.5097315Z + qr 3.0.2 (4.0.0 available)
build	Get Dependencies	2026-09-18T06:09:46.5097725Z + qr_flutter 4.1.0
build	Get Dependencies	2026-09-18T06:09:46.5098234Z + record_use 1.1.1
build	Get Dependencies	2026-09-18T06:09:46.5098599Z + rxdart 0.28.0
build	Get Dependencies	2026-09-18T06:09:46.5099007Z + shared_preferences 2.5.5
build	Get Dependencies	2026-09-18T06:09:46.5099501Z + shared_preferences_android 2.4.28
build	Get Dependencies	2026-09-18T06:09:46.5099949Z + shared_preferences_foundation 2.5.7
build	Get Dependencies	2026-09-18T06:09:46.5100557Z + shared_preferences_linux 2.4.1
build	Get Dependencies	2026-09-18T06:09:46.5101031Z + shared_preferences_platform_interface 2.4.2
build	Get Dependencies	2026-09-18T06:09:46.5101567Z + shared_preferences_web 2.4.3
build	Get Dependencies	2026-09-18T06:09:46.5102222Z + shared_preferences_windows 2.4.1
build	Get Dependencies	2026-09-18T06:09:46.5102713Z + sky_engine 0.0.0 from sdk flutter
build	Get Dependencies	2026-09-18T06:09:46.5103246Z + source_span 1.10.2
build	Get Dependencies	2026-09-18T06:09:46.5103613Z + sqflite 2.4.4
build	Get Dependencies	2026-09-18T06:09:46.5104055Z + sqflite_android 2.4.4
build	Get Dependencies	2026-09-18T06:09:46.5104494Z + sqflite_common 2.5.13
build	Get Dependencies	2026-09-18T06:09:46.5104975Z + sqflite_darwin 2.4.4
build	Get Dependencies	2026-09-18T06:09:46.5105432Z + sqflite_platform_interface 2.4.2
build	Get Dependencies	2026-09-18T06:09:46.5105896Z + stack_trace 1.12.2
build	Get Dependencies	2026-09-18T06:09:46.5106302Z + stream_channel 2.1.4
build	Get Dependencies	2026-09-18T06:09:46.5106720Z + string_scanner 1.4.1
build	Get Dependencies	2026-09-18T06:09:46.5107205Z + synchronized 3.4.2
build	Get Dependencies	2026-09-18T06:09:46.5107626Z + term_glyph 1.2.2
build	Get Dependencies	2026-09-18T06:09:46.5108081Z + test_api 0.7.12 (0.7.14 available)
build	Get Dependencies	2026-09-18T06:09:46.5108528Z + typed_data 1.4.0
build	Get Dependencies	2026-09-18T06:09:46.5109018Z + vector_math 2.4.2
build	Get Dependencies	2026-09-18T06:09:46.5109411Z + vm_service 15.3.0
build	Get Dependencies	2026-09-18T06:09:46.5109804Z + web 1.1.1
build	Get Dependencies	2026-09-18T06:09:46.5110233Z + xdg_directories 1.1.0
build	Get Dependencies	2026-09-18T06:09:46.5110641Z + xml 6.6.1 (7.0.1 available)
build	Get Dependencies	2026-09-18T06:09:46.5111169Z + yaml 3.1.4
build	Get Dependencies	2026-09-18T06:09:46.5111579Z Changed 109 dependencies!
build	Get Dependencies	2026-09-18T06:09:46.5112244Z 15 packages have newer versions incompatible with dependency constraints.
build	Get Dependencies	2026-09-18T06:09:46.5113022Z Try `flutter pub outdated` for more information.
build	Get Dependencies	2026-09-18T06:09:46.6229481Z Upgrading analysis_options.yaml to exclude build and platform directories.
build	Analyze	﻿2026-09-18T06:09:46.7785467Z ##[group]Run flutter analyze --no-fatal-infos --no-fatal-warnings || true
build	Analyze	2026-09-18T06:09:46.7786352Z ^[[36;1mflutter analyze --no-fatal-infos --no-fatal-warnings || true^[[0m
build	Analyze	2026-09-18T06:09:46.7831353Z shell: /usr/bin/bash -e {0}
build	Analyze	2026-09-18T06:09:46.7832092Z env:
build	Analyze	2026-09-18T06:09:46.7832577Z   JAVA_HOME: /opt/hostedtoolcache/Java_Zulu_jdk/17.0.20-8/x64
build	Analyze	2026-09-18T06:09:46.7833438Z   JAVA_HOME_17_X64: /opt/hostedtoolcache/Java_Zulu_jdk/17.0.20-8/x64
build	Analyze	2026-09-18T06:09:46.7834050Z   MAVEN_ARGS: -ntp
build	Analyze	2026-09-18T06:09:46.7834600Z   FLUTTER_ROOT: /opt/hostedtoolcache/flutter/stable-3.47.4-x64/flutter
build	Analyze	2026-09-18T06:09:46.7835364Z   PUB_CACHE: /home/runner/.pub-cache
build	Analyze	2026-09-18T06:09:46.7835846Z ##[endgroup]
build	Analyze	2026-09-18T06:09:54.5965167Z Analyzing pos_v2...                                             
build	Analyze	2026-09-18T06:09:54.5970394Z 
build	Analyze	2026-09-18T06:09:54.6005900Z warning • Unused import: 'package:path_provider/path_provider.dart'. Try removing the import directive • lib/core/services/export_service.dart:5:8 • unused_import
build	Analyze	2026-09-18T06:09:54.6007523Z warning • Unused import: 'package:sqflite/sqflite.dart'. Try removing the import directive • lib/core/services/export_service.dart:6:8 • unused_import
build	Analyze	2026-09-18T06:09:54.6008852Z    info • Don't use 'BuildContext's across async gaps. Try rewriting the code to not use the 'BuildContext', or guard the use with a 'mounted' check • lib/views/category_list_view.dart:19:28 • use_build_context_synchronously
build	Analyze	2026-09-18T06:09:54.6010225Z warning • The declaration '_deleteCategory' isn't referenced. Try removing the declaration of '_deleteCategory' • lib/views/expense_view.dart:180:16 • unused_element
build	Analyze	2026-09-18T06:09:54.6011845Z    info • Don't use 'BuildContext's across async gaps. Try rewriting the code to not use the 'BuildContext', or guard the use with a 'mounted' check • lib/views/expense_view.dart:215:23 • use_build_context_synchronously
build	Analyze	2026-09-18T06:09:54.6013091Z    info • Don't use 'BuildContext's across async gaps. Try rewriting the code to not use the 'BuildContext', or guard the use with a 'mounted' check • lib/views/expense_view.dart:216:7 • use_build_context_synchronously
build	Analyze	2026-09-18T06:09:54.6014868Z    info • Don't use 'BuildContext's across async gaps. Try rewriting the code to not use the 'BuildContext', or guard the use with a 'mounted' check • lib/views/expense_view.dart:286:11 • use_build_context_synchronously
build	Analyze	2026-09-18T06:09:54.6016676Z    info • Don't use 'BuildContext's across async gaps. Try rewriting the code to not use the 'BuildContext', or guard the use with a 'mounted' check • lib/views/home_view.dart:38:20 • use_build_context_synchronously
build	Analyze	2026-09-18T06:09:54.6018270Z    info • Don't use 'BuildContext's across async gaps. Try rewriting the code to not use the 'BuildContext', or guard the use with a 'mounted' check • lib/views/home_view.dart:39:7 • use_build_context_synchronously
build	Analyze	2026-09-18T06:09:54.6020279Z    info • Don't use 'BuildContext's across async gaps. Try rewriting the code to not use the 'BuildContext', or guard the use with a 'mounted' check • lib/views/home_view.dart:42:7 • use_build_context_synchronously
build	Analyze	2026-09-18T06:09:54.6023242Z    info • Don't use 'BuildContext's across async gaps. Try rewriting the code to not use the 'BuildContext', or guard the use with a 'mounted' check • lib/views/home_view.dart:45:7 • use_build_context_synchronously
build	Analyze	2026-09-18T06:09:54.6025368Z    info • Don't use 'BuildContext's across async gaps. Try rewriting the code to not use the 'BuildContext', or guard the use with a 'mounted' check • lib/views/info_toko_view.dart:33:13 • use_build_context_synchronously
build	Analyze	2026-09-18T06:09:54.6027397Z    info • Don't use 'BuildContext's across async gaps. Try rewriting the code to not use the 'BuildContext', or guard the use with a 'mounted' check • lib/views/info_toko_view.dart:63:13 • use_build_context_synchronously
build	Analyze	2026-09-18T06:09:54.6029478Z    info • Don't use 'BuildContext's across async gaps. Try rewriting the code to not use the 'BuildContext', or guard the use with a 'mounted' check • lib/views/info_toko_view.dart:78:13 • use_build_context_synchronously
build	Analyze	2026-09-18T06:09:54.6051533Z    info • 'groupValue' is deprecated and shouldn't be used. Use a RadioGroup ancestor to manage group value instead. This feature was deprecated after v3.32.0-0.0.pre. Try replacing the use of the deprecated member with the replacement • lib/views/info_toko_view.dart:204:25 • deprecated_member_use
build	Analyze	2026-09-18T06:09:54.6054625Z    info • 'onChanged' is deprecated and shouldn't be used. Use RadioGroup to handle value change instead. This feature was deprecated after v3.32.0-0.0.pre. Try replacing the use of the deprecated member with the replacement • lib/views/info_toko_view.dart:205:25 • deprecated_member_use
build	Analyze	2026-09-18T06:09:54.6056528Z    info • 'groupValue' is deprecated and shouldn't be used. Use a RadioGroup ancestor to manage group value instead. This feature was deprecated after v3.32.0-0.0.pre. Try replacing the use of the deprecated member with the replacement • lib/views/info_toko_view.dart:214:25 • deprecated_member_use
build	Analyze	2026-09-18T06:09:54.6058166Z    info • 'onChanged' is deprecated and shouldn't be used. Use RadioGroup to handle value change instead. This feature was deprecated after v3.32.0-0.0.pre. Try replacing the use of the deprecated member with the replacement • lib/views/info_toko_view.dart:215:25 • deprecated_member_use
build	Analyze	2026-09-18T06:09:54.6059353Z warning • Unused import: '../core/services/auth_service.dart'. Try removing the import directive • lib/views/pin_view.dart:4:8 • unused_import
build	Analyze	2026-09-18T06:09:54.6060458Z    info • Don't use 'BuildContext's across async gaps. Try rewriting the code to not use the 'BuildContext', or guard the use with a 'mounted' check • lib/views/printer_settings_view.dart:21:28 • use_build_context_synchronously
build	Analyze	2026-09-18T06:09:54.6061832Z    info • Don't use 'BuildContext's across async gaps. Try rewriting the code to not use the 'BuildContext', or guard the use with a 'mounted' check • lib/views/product_form_view.dart:49:28 • use_build_context_synchronously
build	Analyze	2026-09-18T06:09:54.6063104Z    info • Don't use 'BuildContext's across async gaps. Try rewriting the code to not use the 'BuildContext', or guard the use with a 'mounted' check • lib/views/product_list_view.dart:31:7 • use_build_context_synchronously
build	Analyze	2026-09-18T06:09:54.6064284Z    info • Don't use 'BuildContext's across async gaps. Try rewriting the code to not use the 'BuildContext', or guard the use with a 'mounted' check • lib/views/product_list_view.dart:32:7 • use_build_context_synchronously
build	Analyze	2026-09-18T06:09:54.6065463Z    info • Don't use 'BuildContext's across async gaps. Try rewriting the code to not use the 'BuildContext', or guard the use with a 'mounted' check • lib/views/product_list_view.dart:101:20 • use_build_context_synchronously
build	Analyze	2026-09-18T06:09:54.6066894Z    info • Don't use 'BuildContext's across async gaps, guarded by an unrelated 'mounted' check. Guard a 'State.context' use with a 'mounted' check on the State, and other BuildContext use with a 'mounted' check on the BuildContext • lib/views/product_list_view.dart:349:49 • use_build_context_synchronously
build	Analyze	2026-09-18T06:09:54.6068541Z    info • Don't use 'BuildContext's across async gaps, guarded by an unrelated 'mounted' check. Guard a 'State.context' use with a 'mounted' check on the State, and other BuildContext use with a 'mounted' check on the BuildContext • lib/views/product_list_view.dart:360:58 • use_build_context_synchronously
build	Analyze	2026-09-18T06:09:54.6069802Z warning • Unused import: 'package:qr_flutter/qr_flutter.dart'. Try removing the import directive • lib/views/retail_pos_view.dart:3:8 • unused_import
build	Analyze	2026-09-18T06:09:54.6070842Z    info • Don't use 'BuildContext's across async gaps. Try rewriting the code to not use the 'BuildContext', or guard the use with a 'mounted' check • lib/views/retail_pos_view.dart:35:7 • use_build_context_synchronously
build	Analyze	2026-09-18T06:09:54.6072353Z    info • Don't use 'BuildContext's across async gaps. Try rewriting the code to not use the 'BuildContext', or guard the use with a 'mounted' check • lib/views/retail_pos_view.dart:36:7 • use_build_context_synchronously
build	Analyze	2026-09-18T06:09:54.6073981Z    info • Don't use 'BuildContext's across async gaps. Try rewriting the code to not use the 'BuildContext', or guard the use with a 'mounted' check • lib/views/retail_pos_view.dart:37:7 • use_build_context_synchronously
build	Analyze	2026-09-18T06:09:54.6075031Z warning • The value of the local variable 'cart' isn't used. Try removing the variable or using it • lib/views/retail_pos_view.dart:51:11 • unused_local_variable
build	Analyze	2026-09-18T06:09:54.6076107Z    info • Don't use 'BuildContext's across async gaps. Try rewriting the code to not use the 'BuildContext', or guard the use with a 'mounted' check • lib/views/retail_pos_view.dart:573:25 • use_build_context_synchronously
build	Analyze	2026-09-18T06:09:54.6077391Z    info • 'itf' is deprecated and shouldn't be used. Use BarcodeFormats.itf14 instead. Try replacing the use of the deprecated member with the replacement • lib/views/scanner/barcode_scanner_view.dart:25:21 • deprecated_member_use
build	Analyze	2026-09-18T06:09:54.6078673Z    info • Don't use 'BuildContext's across async gaps. Try rewriting the code to not use the 'BuildContext', or guard the use with a 'mounted' check • lib/views/shift/shift_detail_view.dart:31:21 • use_build_context_synchronously
build	Analyze	2026-09-18T06:09:54.6079865Z    info • Don't use 'BuildContext's across async gaps. Try rewriting the code to not use the 'BuildContext', or guard the use with a 'mounted' check • lib/views/shift_view.dart:27:20 • use_build_context_synchronously
build	Analyze	2026-09-18T06:09:54.6080992Z    info • Don't use 'BuildContext's across async gaps. Try rewriting the code to not use the 'BuildContext', or guard the use with a 'mounted' check • lib/views/shift_view.dart:28:7 • use_build_context_synchronously
build	Analyze	2026-09-18T06:09:54.6082393Z    info • Don't use 'BuildContext's across async gaps. Try rewriting the code to not use the 'BuildContext', or guard the use with a 'mounted' check • lib/views/splash_view.dart:21:20 • use_build_context_synchronously
build	Analyze	2026-09-18T06:09:54.6083421Z warning • Unused import: 'package:provider/provider.dart'. Try removing the import directive • lib/views/stock/stock_report_view.dart:2:8 • unused_import
build	Analyze	2026-09-18T06:09:54.6084351Z warning • Unused import: '../../viewmodels/product_viewmodel.dart'. Try removing the import directive • lib/views/stock/stock_report_view.dart:8:8 • unused_import
build	Analyze	2026-09-18T06:09:54.6085438Z    info • Don't use 'BuildContext's across async gaps. Try rewriting the code to not use the 'BuildContext', or guard the use with a 'mounted' check • lib/views/user/user_management_view.dart:22:28 • use_build_context_synchronously
build	Analyze	2026-09-18T06:09:54.6086678Z    info • Don't use 'BuildContext's across async gaps. Try rewriting the code to not use the 'BuildContext', or guard the use with a 'mounted' check • lib/views/user/user_management_view.dart:110:16 • use_build_context_synchronously
build	Analyze	2026-09-18T06:09:54.6087895Z    info • Don't use 'BuildContext's across async gaps. Try rewriting the code to not use the 'BuildContext', or guard the use with a 'mounted' check • lib/views/user/user_management_view.dart:166:27 • use_build_context_synchronously
build	Analyze	2026-09-18T06:09:54.6089136Z    info • Don't use 'BuildContext's across async gaps. Try rewriting the code to not use the 'BuildContext', or guard the use with a 'mounted' check • lib/views/user/user_management_view.dart:168:13 • use_build_context_synchronously
build	Analyze	2026-09-18T06:09:54.6089733Z 
build	Analyze	2026-09-18T06:09:54.6105017Z 43 issues found. (ran in 7.3s)
build	Build Release APK	﻿2026-09-18T06:09:54.6203835Z ##[group]Run flutter build apk --release
build	Build Release APK	2026-09-18T06:09:54.6204258Z ^[[36;1mflutter build apk --release^[[0m
build	Build Release APK	2026-09-18T06:09:54.6244891Z shell: /usr/bin/bash -e {0}
build	Build Release APK	2026-09-18T06:09:54.6245200Z env:
build	Build Release APK	2026-09-18T06:09:54.6245525Z   JAVA_HOME: /opt/hostedtoolcache/Java_Zulu_jdk/17.0.20-8/x64
build	Build Release APK	2026-09-18T06:09:54.6246043Z   JAVA_HOME_17_X64: /opt/hostedtoolcache/Java_Zulu_jdk/17.0.20-8/x64
build	Build Release APK	2026-09-18T06:09:54.6246488Z   MAVEN_ARGS: -ntp
build	Build Release APK	2026-09-18T06:09:54.6247059Z   FLUTTER_ROOT: /opt/hostedtoolcache/flutter/stable-3.47.4-x64/flutter
build	Build Release APK	2026-09-18T06:09:54.6247542Z   PUB_CACHE: /home/runner/.pub-cache
build	Build Release APK	2026-09-18T06:09:54.6247858Z ##[endgroup]
build	Build Release APK	2026-09-18T06:09:55.0108367Z Upgrading build.gradle
build	Build Release APK	2026-09-18T06:09:55.0124581Z Upgrading gradle.properties
build	Build Release APK	2026-09-18T06:09:55.0132943Z Upgrading gradle.properties
build	Build Release APK	2026-09-18T06:10:51.8718556Z Running Gradle task 'assembleRelease'...                        
build	Build Release APK	2026-09-18T06:10:51.8757966Z Warning: Flutter support for your project's Gradle version (8.14.3) will soon be dropped. Please upgrade your Gradle version to a version of at least 9.1.0 soon.
build	Build Release APK	2026-09-18T06:10:51.8768693Z Alternatively, use the flag "--android-skip-build-dependency-validation" to bypass this check.
build	Build Release APK	2026-09-18T06:10:51.8769426Z 
build	Build Release APK	2026-09-18T06:10:51.8770485Z Potential fix: Your project's gradle version is typically defined in the gradle wrapper file. By default, this can be found at /home/runner/work/pos_v2/pos_v2/android/gradle/wrapper/gradle-wrapper.properties. 
build	Build Release APK	2026-09-18T06:10:51.8772231Z For more information, see https://docs.gradle.org/current/userguide/gradle_wrapper.html.
build	Build Release APK	2026-09-18T06:10:51.8772886Z 
build	Build Release APK	2026-09-18T06:10:51.8774099Z Warning: Flutter support for your project's Android Gradle Plugin version (Android Gradle Plugin version 8.11.1) will soon be dropped. Please upgrade your Android Gradle Plugin version to a version of at least Android Gradle Plugin version 9.0.1 soon.
build	Build Release APK	2026-09-18T06:10:51.8775831Z Alternatively, use the flag "--android-skip-build-dependency-validation" to bypass this check.
build	Build Release APK	2026-09-18T06:10:51.8776515Z 
build	Build Release APK	2026-09-18T06:10:51.8777618Z Potential fix: Your project's AGP version is typically defined in the plugins block of the `settings.gradle` file (/home/runner/work/pos_v2/pos_v2/android/settings.gradle), by a plugin with the id of com.android.application. 
build	Build Release APK	2026-09-18T06:10:51.8780551Z If you don't see a plugins block, your project was likely created with an older template version. In this case it is most likely defined in the top-level build.gradle file (/home/runner/work/pos_v2/pos_v2/android/build.gradle) by the following line in the dependencies block of the buildscript: "classpath 'com.android.tools.build:gradle:<version>'".
build	Build Release APK	2026-09-18T06:10:51.8782425Z 
build	Build Release APK	2026-09-18T06:10:51.8783241Z Warning: Flutter support for your project's Kotlin version (2.2.20) will soon be dropped. Please upgrade your Kotlin version to a version of at least 2.3.20 soon.
build	Build Release APK	2026-09-18T06:10:51.8784591Z Alternatively, use the flag "--android-skip-build-dependency-validation" to bypass this check.
build	Build Release APK	2026-09-18T06:10:51.8785277Z 
build	Build Release APK	2026-09-18T06:10:51.8786403Z Potential fix: Your project's KGP version is typically defined in the plugins block of the `settings.gradle` file (/home/runner/work/pos_v2/pos_v2/android/settings.gradle), by a plugin with the id of org.jetbrains.kotlin.android. 
build	Build Release APK	2026-09-18T06:10:51.8788753Z If you don't see a plugins block, your project was likely created with an older template version, in which case it is most likely defined in the top-level build.gradle file (/home/runner/work/pos_v2/pos_v2/android/build.gradle) by the ext.kotlin_version property.
build	Build Release APK	2026-09-18T06:10:51.8790112Z 
build	Build Release APK	2026-09-18T06:11:22.0558921Z Checking the license for package Android SDK Platform 31 in /usr/local/lib/android/sdk/licenses
build	Build Release APK	2026-09-18T06:11:22.0560010Z License for package Android SDK Platform 31 accepted.
build	Build Release APK	2026-09-18T06:11:22.0560878Z Preparing "Install Android SDK Platform 31 (revision 1)".
build	Build Release APK	2026-09-18T06:11:26.3557834Z "Install Android SDK Platform 31 (revision 1)" ready.
build	Build Release APK	2026-09-18T06:11:26.3558502Z Installing Android SDK Platform 31 in /usr/local/lib/android/sdk/platforms/android-31
build	Build Release APK	2026-09-18T06:11:26.3559642Z "Install Android SDK Platform 31 (revision 1)" complete.
build	Build Release APK	2026-09-18T06:11:26.4558339Z "Install Android SDK Platform 31 (revision 1)" finished.
build	Build Release APK	2026-09-18T06:11:26.5564315Z [=========                              ] 25%                                   
build	Build Release APK	2026-09-18T06:11:26.5583408Z [=========                              ] 25% Fetch remote repository...        
build	Build Release APK	2026-09-18T06:11:26.5584806Z [=======================================] 100% Fetch remote repository...       
build	Build Release APK	2026-09-18T06:11:45.7572824Z Font asset "MaterialIcons-Regular.otf" was tree-shaken, reducing it from 1645184 to 10508 bytes (99.4% reduction). Tree-shaking can be disabled by providing the --no-tree-shake-icons flag when building your app.
build	Build Release APK	2026-09-18T06:11:59.3554399Z Checking the license for package CMake 3.22.1 in /usr/local/lib/android/sdk/licenses
build	Build Release APK	2026-09-18T06:11:59.3555298Z License for package CMake 3.22.1 accepted.
build	Build Release APK	2026-09-18T06:11:59.3557713Z Preparing "Install CMake 3.22.1 v.3.22.1".
build	Build Release APK	2026-09-18T06:12:00.3560696Z "Install CMake 3.22.1 v.3.22.1" ready.
build	Build Release APK	2026-09-18T06:12:00.3561836Z Installing CMake 3.22.1 in /usr/local/lib/android/sdk/cmake/3.22.1
build	Build Release APK	2026-09-18T06:12:00.3562683Z "Install CMake 3.22.1 v.3.22.1" complete.
build	Build Release APK	2026-09-18T06:12:00.3563279Z "Install CMake 3.22.1 v.3.22.1" finished.
build	Build Release APK	2026-09-18T06:12:24.5583542Z Note: /home/runner/.pub-cache/hosted/pub.dev/blue_thermal_printer-1.2.3/android/src/main/java/id/kakzaki/blue_thermal_printer/BlueThermalPrinterPlugin.java uses or overrides a deprecated API.
build	Build Release APK	2026-09-18T06:12:24.5585414Z Note: Recompile with -Xlint:deprecation for details.
build	Build Release APK	2026-09-18T06:13:14.9572985Z Caught exception: Already watching path: /home/runner/work/pos_v2/pos_v2/android
build	Build Release APK	2026-09-18T06:13:40.3654440Z Running Gradle task 'assembleRelease'...                          224.8s
build	Build Release APK	2026-09-18T06:13:40.8962563Z ✓ Built build/app/outputs/flutter-apk/app-release.apk (78.5MB)
build	Upload APK to Actions	﻿2026-09-18T06:13:40.9098021Z Node 20 is being deprecated. This workflow is running with Node 24 by default. If you need to temporarily use Node 20, you can set the ACTIONS_ALLOW_USE_UNSECURE_NODE_VERSION=true environment variable. For more information see: https://github.blog/changelog/2025-09-19-deprecation-of-node-20-on-github-actions-runners/
build	Upload APK to Actions	2026-09-18T06:13:40.9099080Z ##[group]Run actions/upload-artifact@v4
build	Upload APK to Actions	2026-09-18T06:13:40.9099319Z with:
build	Upload APK to Actions	2026-09-18T06:13:40.9099492Z   name: pos-v2-release-apk
build	Upload APK to Actions	2026-09-18T06:13:40.9099754Z   path: build/app/outputs/flutter-apk/app-release.apk
build	Upload APK to Actions	2026-09-18T06:13:40.9100031Z   if-no-files-found: warn
build	Upload APK to Actions	2026-09-18T06:13:40.9100233Z   compression-level: 6
build	Upload APK to Actions	2026-09-18T06:13:40.9100421Z   overwrite: false
build	Upload APK to Actions	2026-09-18T06:13:40.9100608Z   include-hidden-files: false
build	Upload APK to Actions	2026-09-18T06:13:40.9100807Z env:
build	Upload APK to Actions	2026-09-18T06:13:40.9101023Z   JAVA_HOME: /opt/hostedtoolcache/Java_Zulu_jdk/17.0.20-8/x64
build	Upload APK to Actions	2026-09-18T06:13:40.9101361Z   JAVA_HOME_17_X64: /opt/hostedtoolcache/Java_Zulu_jdk/17.0.20-8/x64
build	Upload APK to Actions	2026-09-18T06:13:40.9101879Z   MAVEN_ARGS: -ntp
build	Upload APK to Actions	2026-09-18T06:13:40.9102134Z   FLUTTER_ROOT: /opt/hostedtoolcache/flutter/stable-3.47.4-x64/flutter
build	Upload APK to Actions	2026-09-18T06:13:40.9102443Z   PUB_CACHE: /home/runner/.pub-cache
build	Upload APK to Actions	2026-09-18T06:13:40.9102659Z ##[endgroup]
build	Upload APK to Actions	2026-09-18T06:13:41.1582630Z (node:3530) [DEP0040] DeprecationWarning: The `punycode` module is deprecated. Please use a userland alternative instead.
build	Upload APK to Actions	2026-09-18T06:13:41.1583623Z (Use `node --trace-deprecation ...` to show where the warning was created)
build	Upload APK to Actions	2026-09-18T06:13:41.1624988Z With the provided path, there will be 1 file uploaded
build	Upload APK to Actions	2026-09-18T06:13:41.1629574Z Artifact name is valid!
build	Upload APK to Actions	2026-09-18T06:13:41.1630364Z Root directory input is valid!
build	Upload APK to Actions	2026-09-18T06:13:41.5672441Z Beginning upload of artifact content to blob storage
build	Upload APK to Actions	2026-09-18T06:13:41.8981351Z (node:3530) [DEP0169] DeprecationWarning: `url.parse()` behavior is not standardized and prone to errors that have security implications. Use the WHATWG URL API instead. CVEs are not issued for `url.parse()` vulnerabilities.
build	Upload APK to Actions	2026-09-18T06:13:42.8268814Z Uploaded bytes 8388608
build	Upload APK to Actions	2026-09-18T06:13:43.1229695Z Uploaded bytes 16777216
build	Upload APK to Actions	2026-09-18T06:13:43.2446583Z Uploaded bytes 25165824
build	Upload APK to Actions	2026-09-18T06:13:43.6471108Z Uploaded bytes 33554432
build	Upload APK to Actions	2026-09-18T06:13:44.0475198Z Uploaded bytes 39318164
build	Upload APK to Actions	2026-09-18T06:13:44.1189815Z Finished uploading artifact content to blob storage!
build	Upload APK to Actions	2026-09-18T06:13:44.1190664Z SHA256 digest of uploaded artifact zip is 7c980fbe26e2b8a9f2899821ff1c14c1568fa059ed3707929b21032145ed7e6f
build	Upload APK to Actions	2026-09-18T06:13:44.1192047Z Finalizing artifact upload
build	Upload APK to Actions	2026-09-18T06:13:44.3713129Z Artifact pos-v2-release-apk.zip successfully finalized. Artifact ID 10534602625
build	Upload APK to Actions	2026-09-18T06:13:44.3713799Z Artifact pos-v2-release-apk has been successfully uploaded! Final size is 39318164 bytes. Artifact ID is 10534602625
build	Upload APK to Actions	2026-09-18T06:13:44.3718297Z Artifact download URL: https://github.com/YusuP28/pos_v2/actions/runs/35313658771/artifacts/10534602625
build	Upload APK to Release	﻿2026-09-18T06:13:44.3894903Z Node 20 is being deprecated. This workflow is running with Node 24 by default. If you need to temporarily use Node 20, you can set the ACTIONS_ALLOW_USE_UNSECURE_NODE_VERSION=true environment variable. For more information see: https://github.blog/changelog/2025-09-19-deprecation-of-node-20-on-github-actions-runners/
build	Upload APK to Release	2026-09-18T06:13:44.3895957Z ##[group]Run softprops/action-gh-release@v2
build	Upload APK to Release	2026-09-18T06:13:44.3896203Z with:
build	Upload APK to Release	2026-09-18T06:13:44.3896428Z   files: build/app/outputs/flutter-apk/app-release.apk
build	Upload APK to Release	2026-09-18T06:13:44.3896700Z   overwrite_files: true
build	Upload APK to Release	2026-09-18T06:13:44.3898851Z   token: ***
build	Upload APK to Release	2026-09-18T06:13:44.3899028Z env:
build	Upload APK to Release	2026-09-18T06:13:44.3899255Z   JAVA_HOME: /opt/hostedtoolcache/Java_Zulu_jdk/17.0.20-8/x64
build	Upload APK to Release	2026-09-18T06:13:44.3899605Z   JAVA_HOME_17_X64: /opt/hostedtoolcache/Java_Zulu_jdk/17.0.20-8/x64
build	Upload APK to Release	2026-09-18T06:13:44.3899897Z   MAVEN_ARGS: -ntp
build	Upload APK to Release	2026-09-18T06:13:44.3900166Z   FLUTTER_ROOT: /opt/hostedtoolcache/flutter/stable-3.47.4-x64/flutter
build	Upload APK to Release	2026-09-18T06:13:44.3900484Z   PUB_CACHE: /home/runner/.pub-cache
build	Upload APK to Release	2026-09-18T06:13:44.3902917Z   GITHUB_TOKEN: ***
build	Upload APK to Release	2026-09-18T06:13:44.3903112Z ##[endgroup]
build	Upload APK to Release	2026-09-18T06:13:44.7536375Z 👩‍🏭 Creating new GitHub release for tag v1.0.1...
build	Upload APK to Release	2026-09-18T06:13:45.8127789Z Release 391252252 is not yet discoverable by tag v1.0.1, retrying... (2 retries remaining)
build	Upload APK to Release	2026-09-18T06:13:47.4962121Z ⬆️ Uploading app-release.apk...
build	Upload APK to Release	2026-09-18T06:13:51.2558408Z ✅ Uploaded app-release.apk
build	Upload APK to Release	2026-09-18T06:13:51.2558781Z Finalizing release...
build	Upload APK to Release	2026-09-18T06:13:51.6285842Z Getting assets list...
build	Upload APK to Release	2026-09-18T06:13:51.8320564Z 🎉 Release ready at https://github.com/YusuP28/pos_v2/releases/tag/v1.0.1
build	Post Setup Flutter	﻿2026-09-18T06:13:51.8601942Z Post job cleanup.
build	Post Setup Flutter	2026-09-18T06:13:51.8605924Z ##[start-action display=Cache pub dependencies;id=__d2a0330d-6912-48fe-82e2-6cd93ae32c6e.cache-pub]
build	Post Setup Flutter	2026-09-18T06:13:53.5050046Z Post job cleanup.
build	Post Setup Flutter	2026-09-18T06:13:53.7737687Z Cache hit occurred on the primary key flutter-pub-linux-stable-3.47.4-x64-9584c6713b324636289d067944a46fd6b49df14b-, not saving cache.
build	Post Setup Flutter	2026-09-18T06:13:53.7793104Z ##[end-action id=__d2a0330d-6912-48fe-82e2-6cd93ae32c6e.cache-pub;outcome=success;conclusion=success;duration_ms=1918]
build	Post Setup Flutter	2026-09-18T06:13:53.7796173Z ##[start-action display=Cache Flutter;id=__d2a0330d-6912-48fe-82e2-6cd93ae32c6e.cache-flutter]
build	Post Setup Flutter	2026-09-18T06:13:53.7838265Z Post job cleanup.
build	Post Setup Flutter	2026-09-18T06:13:53.8921106Z Cache hit occurred on the primary key flutter-linux-stable-3.47.4-x64-9584c6713b324636289d067944a46fd6b49df14b, not saving cache.
build	Post Setup Flutter	2026-09-18T06:13:53.8980815Z ##[end-action id=__d2a0330d-6912-48fe-82e2-6cd93ae32c6e.cache-flutter;outcome=success;conclusion=success;duration_ms=118]
build	Post Setup Java	﻿2026-09-18T06:13:53.9072485Z Post job cleanup.
build	Post Checkout	﻿2026-09-18T06:13:54.0799914Z Post job cleanup.
build	Post Checkout	2026-09-18T06:13:54.3911312Z [command]/usr/bin/git version
build	Post Checkout	2026-09-18T06:13:54.3947193Z git version 2.55.0
build	Post Checkout	2026-09-18T06:13:54.3979033Z Temporarily overriding HOME='/home/runner/work/_temp/f5735ccf-f31d-47f1-93f8-0385869f1f67' before making global git config changes
build	Post Checkout	2026-09-18T06:13:54.3980091Z Adding repository directory to the temporary git global config as a safe directory
build	Post Checkout	2026-09-18T06:13:54.3984380Z [command]/usr/bin/git config --global --add safe.directory /home/runner/work/pos_v2/pos_v2
build	Post Checkout	2026-09-18T06:13:54.4023771Z [command]/usr/bin/git config --local --name-only --get-regexp core\.sshCommand
build	Post Checkout	2026-09-18T06:13:54.4057394Z [command]/usr/bin/git submodule foreach --recursive sh -c "git config --local --name-only --get-regexp 'core\.sshCommand' && git config --local --unset-all 'core.sshCommand' || :"
build	Post Checkout	2026-09-18T06:13:54.4270636Z [command]/usr/bin/git config --local --name-only --get-regexp http\.https\:\/\/github\.com\/\.extraheader
build	Post Checkout	2026-09-18T06:13:54.4296579Z http.https://github.com/.extraheader
build	Post Checkout	2026-09-18T06:13:54.4306156Z [command]/usr/bin/git config --local --unset-all http.https://github.com/.extraheader
build	Post Checkout	2026-09-18T06:13:54.4338144Z [command]/usr/bin/git submodule foreach --recursive sh -c "git config --local --name-only --get-regexp 'http\.https\:\/\/github\.com\/\.extraheader' && git config --local --unset-all 'http.https://github.com/.extraheader' || :"
build	Post Checkout	2026-09-18T06:13:54.4532365Z [command]/usr/bin/git config --local --name-only --get-regexp ^includeIf\.gitdir:
build	Post Checkout	2026-09-18T06:13:54.4566738Z [command]/usr/bin/git submodule foreach --recursive git config --local --show-origin --name-only --get-regexp remote.origin.url
build	Complete job	﻿2026-09-18T06:13:54.4885992Z Cleaning up orphan processes
build	Complete job	2026-09-18T06:13:54.5236096Z Terminate orphan process: pid (2686) (java)
build	Complete job	2026-09-18T06:13:54.5304911Z Terminate orphan process: pid (3273) (java)
build	Complete job	2026-09-18T06:13:54.5333842Z ##[warning]Node.js 20 is deprecated. The following actions target Node.js 20 but are being forced to run on Node.js 24: actions/upload-artifact@v4, softprops/action-gh-release@v2. For more information see: https://github.blog/changelog/2025-09-19-deprecation-of-node-20-on-github-actions-runners/
