build	Set up job	﻿2026-09-18T06:51:09.8812323Z Current runner version: '2.337.0'
build	Set up job	2026-09-18T06:51:09.8834031Z ##[group]Runner Image Provisioner
build	Set up job	2026-09-18T06:51:09.8834852Z Hosted Compute Agent
build	Set up job	2026-09-18T06:51:09.8835338Z Version: 20260828.587
build	Set up job	2026-09-18T06:51:09.8835884Z Commit: abac92662cab4cc7352de4f9f9d2e2419aad9c29
build	Set up job	2026-09-18T06:51:09.8836503Z Build Date: 2026-08-28T16:44:25Z
build	Set up job	2026-09-18T06:51:09.8837063Z Worker ID: {87731ce4-3c76-4ea3-87fe-f8e2e5e90388}
build	Set up job	2026-09-18T06:51:09.8837719Z Azure Region: westus3
build	Set up job	2026-09-18T06:51:09.8838212Z ##[endgroup]
build	Set up job	2026-09-18T06:51:09.8839490Z ##[group]Operating System
build	Set up job	2026-09-18T06:51:09.8840094Z Ubuntu
build	Set up job	2026-09-18T06:51:09.8840528Z 24.04.5
build	Set up job	2026-09-18T06:51:09.8841047Z LTS
build	Set up job	2026-09-18T06:51:09.8841467Z ##[endgroup]
build	Set up job	2026-09-18T06:51:09.8841909Z ##[group]Runner Image
build	Set up job	2026-09-18T06:51:09.8842451Z Image: ubuntu-24.04
build	Set up job	2026-09-18T06:51:09.8843025Z Version: 20260907.300.1
build	Set up job	2026-09-18T06:51:09.8843963Z Included Software: https://github.com/actions/runner-images/blob/ubuntu24/20260907.300/images/ubuntu/Ubuntu2404-Readme.md
build	Set up job	2026-09-18T06:51:09.8845340Z Image Release: https://github.com/actions/runner-images/releases/tag/ubuntu24%2F20260907.300
build	Set up job	2026-09-18T06:51:09.8846186Z ##[endgroup]
build	Set up job	2026-09-18T06:51:09.8847062Z ##[group]GITHUB_TOKEN Permissions
build	Set up job	2026-09-18T06:51:09.8849093Z Contents: write
build	Set up job	2026-09-18T06:51:09.8849867Z Metadata: read
build	Set up job	2026-09-18T06:51:09.8850374Z ##[endgroup]
build	Set up job	2026-09-18T06:51:09.8852063Z Secret source: Actions
build	Set up job	2026-09-18T06:51:09.8852925Z Cache mode: write
build	Set up job	2026-09-18T06:51:09.8853526Z Prepare workflow directory
build	Set up job	2026-09-18T06:51:09.9119654Z Prepare all required actions
build	Set up job	2026-09-18T06:51:09.9173477Z Getting action download info
build	Set up job	2026-09-18T06:51:10.2315662Z Download action repository 'actions/checkout@v5' (SHA:fbc6f3992d24b796d5a048ff273f7fcc4a7b6c09)
build	Set up job	2026-09-18T06:51:10.3257366Z Download action repository 'actions/setup-java@v5' (SHA:b6effb05e454b25005698d916606bdc6ffcbf961)
build	Set up job	2026-09-18T06:51:11.2376734Z Download action repository 'subosito/flutter-action@v2' (SHA:1a449444c387b1966244ae4d4f8c696479add0b2)
build	Set up job	2026-09-18T06:51:11.6195432Z Download action repository 'actions/upload-artifact@v4' (SHA:ea165f8d65b6e75b540449e92b4886f43607fa02)
build	Set up job	2026-09-18T06:51:11.7889840Z Download action repository 'softprops/action-gh-release@v2' (SHA:3bb12739c298aeb8a4eeaf626c5b8d85266b0e65)
build	Set up job	2026-09-18T06:51:12.3440839Z Getting action download info
build	Set up job	2026-09-18T06:51:12.5050013Z Download action repository 'actions/cache@v5' (SHA:caa296126883cff596d87d8935842f9db880ef25)
build	Set up job	2026-09-18T06:51:12.9113789Z Complete job name: build
build	Checkout	﻿2026-09-18T06:51:12.9751216Z ##[group]Run actions/checkout@v5
build	Checkout	2026-09-18T06:51:12.9751694Z with:
build	Checkout	2026-09-18T06:51:12.9751883Z   repository: YusuP28/pos_v2
build	Checkout	2026-09-18T06:51:12.9753835Z   token: ***
build	Checkout	2026-09-18T06:51:12.9754018Z   ssh-strict: true
build	Checkout	2026-09-18T06:51:12.9754198Z   ssh-user: git
build	Checkout	2026-09-18T06:51:12.9754383Z   persist-credentials: true
build	Checkout	2026-09-18T06:51:12.9754589Z   clean: true
build	Checkout	2026-09-18T06:51:12.9754773Z   sparse-checkout-cone-mode: true
build	Checkout	2026-09-18T06:51:12.9755009Z   fetch-depth: 1
build	Checkout	2026-09-18T06:51:12.9755189Z   fetch-tags: false
build	Checkout	2026-09-18T06:51:12.9755393Z   show-progress: true
build	Checkout	2026-09-18T06:51:12.9755567Z   lfs: false
build	Checkout	2026-09-18T06:51:12.9755729Z   submodules: false
build	Checkout	2026-09-18T06:51:12.9755908Z   set-safe-directory: true
build	Checkout	2026-09-18T06:51:12.9756118Z   allow-unsafe-pr-checkout: false
build	Checkout	2026-09-18T06:51:12.9756455Z ##[endgroup]
build	Checkout	2026-09-18T06:51:13.0573330Z Syncing repository: YusuP28/pos_v2
build	Checkout	2026-09-18T06:51:13.0574977Z ##[group]Getting Git version info
build	Checkout	2026-09-18T06:51:13.0575314Z Working directory is '/home/runner/work/pos_v2/pos_v2'
build	Checkout	2026-09-18T06:51:13.0575834Z [command]/usr/bin/git version
build	Checkout	2026-09-18T06:51:13.0779447Z git version 2.55.0
build	Checkout	2026-09-18T06:51:13.0795368Z ##[endgroup]
build	Checkout	2026-09-18T06:51:13.0807465Z Temporarily overriding HOME='/home/runner/work/_temp/24928a60-3bee-41ba-9773-eac1f805b7c7' before making global git config changes
build	Checkout	2026-09-18T06:51:13.0808669Z Adding repository directory to the temporary git global config as a safe directory
build	Checkout	2026-09-18T06:51:13.0811909Z [command]/usr/bin/git config --global --add safe.directory /home/runner/work/pos_v2/pos_v2
build	Checkout	2026-09-18T06:51:13.0855957Z Deleting the contents of '/home/runner/work/pos_v2/pos_v2'
build	Checkout	2026-09-18T06:51:13.0862771Z ##[group]Initializing the repository
build	Checkout	2026-09-18T06:51:13.0890050Z [command]/usr/bin/git init /home/runner/work/pos_v2/pos_v2
build	Checkout	2026-09-18T06:51:13.0966339Z hint: Using 'master' as the name for the initial branch. This default branch name
build	Checkout	2026-09-18T06:51:13.0967401Z hint: will change to "main" in Git 3.0. To configure the initial branch name
build	Checkout	2026-09-18T06:51:13.0968336Z hint: to use in all of your new repositories, which will suppress this warning,
build	Checkout	2026-09-18T06:51:13.0969059Z hint: call:
build	Checkout	2026-09-18T06:51:13.0969957Z hint:
build	Checkout	2026-09-18T06:51:13.0970570Z hint: 	git config --global init.defaultBranch <name>
build	Checkout	2026-09-18T06:51:13.0971197Z hint:
build	Checkout	2026-09-18T06:51:13.0971808Z hint: Names commonly chosen instead of 'master' are 'main', 'trunk' and
build	Checkout	2026-09-18T06:51:13.0972440Z hint: 'development'. The just-created branch can be renamed via this command:
build	Checkout	2026-09-18T06:51:13.0972910Z hint:
build	Checkout	2026-09-18T06:51:13.0973279Z hint: 	git branch -m <name>
build	Checkout	2026-09-18T06:51:13.0973609Z hint:
build	Checkout	2026-09-18T06:51:13.0974085Z hint: Disable this message with "git config set advice.defaultBranchName false"
build	Checkout	2026-09-18T06:51:13.0974780Z Initialized empty Git repository in /home/runner/work/pos_v2/pos_v2/.git/
build	Checkout	2026-09-18T06:51:13.0981129Z [command]/usr/bin/git remote add origin https://github.com/YusuP28/pos_v2
build	Checkout	2026-09-18T06:51:13.1030069Z ##[endgroup]
build	Checkout	2026-09-18T06:51:13.1030481Z ##[group]Disabling automatic garbage collection
build	Checkout	2026-09-18T06:51:13.1034764Z [command]/usr/bin/git config --local gc.auto 0
build	Checkout	2026-09-18T06:51:13.1072786Z ##[endgroup]
build	Checkout	2026-09-18T06:51:13.1073495Z ##[group]Setting up auth
build	Checkout	2026-09-18T06:51:13.1080828Z [command]/usr/bin/git config --local --name-only --get-regexp core\.sshCommand
build	Checkout	2026-09-18T06:51:13.1117380Z [command]/usr/bin/git submodule foreach --recursive sh -c "git config --local --name-only --get-regexp 'core\.sshCommand' && git config --local --unset-all 'core.sshCommand' || :"
build	Checkout	2026-09-18T06:51:13.1433551Z [command]/usr/bin/git config --local --name-only --get-regexp http\.https\:\/\/github\.com\/\.extraheader
build	Checkout	2026-09-18T06:51:13.1464793Z [command]/usr/bin/git submodule foreach --recursive sh -c "git config --local --name-only --get-regexp 'http\.https\:\/\/github\.com\/\.extraheader' && git config --local --unset-all 'http.https://github.com/.extraheader' || :"
build	Checkout	2026-09-18T06:51:13.1656252Z [command]/usr/bin/git config --local --name-only --get-regexp ^includeIf\.gitdir:
build	Checkout	2026-09-18T06:51:13.1687237Z [command]/usr/bin/git submodule foreach --recursive git config --local --show-origin --name-only --get-regexp remote.origin.url
build	Checkout	2026-09-18T06:51:13.1882978Z [command]/usr/bin/git config --local http.https://github.com/.extraheader AUTHORIZATION: basic ***
build	Checkout	2026-09-18T06:51:13.1915570Z ##[endgroup]
build	Checkout	2026-09-18T06:51:13.1916119Z ##[group]Fetching the repository
build	Checkout	2026-09-18T06:51:13.1924663Z [command]/usr/bin/git -c protocol.version=2 fetch --no-tags --prune --no-recurse-submodules --depth=1 origin +adb31566dcc661365913a49cf02db05cd22316e6:refs/tags/v1.0.3
build	Checkout	2026-09-18T06:51:13.8409784Z From https://github.com/YusuP28/pos_v2
build	Checkout	2026-09-18T06:51:13.8410341Z  * [new ref]         adb31566dcc661365913a49cf02db05cd22316e6 -> v1.0.3
build	Checkout	2026-09-18T06:51:13.8413408Z ##[endgroup]
build	Checkout	2026-09-18T06:51:13.8413726Z ##[group]Determining the checkout info
build	Checkout	2026-09-18T06:51:13.8416037Z ##[endgroup]
build	Checkout	2026-09-18T06:51:13.8422446Z [command]/usr/bin/git sparse-checkout disable
build	Checkout	2026-09-18T06:51:13.8468893Z [command]/usr/bin/git config --local --unset-all extensions.worktreeConfig
build	Checkout	2026-09-18T06:51:13.8496112Z ##[group]Checking out the ref
build	Checkout	2026-09-18T06:51:13.8501618Z [command]/usr/bin/git checkout --progress --force refs/tags/v1.0.3
build	Checkout	2026-09-18T06:51:13.8585661Z Note: switching to 'refs/tags/v1.0.3'.
build	Checkout	2026-09-18T06:51:13.8585968Z 
build	Checkout	2026-09-18T06:51:13.8586218Z You are in 'detached HEAD' state. You can look around, make experimental
build	Checkout	2026-09-18T06:51:13.8586919Z changes and commit them, and you can discard any commits you make in this
build	Checkout	2026-09-18T06:51:13.8587750Z state without impacting any branches by switching back to a branch.
build	Checkout	2026-09-18T06:51:13.8588107Z 
build	Checkout	2026-09-18T06:51:13.8588402Z If you want to create a new branch to retain commits you create, you may
build	Checkout	2026-09-18T06:51:13.8589053Z do so (now or later) by using -c with the switch command. Example:
build	Checkout	2026-09-18T06:51:13.8589486Z 
build	Checkout	2026-09-18T06:51:13.8589624Z   git switch -c <new-branch-name>
build	Checkout	2026-09-18T06:51:13.8589840Z 
build	Checkout	2026-09-18T06:51:13.8589975Z Or undo this operation with:
build	Checkout	2026-09-18T06:51:13.8590199Z 
build	Checkout	2026-09-18T06:51:13.8590302Z   git switch -
build	Checkout	2026-09-18T06:51:13.8590479Z 
build	Checkout	2026-09-18T06:51:13.8590737Z Turn off this advice by setting config variable advice.detachedHead to false
build	Checkout	2026-09-18T06:51:13.8591096Z 
build	Checkout	2026-09-18T06:51:13.8591286Z HEAD is now at adb3156 fix: sinkronkan versi build.gradle dengan pubspec.yaml (v1.0.3)
build	Checkout	2026-09-18T06:51:13.8599236Z ##[endgroup]
build	Checkout	2026-09-18T06:51:13.8639497Z [command]/usr/bin/git log -1 --format=%H
build	Checkout	2026-09-18T06:51:13.8662019Z adb31566dcc661365913a49cf02db05cd22316e6
build	Setup Java	﻿2026-09-18T06:51:13.8905087Z ##[group]Run actions/setup-java@v5
build	Setup Java	2026-09-18T06:51:13.8905333Z with:
build	Setup Java	2026-09-18T06:51:13.8905502Z   distribution: zulu
build	Setup Java	2026-09-18T06:51:13.8905681Z   java-version: 17
build	Setup Java	2026-09-18T06:51:13.8905855Z   java-package: jdk
build	Setup Java	2026-09-18T06:51:13.8906032Z   check-latest: false
build	Setup Java	2026-09-18T06:51:13.8906214Z   set-default: true
build	Setup Java	2026-09-18T06:51:13.8906411Z   verify-signature: false
build	Setup Java	2026-09-18T06:51:13.8906612Z   server-id: github
build	Setup Java	2026-09-18T06:51:13.8906786Z   server-username: GITHUB_ACTOR
build	Setup Java	2026-09-18T06:51:13.8906993Z   server-password: GITHUB_TOKEN
build	Setup Java	2026-09-18T06:51:13.8907194Z   overwrite-settings: true
build	Setup Java	2026-09-18T06:51:13.8907386Z   job-status: success
build	Setup Java	2026-09-18T06:51:13.8909207Z   token: ***
build	Setup Java	2026-09-18T06:51:13.8909683Z   show-download-progress: false
build	Setup Java	2026-09-18T06:51:13.8909891Z ##[endgroup]
build	Setup Java	2026-09-18T06:51:14.0147112Z ##[group]Installed distributions
build	Setup Java	2026-09-18T06:51:14.0168619Z Trying to resolve the latest version from remote
build	Setup Java	2026-09-18T06:51:14.2778917Z Resolved latest version as 17.0.20+8
build	Setup Java	2026-09-18T06:51:14.2779578Z Trying to download...
build	Setup Java	2026-09-18T06:51:14.2780275Z Downloading Java 17.0.20+8 (Zulu) from https://cdn.azul.com/zulu/bin/zulu17.68.17-ca-jdk17.0.20-linux_x64.tar.gz ...
build	Setup Java	2026-09-18T06:51:18.0636858Z Extracting Java archive...
build	Setup Java	2026-09-18T06:51:18.0731599Z [command]/usr/bin/tar xz --warning=no-unknown-keyword --overwrite -C /home/runner/work/_temp/1bf60060-68f1-456a-8a18-10d7fe60d6aa -f /home/runner/work/_temp/79feeef7-ead8-4fbf-8a16-5821cb862974
build	Setup Java	2026-09-18T06:51:21.6590955Z Java 17.0.20+8 was downloaded
build	Setup Java	2026-09-18T06:51:21.6591408Z Setting Java 17.0.20+8 as the default
build	Setup Java	2026-09-18T06:51:21.6597946Z Creating toolchains.xml for JDK version 17 from zulu
build	Setup Java	2026-09-18T06:51:21.6650771Z Writing to /home/runner/.m2/toolchains.xml
build	Setup Java	2026-09-18T06:51:21.6651141Z 
build	Setup Java	2026-09-18T06:51:21.6651279Z Java configuration:
build	Setup Java	2026-09-18T06:51:21.6651634Z   Distribution: zulu
build	Setup Java	2026-09-18T06:51:21.6651951Z   Version: 17.0.20+8
build	Setup Java	2026-09-18T06:51:21.6652342Z   Path: /opt/hostedtoolcache/Java_Zulu_jdk/17.0.20-8/x64
build	Setup Java	2026-09-18T06:51:21.6652809Z 
build	Setup Java	2026-09-18T06:51:21.6653443Z ##[endgroup]
build	Setup Java	2026-09-18T06:51:21.6680655Z Creating settings.xml with server-id: github
build	Setup Java	2026-09-18T06:51:21.6681166Z Writing to /home/runner/.m2/settings.xml
build	Setup Java	2026-09-18T06:51:21.6682147Z Configured MAVEN_ARGS to include -ntp to suppress Maven transfer progress logs. Set 'show-download-progress: true' to keep the download progress output.
build	Setup Flutter	﻿2026-09-18T06:51:21.6884497Z ##[group]Run subosito/flutter-action@v2
build	Setup Flutter	2026-09-18T06:51:21.6884739Z with:
build	Setup Flutter	2026-09-18T06:51:21.6884897Z   channel: stable
build	Setup Flutter	2026-09-18T06:51:21.6885060Z   cache: true
build	Setup Flutter	2026-09-18T06:51:21.6885222Z   architecture: X64
build	Setup Flutter	2026-09-18T06:51:21.6885406Z   pub-cache-path: default
build	Setup Flutter	2026-09-18T06:51:21.6885589Z   dry-run: false
build	Setup Flutter	2026-09-18T06:51:21.6885803Z   git-source: https://github.com/flutter/flutter.git
build	Setup Flutter	2026-09-18T06:51:21.6886044Z env:
build	Setup Flutter	2026-09-18T06:51:21.6886251Z   JAVA_HOME: /opt/hostedtoolcache/Java_Zulu_jdk/17.0.20-8/x64
build	Setup Flutter	2026-09-18T06:51:21.6886571Z   JAVA_HOME_17_X64: /opt/hostedtoolcache/Java_Zulu_jdk/17.0.20-8/x64
build	Setup Flutter	2026-09-18T06:51:21.6887022Z   MAVEN_ARGS: -ntp
build	Setup Flutter	2026-09-18T06:51:21.6887189Z ##[endgroup]
build	Setup Flutter	2026-09-18T06:51:21.6934724Z ##[start-action display=Make yq tool available on Windows runners;id=__subosito_flutter-action.__run]
build	Setup Flutter	2026-09-18T06:51:21.6942940Z ##[end-action id=__subosito_flutter-action.__run;outcome=skipped;conclusion=skipped;duration_ms=0]
build	Setup Flutter	2026-09-18T06:51:21.6944593Z ##[start-action display=Make setup script executable;id=__subosito_flutter-action.__run_2]
build	Setup Flutter	2026-09-18T06:51:21.7506940Z ##[group]Run chmod +x "$GITHUB_ACTION_PATH/setup.sh"
build	Setup Flutter	2026-09-18T06:51:21.7507316Z ^[[36;1mchmod +x "$GITHUB_ACTION_PATH/setup.sh"^[[0m
build	Setup Flutter	2026-09-18T06:51:21.7543710Z shell: /usr/bin/bash --noprofile --norc -e -o pipefail {0}
build	Setup Flutter	2026-09-18T06:51:21.7543993Z env:
build	Setup Flutter	2026-09-18T06:51:21.7544215Z   JAVA_HOME: /opt/hostedtoolcache/Java_Zulu_jdk/17.0.20-8/x64
build	Setup Flutter	2026-09-18T06:51:21.7544547Z   JAVA_HOME_17_X64: /opt/hostedtoolcache/Java_Zulu_jdk/17.0.20-8/x64
build	Setup Flutter	2026-09-18T06:51:21.7544837Z   MAVEN_ARGS: -ntp
build	Setup Flutter	2026-09-18T06:51:21.7545004Z ##[endgroup]
build	Setup Flutter	2026-09-18T06:51:21.7636537Z ##[end-action id=__subosito_flutter-action.__run_2;outcome=success;conclusion=success;duration_ms=69]
build	Setup Flutter	2026-09-18T06:51:21.7638710Z ##[start-action display=Set action inputs;id=__subosito_flutter-action.flutter-action]
build	Setup Flutter	2026-09-18T06:51:21.7667733Z ##[group]Run $GITHUB_ACTION_PATH/setup.sh -p \
build	Setup Flutter	2026-09-18T06:51:21.7668044Z ^[[36;1m$GITHUB_ACTION_PATH/setup.sh -p \^[[0m
build	Setup Flutter	2026-09-18T06:51:21.7668301Z ^[[36;1m  -n '' \^[[0m
build	Setup Flutter	2026-09-18T06:51:21.7668486Z ^[[36;1m  -f '' \^[[0m
build	Setup Flutter	2026-09-18T06:51:21.7668655Z ^[[36;1m  -a 'X64' \^[[0m
build	Setup Flutter	2026-09-18T06:51:21.7668824Z ^[[36;1m  -k '' \^[[0m
build	Setup Flutter	2026-09-18T06:51:21.7668979Z ^[[36;1m  -c '' \^[[0m
build	Setup Flutter	2026-09-18T06:51:21.7669139Z ^[[36;1m  -l '' \^[[0m
build	Setup Flutter	2026-09-18T06:51:21.7669533Z ^[[36;1m  -d 'default' \^[[0m
build	Setup Flutter	2026-09-18T06:51:21.7669856Z ^[[36;1m  -g 'https://github.com/flutter/flutter.git' \^[[0m
build	Setup Flutter	2026-09-18T06:51:21.7670115Z ^[[36;1m  stable^[[0m
build	Setup Flutter	2026-09-18T06:51:21.7699701Z shell: /usr/bin/bash --noprofile --norc -e -o pipefail {0}
build	Setup Flutter	2026-09-18T06:51:21.7699979Z env:
build	Setup Flutter	2026-09-18T06:51:21.7700200Z   JAVA_HOME: /opt/hostedtoolcache/Java_Zulu_jdk/17.0.20-8/x64
build	Setup Flutter	2026-09-18T06:51:21.7700535Z   JAVA_HOME_17_X64: /opt/hostedtoolcache/Java_Zulu_jdk/17.0.20-8/x64
build	Setup Flutter	2026-09-18T06:51:21.7700802Z   MAVEN_ARGS: -ntp
build	Setup Flutter	2026-09-18T06:51:21.7700972Z ##[endgroup]
build	Setup Flutter	2026-09-18T06:51:21.9464175Z ##[end-action id=__subosito_flutter-action.flutter-action;outcome=success;conclusion=success;duration_ms=182]
build	Setup Flutter	2026-09-18T06:51:21.9468596Z ##[start-action display=Cache Flutter;id=__subosito_flutter-action.cache-flutter]
build	Setup Flutter	2026-09-18T06:51:21.9499703Z ##[group]Run actions/cache@v5
build	Setup Flutter	2026-09-18T06:51:21.9499904Z with:
build	Setup Flutter	2026-09-18T06:51:21.9500114Z   path: /opt/hostedtoolcache/flutter/stable-3.47.4-x64
build	Setup Flutter	2026-09-18T06:51:21.9500484Z   key: flutter-linux-stable-3.47.4-x64-9584c6713b324636289d067944a46fd6b49df14b
build	Setup Flutter	2026-09-18T06:51:21.9500811Z   enableCrossOsArchive: false
build	Setup Flutter	2026-09-18T06:51:21.9501014Z   fail-on-cache-miss: false
build	Setup Flutter	2026-09-18T06:51:21.9501204Z   lookup-only: false
build	Setup Flutter	2026-09-18T06:51:21.9501393Z   save-always: false
build	Setup Flutter	2026-09-18T06:51:21.9501556Z env:
build	Setup Flutter	2026-09-18T06:51:21.9501756Z   JAVA_HOME: /opt/hostedtoolcache/Java_Zulu_jdk/17.0.20-8/x64
build	Setup Flutter	2026-09-18T06:51:21.9502068Z   JAVA_HOME_17_X64: /opt/hostedtoolcache/Java_Zulu_jdk/17.0.20-8/x64
build	Setup Flutter	2026-09-18T06:51:21.9502335Z   MAVEN_ARGS: -ntp
build	Setup Flutter	2026-09-18T06:51:21.9502510Z ##[endgroup]
build	Setup Flutter	2026-09-18T06:51:22.2589727Z Cache hit for: flutter-linux-stable-3.47.4-x64-9584c6713b324636289d067944a46fd6b49df14b
build	Setup Flutter	2026-09-18T06:51:23.5074437Z Received 20971520 of 1720556249 (1.2%), 20.0 MBs/sec
build	Setup Flutter	2026-09-18T06:51:24.5100896Z Received 159383552 of 1720556249 (9.3%), 76.0 MBs/sec
build	Setup Flutter	2026-09-18T06:51:25.5100903Z Received 297795584 of 1720556249 (17.3%), 94.7 MBs/sec
build	Setup Flutter	2026-09-18T06:51:26.5081605Z Received 457179136 of 1720556249 (26.6%), 109.0 MBs/sec
build	Setup Flutter	2026-09-18T06:51:27.5090011Z Received 616562688 of 1720556249 (35.8%), 117.6 MBs/sec
build	Setup Flutter	2026-09-18T06:51:28.5137330Z Received 763363328 of 1720556249 (44.4%), 121.3 MBs/sec
build	Setup Flutter	2026-09-18T06:51:29.5130673Z Received 910163968 of 1720556249 (52.9%), 123.9 MBs/sec
build	Setup Flutter	2026-09-18T06:51:30.5111361Z Received 1044381696 of 1720556249 (60.7%), 124.5 MBs/sec
build	Setup Flutter	2026-09-18T06:51:31.5120389Z Received 1207959552 of 1720556249 (70.2%), 127.9 MBs/sec
build	Setup Flutter	2026-09-18T06:51:32.5120824Z Received 1342177280 of 1720556249 (78.0%), 127.9 MBs/sec
build	Setup Flutter	2026-09-18T06:51:33.5126224Z Received 1476395008 of 1720556249 (85.8%), 127.9 MBs/sec
build	Setup Flutter	2026-09-18T06:51:34.5132232Z Received 1631584256 of 1720556249 (94.8%), 129.6 MBs/sec
build	Setup Flutter	2026-09-18T06:51:34.9773752Z Received 1720556249 of 1720556249 (100.0%), 131.6 MBs/sec
build	Setup Flutter	2026-09-18T06:51:34.9776048Z Cache Size: ~1641 MB (1720556249 B)
build	Setup Flutter	2026-09-18T06:51:34.9864470Z [command]/usr/bin/tar -xf /home/runner/work/_temp/711041d9-64a2-4b1c-9e91-0eb7855d1bcf/cache.tzst -P -C /home/runner/work/pos_v2/pos_v2 --use-compress-program unzstd
build	Setup Flutter	2026-09-18T06:51:44.4479853Z Cache restored successfully
build	Setup Flutter	2026-09-18T06:51:44.5166258Z Cache restored from key: flutter-linux-stable-3.47.4-x64-9584c6713b324636289d067944a46fd6b49df14b
build	Setup Flutter	2026-09-18T06:51:44.5268690Z ##[end-action id=__subosito_flutter-action.cache-flutter;outcome=success;conclusion=success;duration_ms=22579]
build	Setup Flutter	2026-09-18T06:51:44.5271484Z ##[start-action display=Cache pub dependencies;id=__subosito_flutter-action.cache-pub]
build	Setup Flutter	2026-09-18T06:51:44.5939668Z ##[group]Run actions/cache@v5
build	Setup Flutter	2026-09-18T06:51:44.5939900Z with:
build	Setup Flutter	2026-09-18T06:51:44.5940086Z   path: /home/runner/.pub-cache
build	Setup Flutter	2026-09-18T06:51:44.5940426Z   key: flutter-pub-linux-stable-3.47.4-x64-9584c6713b324636289d067944a46fd6b49df14b-
build	Setup Flutter	2026-09-18T06:51:44.5940815Z   enableCrossOsArchive: false
build	Setup Flutter	2026-09-18T06:51:44.5941026Z   fail-on-cache-miss: false
build	Setup Flutter	2026-09-18T06:51:44.5941224Z   lookup-only: false
build	Setup Flutter	2026-09-18T06:51:44.5941404Z   save-always: false
build	Setup Flutter	2026-09-18T06:51:44.5941564Z env:
build	Setup Flutter	2026-09-18T06:51:44.5941780Z   JAVA_HOME: /opt/hostedtoolcache/Java_Zulu_jdk/17.0.20-8/x64
build	Setup Flutter	2026-09-18T06:51:44.5942106Z   JAVA_HOME_17_X64: /opt/hostedtoolcache/Java_Zulu_jdk/17.0.20-8/x64
build	Setup Flutter	2026-09-18T06:51:44.5942378Z   MAVEN_ARGS: -ntp
build	Setup Flutter	2026-09-18T06:51:44.5942566Z ##[endgroup]
build	Setup Flutter	2026-09-18T06:51:44.9288967Z Cache hit for: flutter-pub-linux-stable-3.47.4-x64-9584c6713b324636289d067944a46fd6b49df14b-
build	Setup Flutter	2026-09-18T06:51:46.1400721Z Received 35725219 of 39919523 (89.5%), 34.1 MBs/sec
build	Setup Flutter	2026-09-18T06:51:46.1810851Z Received 39919523 of 39919523 (100.0%), 36.6 MBs/sec
build	Setup Flutter	2026-09-18T06:51:46.1811375Z Cache Size: ~38 MB (39919523 B)
build	Setup Flutter	2026-09-18T06:51:46.1833263Z [command]/usr/bin/tar -xf /home/runner/work/_temp/663be879-78f3-409d-b398-261107aa4265/cache.tzst -P -C /home/runner/work/pos_v2/pos_v2 --use-compress-program unzstd
build	Setup Flutter	2026-09-18T06:51:46.8038588Z Cache restored successfully
build	Setup Flutter	2026-09-18T06:51:46.8119134Z Cache restored from key: flutter-pub-linux-stable-3.47.4-x64-9584c6713b324636289d067944a46fd6b49df14b-
build	Setup Flutter	2026-09-18T06:51:46.8182477Z ##[end-action id=__subosito_flutter-action.cache-pub;outcome=success;conclusion=success;duration_ms=2291]
build	Setup Flutter	2026-09-18T06:51:46.8184632Z ##[start-action display=Run setup script;id=__subosito_flutter-action.__run_3]
build	Setup Flutter	2026-09-18T06:51:46.8217378Z ##[group]Run $GITHUB_ACTION_PATH/setup.sh \
build	Setup Flutter	2026-09-18T06:51:46.8217674Z ^[[36;1m$GITHUB_ACTION_PATH/setup.sh \^[[0m
build	Setup Flutter	2026-09-18T06:51:46.8217911Z ^[[36;1m  -n '3.47.4' \^[[0m
build	Setup Flutter	2026-09-18T06:51:46.8218106Z ^[[36;1m  -a 'x64' \^[[0m
build	Setup Flutter	2026-09-18T06:51:46.8218366Z ^[[36;1m  -c '/opt/hostedtoolcache/flutter/stable-3.47.4-x64' \^[[0m
build	Setup Flutter	2026-09-18T06:51:46.8218668Z ^[[36;1m  -d '/home/runner/.pub-cache' \^[[0m
build	Setup Flutter	2026-09-18T06:51:46.8218890Z ^[[36;1m  stable^[[0m
build	Setup Flutter	2026-09-18T06:51:46.8251782Z shell: /usr/bin/bash --noprofile --norc -e -o pipefail {0}
build	Setup Flutter	2026-09-18T06:51:46.8252072Z env:
build	Setup Flutter	2026-09-18T06:51:46.8252296Z   JAVA_HOME: /opt/hostedtoolcache/Java_Zulu_jdk/17.0.20-8/x64
build	Setup Flutter	2026-09-18T06:51:46.8252632Z   JAVA_HOME_17_X64: /opt/hostedtoolcache/Java_Zulu_jdk/17.0.20-8/x64
build	Setup Flutter	2026-09-18T06:51:46.8252908Z   MAVEN_ARGS: -ntp
build	Setup Flutter	2026-09-18T06:51:46.8253091Z ##[endgroup]
build	Setup Flutter	2026-09-18T06:51:46.9946819Z ##[end-action id=__subosito_flutter-action.__run_3;outcome=success;conclusion=success;duration_ms=176]
build	Flutter Version	﻿2026-09-18T06:51:46.9992849Z ##[group]Run flutter --version
build	Flutter Version	2026-09-18T06:51:46.9993280Z ^[[36;1mflutter --version^[[0m
build	Flutter Version	2026-09-18T06:51:47.0026360Z shell: /usr/bin/bash -e {0}
build	Flutter Version	2026-09-18T06:51:47.0026596Z env:
build	Flutter Version	2026-09-18T06:51:47.0026837Z   JAVA_HOME: /opt/hostedtoolcache/Java_Zulu_jdk/17.0.20-8/x64
build	Flutter Version	2026-09-18T06:51:47.0027187Z   JAVA_HOME_17_X64: /opt/hostedtoolcache/Java_Zulu_jdk/17.0.20-8/x64
build	Flutter Version	2026-09-18T06:51:47.0027470Z   MAVEN_ARGS: -ntp
build	Flutter Version	2026-09-18T06:51:47.0027728Z   FLUTTER_ROOT: /opt/hostedtoolcache/flutter/stable-3.47.4-x64/flutter
build	Flutter Version	2026-09-18T06:51:47.0028052Z   PUB_CACHE: /home/runner/.pub-cache
build	Flutter Version	2026-09-18T06:51:47.0028274Z ##[endgroup]
build	Flutter Version	2026-09-18T06:51:47.0907754Z Flutter 3.47.4 • channel stable • https://github.com/flutter/flutter.git
build	Flutter Version	2026-09-18T06:51:47.0908466Z Framework • revision 9584c6713b (7 days ago) • 2026-09-10 15:25:10 -0700
build	Flutter Version	2026-09-18T06:51:47.0909410Z Engine • hash 0e228ec8c8d2abc9fcf1d053e8a40665bb859ec7 (revision 06a2e2a110) (14 days ago) • 2026-09-03 16:07:13.000Z
build	Flutter Version	2026-09-18T06:51:47.0910258Z Tools • Dart 3.13.3 • DevTools 2.60.0
build	Get Dependencies	﻿2026-09-18T06:51:47.0975035Z ##[group]Run flutter pub get
build	Get Dependencies	2026-09-18T06:51:47.0975313Z ^[[36;1mflutter pub get^[[0m
build	Get Dependencies	2026-09-18T06:51:47.1007050Z shell: /usr/bin/bash -e {0}
build	Get Dependencies	2026-09-18T06:51:47.1007270Z env:
build	Get Dependencies	2026-09-18T06:51:47.1007503Z   JAVA_HOME: /opt/hostedtoolcache/Java_Zulu_jdk/17.0.20-8/x64
build	Get Dependencies	2026-09-18T06:51:47.1007842Z   JAVA_HOME_17_X64: /opt/hostedtoolcache/Java_Zulu_jdk/17.0.20-8/x64
build	Get Dependencies	2026-09-18T06:51:47.1008127Z   MAVEN_ARGS: -ntp
build	Get Dependencies	2026-09-18T06:51:47.1008380Z   FLUTTER_ROOT: /opt/hostedtoolcache/flutter/stable-3.47.4-x64/flutter
build	Get Dependencies	2026-09-18T06:51:47.1008682Z   PUB_CACHE: /home/runner/.pub-cache
build	Get Dependencies	2026-09-18T06:51:47.1008898Z ##[endgroup]
build	Get Dependencies	2026-09-18T06:51:47.2219641Z Resolving dependencies...
build	Get Dependencies	2026-09-18T06:51:47.5664575Z Downloading packages...
build	Get Dependencies	2026-09-18T06:51:49.9666222Z + archive 3.6.1 (4.3.0 available)
build	Get Dependencies	2026-09-18T06:51:49.9666706Z + args 2.7.0
build	Get Dependencies	2026-09-18T06:51:49.9666984Z + async 2.13.1
build	Get Dependencies	2026-09-18T06:51:49.9667269Z + blue_thermal_printer 1.2.3
build	Get Dependencies	2026-09-18T06:51:49.9667575Z + bluez 0.8.3
build	Get Dependencies	2026-09-18T06:51:49.9667886Z + boolean_selector 2.1.2
build	Get Dependencies	2026-09-18T06:51:49.9668258Z + characters 1.4.1
build	Get Dependencies	2026-09-18T06:51:49.9668521Z + clock 1.1.3
build	Get Dependencies	2026-09-18T06:51:49.9668775Z + code_assets 2.1.0
build	Get Dependencies	2026-09-18T06:51:49.9669045Z + collection 1.19.1
build	Get Dependencies	2026-09-18T06:51:49.9669431Z + cross_file 0.3.5+5
build	Get Dependencies	2026-09-18T06:51:49.9669706Z + crypto 3.0.7
build	Get Dependencies	2026-09-18T06:51:49.9669957Z + csslib 1.0.2
build	Get Dependencies	2026-09-18T06:51:49.9670224Z + cupertino_icons 1.0.9
build	Get Dependencies	2026-09-18T06:51:49.9670511Z + dbus 0.7.15 (0.8.0 available)
build	Get Dependencies	2026-09-18T06:51:49.9670800Z + esc_pos_utils 1.1.0
build	Get Dependencies	2026-09-18T06:51:49.9671084Z + fake_async 1.3.3
build	Get Dependencies	2026-09-18T06:51:49.9671335Z + ffi 2.2.0
build	Get Dependencies	2026-09-18T06:51:49.9671562Z + file 7.0.1
build	Get Dependencies	2026-09-18T06:51:49.9671828Z + file_selector_linux 0.9.4+1
build	Get Dependencies	2026-09-18T06:51:49.9672133Z + file_selector_macos 0.9.5+1
build	Get Dependencies	2026-09-18T06:51:49.9672466Z + file_selector_platform_interface 2.7.0
build	Get Dependencies	2026-09-18T06:51:49.9672849Z + file_selector_windows 0.9.3+6
build	Get Dependencies	2026-09-18T06:51:49.9673184Z + flutter 0.0.0 from sdk flutter
build	Get Dependencies	2026-09-18T06:51:49.9673559Z + flutter_blue_plus 1.36.8 (2.3.12 available)
build	Get Dependencies	2026-09-18T06:51:49.9673981Z + flutter_blue_plus_android 7.0.4 (9.0.3 available)
build	Get Dependencies	2026-09-18T06:51:49.9674418Z + flutter_blue_plus_darwin 7.0.3 (9.0.4 available)
build	Get Dependencies	2026-09-18T06:51:49.9674843Z + flutter_blue_plus_linux 7.0.3 (9.0.3 available)
build	Get Dependencies	2026-09-18T06:51:49.9675315Z + flutter_blue_plus_platform_interface 7.0.0 (9.0.3 available)
build	Get Dependencies	2026-09-18T06:51:49.9675783Z + flutter_blue_plus_web 7.0.2 (9.0.3 available)
build	Get Dependencies	2026-09-18T06:51:49.9676155Z + flutter_lints 5.0.0 (6.0.0 available)
build	Get Dependencies	2026-09-18T06:51:49.9676542Z + flutter_plugin_android_lifecycle 2.0.35
build	Get Dependencies	2026-09-18T06:51:49.9676926Z + flutter_test 0.0.0 from sdk flutter
build	Get Dependencies	2026-09-18T06:51:49.9677323Z + flutter_web_plugins 0.0.0 from sdk flutter
build	Get Dependencies	2026-09-18T06:51:49.9677699Z + gbk_codec 0.4.0
build	Get Dependencies	2026-09-18T06:51:49.9677962Z + hex 0.2.0
build	Get Dependencies	2026-09-18T06:51:49.9678220Z + hooks 2.2.0
build	Get Dependencies	2026-09-18T06:51:49.9678474Z + html 0.15.7
build	Get Dependencies	2026-09-18T06:51:49.9678719Z + http 1.6.0
build	Get Dependencies	2026-09-18T06:51:49.9678988Z + http_parser 4.1.2
build	Get Dependencies	2026-09-18T06:51:49.9679471Z + image 3.3.0 (4.10.1 available)
build	Get Dependencies	2026-09-18T06:51:49.9680067Z + image_picker 1.2.3
build	Get Dependencies	2026-09-18T06:51:49.9680379Z + image_picker_android 0.8.13+23
build	Get Dependencies	2026-09-18T06:51:49.9680724Z + image_picker_for_web 3.1.1
build	Get Dependencies	2026-09-18T06:51:49.9681057Z + image_picker_ios 0.8.13+7
build	Get Dependencies	2026-09-18T06:51:49.9681376Z + image_picker_linux 0.2.2
build	Get Dependencies	2026-09-18T06:51:49.9681691Z + image_picker_macos 0.2.2+1
build	Get Dependencies	2026-09-18T06:51:49.9682039Z + image_picker_platform_interface 2.11.1
build	Get Dependencies	2026-09-18T06:51:49.9682411Z + image_picker_windows 0.2.2
build	Get Dependencies	2026-09-18T06:51:49.9682717Z + intl 0.20.3
build	Get Dependencies	2026-09-18T06:51:49.9682978Z + jni 1.0.3
build	Get Dependencies	2026-09-18T06:51:49.9683231Z + jni_flutter 1.0.3
build	Get Dependencies	2026-09-18T06:51:49.9683510Z + jni_util 1.0.0
build	Get Dependencies	2026-09-18T06:51:49.9683779Z + leak_tracker 11.0.2
build	Get Dependencies	2026-09-18T06:51:49.9684092Z + leak_tracker_flutter_testing 3.0.10
build	Get Dependencies	2026-09-18T06:51:49.9684465Z + leak_tracker_testing 3.0.2
build	Get Dependencies	2026-09-18T06:51:49.9684790Z + lints 5.1.1 (6.1.0 available)
build	Get Dependencies	2026-09-18T06:51:49.9685108Z + logging 1.3.0
build	Get Dependencies	2026-09-18T06:51:49.9685388Z + matcher 0.12.20
build	Get Dependencies	2026-09-18T06:51:49.9685716Z + material_color_utilities 0.13.0 (0.13.1 available)
build	Get Dependencies	2026-09-18T06:51:49.9686321Z + meta 1.19.0
build	Get Dependencies	2026-09-18T06:51:49.9686591Z + mime 2.1.0
build	Get Dependencies	2026-09-18T06:51:49.9686851Z + mobile_scanner 7.4.2
build	Get Dependencies	2026-09-18T06:51:49.9687106Z + nested 1.0.0
build	Get Dependencies	2026-09-18T06:51:49.9687358Z + objective_c 9.6.0
build	Get Dependencies	2026-09-18T06:51:49.9687746Z + package_config 3.0.0
build	Get Dependencies	2026-09-18T06:51:49.9688095Z + package_info_plus 8.3.1 (10.2.1 available)
build	Get Dependencies	2026-09-18T06:51:49.9688561Z + package_info_plus_platform_interface 3.2.1 (4.1.0 available)
build	Get Dependencies	2026-09-18T06:51:49.9688984Z + path 1.9.1
build	Get Dependencies	2026-09-18T06:51:49.9689240Z + path_provider 2.1.6
build	Get Dependencies	2026-09-18T06:51:49.9689682Z + path_provider_android 2.3.1
build	Get Dependencies	2026-09-18T06:51:49.9690067Z + path_provider_foundation 2.6.0
build	Get Dependencies	2026-09-18T06:51:49.9690406Z + path_provider_linux 2.2.2
build	Get Dependencies	2026-09-18T06:51:49.9690739Z + path_provider_platform_interface 2.1.3
build	Get Dependencies	2026-09-18T06:51:49.9691100Z + path_provider_windows 2.3.0
build	Get Dependencies	2026-09-18T06:51:49.9691410Z + petitparser 7.0.2
build	Get Dependencies	2026-09-18T06:51:49.9691684Z + platform 3.2.0
build	Get Dependencies	2026-09-18T06:51:49.9691988Z + plugin_platform_interface 2.1.8
build	Get Dependencies	2026-09-18T06:51:49.9692323Z + provider 6.1.5+1
build	Get Dependencies	2026-09-18T06:51:49.9692597Z + pub_semver 2.2.1
build	Get Dependencies	2026-09-18T06:51:49.9692900Z + qr 3.0.2 (4.0.0 available)
build	Get Dependencies	2026-09-18T06:51:49.9693199Z + qr_flutter 4.1.0
build	Get Dependencies	2026-09-18T06:51:49.9693455Z + record_use 1.1.1
build	Get Dependencies	2026-09-18T06:51:49.9693724Z + rxdart 0.28.0
build	Get Dependencies	2026-09-18T06:51:49.9693996Z + shared_preferences 2.5.5
build	Get Dependencies	2026-09-18T06:51:49.9694319Z + shared_preferences_android 2.4.28
build	Get Dependencies	2026-09-18T06:51:49.9694685Z + shared_preferences_foundation 2.5.7
build	Get Dependencies	2026-09-18T06:51:49.9695045Z + shared_preferences_linux 2.4.1
build	Get Dependencies	2026-09-18T06:51:49.9695421Z + shared_preferences_platform_interface 2.4.2
build	Get Dependencies	2026-09-18T06:51:49.9695799Z + shared_preferences_web 2.4.3
build	Get Dependencies	2026-09-18T06:51:49.9696119Z + shared_preferences_windows 2.4.1
build	Get Dependencies	2026-09-18T06:51:49.9696469Z + sky_engine 0.0.0 from sdk flutter
build	Get Dependencies	2026-09-18T06:51:49.9696809Z + source_span 1.10.2
build	Get Dependencies	2026-09-18T06:51:49.9697085Z + sqflite 2.4.4
build	Get Dependencies	2026-09-18T06:51:49.9697350Z + sqflite_android 2.4.4
build	Get Dependencies	2026-09-18T06:51:49.9697641Z + sqflite_common 2.5.13
build	Get Dependencies	2026-09-18T06:51:49.9697950Z + sqflite_darwin 2.4.4
build	Get Dependencies	2026-09-18T06:51:49.9698251Z + sqflite_platform_interface 2.4.2
build	Get Dependencies	2026-09-18T06:51:49.9698590Z + stack_trace 1.12.2
build	Get Dependencies	2026-09-18T06:51:49.9698867Z + stream_channel 2.1.4
build	Get Dependencies	2026-09-18T06:51:49.9699147Z + string_scanner 1.4.1
build	Get Dependencies	2026-09-18T06:51:49.9699599Z + synchronized 3.4.2
build	Get Dependencies	2026-09-18T06:51:49.9699873Z + term_glyph 1.2.2
build	Get Dependencies	2026-09-18T06:51:49.9700148Z + test_api 0.7.12 (0.7.14 available)
build	Get Dependencies	2026-09-18T06:51:49.9700479Z + typed_data 1.4.0
build	Get Dependencies	2026-09-18T06:51:49.9700737Z + vector_math 2.4.2
build	Get Dependencies	2026-09-18T06:51:49.9701009Z + vm_service 15.3.0
build	Get Dependencies	2026-09-18T06:51:49.9701259Z + web 1.1.1
build	Get Dependencies	2026-09-18T06:51:49.9701510Z + win32 5.15.0 (6.4.0 available)
build	Get Dependencies	2026-09-18T06:51:49.9701829Z + xdg_directories 1.1.0
build	Get Dependencies	2026-09-18T06:51:49.9702136Z + xml 6.6.1 (7.0.1 available)
build	Get Dependencies	2026-09-18T06:51:49.9702455Z + yaml 3.1.4
build	Get Dependencies	2026-09-18T06:51:49.9702762Z Changed 112 dependencies!
build	Get Dependencies	2026-09-18T06:51:49.9703216Z 18 packages have newer versions incompatible with dependency constraints.
build	Get Dependencies	2026-09-18T06:51:49.9703939Z Try `flutter pub outdated` for more information.
build	Get Dependencies	2026-09-18T06:51:50.0847029Z Upgrading analysis_options.yaml to exclude build and platform directories.
build	Analyze	﻿2026-09-18T06:51:50.1644797Z ##[group]Run flutter analyze --no-fatal-infos --no-fatal-warnings || true
build	Analyze	2026-09-18T06:51:50.1645242Z ^[[36;1mflutter analyze --no-fatal-infos --no-fatal-warnings || true^[[0m
build	Analyze	2026-09-18T06:51:50.1677812Z shell: /usr/bin/bash -e {0}
build	Analyze	2026-09-18T06:51:50.1678037Z env:
build	Analyze	2026-09-18T06:51:50.1678272Z   JAVA_HOME: /opt/hostedtoolcache/Java_Zulu_jdk/17.0.20-8/x64
build	Analyze	2026-09-18T06:51:50.1678634Z   JAVA_HOME_17_X64: /opt/hostedtoolcache/Java_Zulu_jdk/17.0.20-8/x64
build	Analyze	2026-09-18T06:51:50.1678927Z   MAVEN_ARGS: -ntp
build	Analyze	2026-09-18T06:51:50.1679186Z   FLUTTER_ROOT: /opt/hostedtoolcache/flutter/stable-3.47.4-x64/flutter
build	Analyze	2026-09-18T06:51:50.1679670Z   PUB_CACHE: /home/runner/.pub-cache
build	Analyze	2026-09-18T06:51:50.1679904Z ##[endgroup]
build	Analyze	2026-09-18T06:52:00.1982967Z Analyzing pos_v2...                                             
build	Analyze	2026-09-18T06:52:00.1989130Z 
build	Analyze	2026-09-18T06:52:00.2019435Z warning • Unused import: 'package:path_provider/path_provider.dart'. Try removing the import directive • lib/core/services/export_service.dart:5:8 • unused_import
build	Analyze	2026-09-18T06:52:00.2021208Z warning • Unused import: 'package:sqflite/sqflite.dart'. Try removing the import directive • lib/core/services/export_service.dart:6:8 • unused_import
build	Analyze	2026-09-18T06:52:00.2027560Z    info • Don't use 'BuildContext's across async gaps. Try rewriting the code to not use the 'BuildContext', or guard the use with a 'mounted' check • lib/views/category_list_view.dart:19:28 • use_build_context_synchronously
build	Analyze	2026-09-18T06:52:00.2040712Z warning • The declaration '_deleteCategory' isn't referenced. Try removing the declaration of '_deleteCategory' • lib/views/expense_view.dart:180:16 • unused_element
build	Analyze	2026-09-18T06:52:00.2042804Z    info • Don't use 'BuildContext's across async gaps. Try rewriting the code to not use the 'BuildContext', or guard the use with a 'mounted' check • lib/views/expense_view.dart:215:23 • use_build_context_synchronously
build	Analyze	2026-09-18T06:52:00.2045048Z    info • Don't use 'BuildContext's across async gaps. Try rewriting the code to not use the 'BuildContext', or guard the use with a 'mounted' check • lib/views/expense_view.dart:216:7 • use_build_context_synchronously
build	Analyze	2026-09-18T06:52:00.2047212Z    info • Don't use 'BuildContext's across async gaps. Try rewriting the code to not use the 'BuildContext', or guard the use with a 'mounted' check • lib/views/expense_view.dart:286:11 • use_build_context_synchronously
build	Analyze	2026-09-18T06:52:00.2049452Z    info • Don't use 'BuildContext's across async gaps. Try rewriting the code to not use the 'BuildContext', or guard the use with a 'mounted' check • lib/views/home_view.dart:38:20 • use_build_context_synchronously
build	Analyze	2026-09-18T06:52:00.2051402Z    info • Don't use 'BuildContext's across async gaps. Try rewriting the code to not use the 'BuildContext', or guard the use with a 'mounted' check • lib/views/home_view.dart:39:7 • use_build_context_synchronously
build	Analyze	2026-09-18T06:52:00.2060805Z    info • Don't use 'BuildContext's across async gaps. Try rewriting the code to not use the 'BuildContext', or guard the use with a 'mounted' check • lib/views/home_view.dart:42:7 • use_build_context_synchronously
build	Analyze	2026-09-18T06:52:00.2062901Z    info • Don't use 'BuildContext's across async gaps. Try rewriting the code to not use the 'BuildContext', or guard the use with a 'mounted' check • lib/views/home_view.dart:45:7 • use_build_context_synchronously
build	Analyze	2026-09-18T06:52:00.2064923Z    info • Don't use 'BuildContext's across async gaps. Try rewriting the code to not use the 'BuildContext', or guard the use with a 'mounted' check • lib/views/info_toko_view.dart:33:13 • use_build_context_synchronously
build	Analyze	2026-09-18T06:52:00.2066918Z    info • Don't use 'BuildContext's across async gaps. Try rewriting the code to not use the 'BuildContext', or guard the use with a 'mounted' check • lib/views/info_toko_view.dart:63:13 • use_build_context_synchronously
build	Analyze	2026-09-18T06:52:00.2069404Z    info • Don't use 'BuildContext's across async gaps. Try rewriting the code to not use the 'BuildContext', or guard the use with a 'mounted' check • lib/views/info_toko_view.dart:78:13 • use_build_context_synchronously
build	Analyze	2026-09-18T06:52:00.2072320Z    info • 'groupValue' is deprecated and shouldn't be used. Use a RadioGroup ancestor to manage group value instead. This feature was deprecated after v3.32.0-0.0.pre. Try replacing the use of the deprecated member with the replacement • lib/views/info_toko_view.dart:204:25 • deprecated_member_use
build	Analyze	2026-09-18T06:52:00.2075249Z    info • 'onChanged' is deprecated and shouldn't be used. Use RadioGroup to handle value change instead. This feature was deprecated after v3.32.0-0.0.pre. Try replacing the use of the deprecated member with the replacement • lib/views/info_toko_view.dart:205:25 • deprecated_member_use
build	Analyze	2026-09-18T06:52:00.2078072Z    info • 'groupValue' is deprecated and shouldn't be used. Use a RadioGroup ancestor to manage group value instead. This feature was deprecated after v3.32.0-0.0.pre. Try replacing the use of the deprecated member with the replacement • lib/views/info_toko_view.dart:214:25 • deprecated_member_use
build	Analyze	2026-09-18T06:52:00.2081012Z    info • 'onChanged' is deprecated and shouldn't be used. Use RadioGroup to handle value change instead. This feature was deprecated after v3.32.0-0.0.pre. Try replacing the use of the deprecated member with the replacement • lib/views/info_toko_view.dart:215:25 • deprecated_member_use
build	Analyze	2026-09-18T06:52:00.2083092Z warning • Unused import: '../core/services/auth_service.dart'. Try removing the import directive • lib/views/pin_view.dart:4:8 • unused_import
build	Analyze	2026-09-18T06:52:00.2085056Z    info • Don't use 'BuildContext's across async gaps. Try rewriting the code to not use the 'BuildContext', or guard the use with a 'mounted' check • lib/views/printer_settings_view.dart:21:28 • use_build_context_synchronously
build	Analyze	2026-09-18T06:52:00.2087246Z    info • Don't use 'BuildContext's across async gaps. Try rewriting the code to not use the 'BuildContext', or guard the use with a 'mounted' check • lib/views/product_form_view.dart:49:28 • use_build_context_synchronously
build	Analyze	2026-09-18T06:52:00.2089467Z    info • Don't use 'BuildContext's across async gaps. Try rewriting the code to not use the 'BuildContext', or guard the use with a 'mounted' check • lib/views/product_list_view.dart:31:7 • use_build_context_synchronously
build	Analyze	2026-09-18T06:52:00.2091568Z    info • Don't use 'BuildContext's across async gaps. Try rewriting the code to not use the 'BuildContext', or guard the use with a 'mounted' check • lib/views/product_list_view.dart:32:7 • use_build_context_synchronously
build	Analyze	2026-09-18T06:52:00.2093647Z    info • Don't use 'BuildContext's across async gaps. Try rewriting the code to not use the 'BuildContext', or guard the use with a 'mounted' check • lib/views/product_list_view.dart:101:20 • use_build_context_synchronously
build	Analyze	2026-09-18T06:52:00.2096231Z    info • Don't use 'BuildContext's across async gaps, guarded by an unrelated 'mounted' check. Guard a 'State.context' use with a 'mounted' check on the State, and other BuildContext use with a 'mounted' check on the BuildContext • lib/views/product_list_view.dart:349:49 • use_build_context_synchronously
build	Analyze	2026-09-18T06:52:00.2099116Z    info • Don't use 'BuildContext's across async gaps, guarded by an unrelated 'mounted' check. Guard a 'State.context' use with a 'mounted' check on the State, and other BuildContext use with a 'mounted' check on the BuildContext • lib/views/product_list_view.dart:360:58 • use_build_context_synchronously
build	Analyze	2026-09-18T06:52:00.2101417Z warning • Unused import: 'package:qr_flutter/qr_flutter.dart'. Try removing the import directive • lib/views/retail_pos_view.dart:3:8 • unused_import
build	Analyze	2026-09-18T06:52:00.2103293Z    info • Don't use 'BuildContext's across async gaps. Try rewriting the code to not use the 'BuildContext', or guard the use with a 'mounted' check • lib/views/retail_pos_view.dart:35:7 • use_build_context_synchronously
build	Analyze	2026-09-18T06:52:00.2105407Z    info • Don't use 'BuildContext's across async gaps. Try rewriting the code to not use the 'BuildContext', or guard the use with a 'mounted' check • lib/views/retail_pos_view.dart:36:7 • use_build_context_synchronously
build	Analyze	2026-09-18T06:52:00.2108010Z    info • Don't use 'BuildContext's across async gaps. Try rewriting the code to not use the 'BuildContext', or guard the use with a 'mounted' check • lib/views/retail_pos_view.dart:37:7 • use_build_context_synchronously
build	Analyze	2026-09-18T06:52:00.2109274Z 43 issues found. (ran in 9.5s)
build	Analyze	2026-09-18T06:52:00.2110365Z warning • The value of the local variable 'cart' isn't used. Try removing the variable or using it • lib/views/retail_pos_view.dart:51:11 • unused_local_variable
build	Analyze	2026-09-18T06:52:00.2112262Z    info • Don't use 'BuildContext's across async gaps. Try rewriting the code to not use the 'BuildContext', or guard the use with a 'mounted' check • lib/views/retail_pos_view.dart:573:25 • use_build_context_synchronously
build	Analyze	2026-09-18T06:52:00.2114830Z    info • 'itf' is deprecated and shouldn't be used. Use BarcodeFormats.itf14 instead. Try replacing the use of the deprecated member with the replacement • lib/views/scanner/barcode_scanner_view.dart:25:21 • deprecated_member_use
build	Analyze	2026-09-18T06:52:00.2117114Z    info • Don't use 'BuildContext's across async gaps. Try rewriting the code to not use the 'BuildContext', or guard the use with a 'mounted' check • lib/views/shift/shift_detail_view.dart:31:21 • use_build_context_synchronously
build	Analyze	2026-09-18T06:52:00.2119248Z    info • Don't use 'BuildContext's across async gaps. Try rewriting the code to not use the 'BuildContext', or guard the use with a 'mounted' check • lib/views/shift_view.dart:27:20 • use_build_context_synchronously
build	Analyze	2026-09-18T06:52:00.2121374Z    info • Don't use 'BuildContext's across async gaps. Try rewriting the code to not use the 'BuildContext', or guard the use with a 'mounted' check • lib/views/shift_view.dart:28:7 • use_build_context_synchronously
build	Analyze	2026-09-18T06:52:00.2123328Z    info • Don't use 'BuildContext's across async gaps. Try rewriting the code to not use the 'BuildContext', or guard the use with a 'mounted' check • lib/views/splash_view.dart:21:20 • use_build_context_synchronously
build	Analyze	2026-09-18T06:52:00.2125014Z warning • Unused import: 'package:provider/provider.dart'. Try removing the import directive • lib/views/stock/stock_report_view.dart:2:8 • unused_import
build	Analyze	2026-09-18T06:52:00.2126569Z warning • Unused import: '../../viewmodels/product_viewmodel.dart'. Try removing the import directive • lib/views/stock/stock_report_view.dart:8:8 • unused_import
build	Analyze	2026-09-18T06:52:00.2128362Z    info • Don't use 'BuildContext's across async gaps. Try rewriting the code to not use the 'BuildContext', or guard the use with a 'mounted' check • lib/views/user/user_management_view.dart:22:28 • use_build_context_synchronously
build	Analyze	2026-09-18T06:52:00.2130575Z    info • Don't use 'BuildContext's across async gaps. Try rewriting the code to not use the 'BuildContext', or guard the use with a 'mounted' check • lib/views/user/user_management_view.dart:110:16 • use_build_context_synchronously
build	Analyze	2026-09-18T06:52:00.2132630Z    info • Don't use 'BuildContext's across async gaps. Try rewriting the code to not use the 'BuildContext', or guard the use with a 'mounted' check • lib/views/user/user_management_view.dart:166:27 • use_build_context_synchronously
build	Analyze	2026-09-18T06:52:00.2134876Z    info • Don't use 'BuildContext's across async gaps. Try rewriting the code to not use the 'BuildContext', or guard the use with a 'mounted' check • lib/views/user/user_management_view.dart:168:13 • use_build_context_synchronously
build	Analyze	2026-09-18T06:52:00.2136019Z 
build	Build Release APK	﻿2026-09-18T06:52:00.2215261Z ##[group]Run flutter build apk --release
build	Build Release APK	2026-09-18T06:52:00.2215700Z ^[[36;1mflutter build apk --release^[[0m
build	Build Release APK	2026-09-18T06:52:00.2256932Z shell: /usr/bin/bash -e {0}
build	Build Release APK	2026-09-18T06:52:00.2257253Z env:
build	Build Release APK	2026-09-18T06:52:00.2257594Z   JAVA_HOME: /opt/hostedtoolcache/Java_Zulu_jdk/17.0.20-8/x64
build	Build Release APK	2026-09-18T06:52:00.2258131Z   JAVA_HOME_17_X64: /opt/hostedtoolcache/Java_Zulu_jdk/17.0.20-8/x64
build	Build Release APK	2026-09-18T06:52:00.2258764Z   MAVEN_ARGS: -ntp
build	Build Release APK	2026-09-18T06:52:00.2259172Z   FLUTTER_ROOT: /opt/hostedtoolcache/flutter/stable-3.47.4-x64/flutter
build	Build Release APK	2026-09-18T06:52:00.2259783Z   PUB_CACHE: /home/runner/.pub-cache
build	Build Release APK	2026-09-18T06:52:00.2260007Z ##[endgroup]
build	Build Release APK	2026-09-18T06:52:00.6040144Z Upgrading build.gradle
build	Build Release APK	2026-09-18T06:52:00.6054168Z Upgrading gradle.properties
build	Build Release APK	2026-09-18T06:52:00.6064017Z Upgrading gradle.properties
build	Build Release APK	2026-09-18T06:53:02.5708188Z Running Gradle task 'assembleRelease'...                        
build	Build Release APK	2026-09-18T06:53:02.5709506Z Warning: Flutter support for your project's Gradle version (8.14.3) will soon be dropped. Please upgrade your Gradle version to a version of at least 9.1.0 soon.
build	Build Release APK	2026-09-18T06:53:02.5710765Z Alternatively, use the flag "--android-skip-build-dependency-validation" to bypass this check.
build	Build Release APK	2026-09-18T06:53:02.5729788Z 
build	Build Release APK	2026-09-18T06:53:02.5751063Z Potential fix: Your project's gradle version is typically defined in the gradle wrapper file. By default, this can be found at /home/runner/work/pos_v2/pos_v2/android/gradle/wrapper/gradle-wrapper.properties. 
build	Build Release APK	2026-09-18T06:53:02.5752659Z For more information, see https://docs.gradle.org/current/userguide/gradle_wrapper.html.
build	Build Release APK	2026-09-18T06:53:02.5753292Z 
build	Build Release APK	2026-09-18T06:53:02.5754571Z Warning: Flutter support for your project's Android Gradle Plugin version (Android Gradle Plugin version 8.11.1) will soon be dropped. Please upgrade your Android Gradle Plugin version to a version of at least Android Gradle Plugin version 9.0.1 soon.
build	Build Release APK	2026-09-18T06:53:02.5756516Z Alternatively, use the flag "--android-skip-build-dependency-validation" to bypass this check.
build	Build Release APK	2026-09-18T06:53:02.5757218Z 
build	Build Release APK	2026-09-18T06:53:02.5758289Z Potential fix: Your project's AGP version is typically defined in the plugins block of the `settings.gradle` file (/home/runner/work/pos_v2/pos_v2/android/settings.gradle), by a plugin with the id of com.android.application. 
build	Build Release APK	2026-09-18T06:53:02.5761118Z If you don't see a plugins block, your project was likely created with an older template version. In this case it is most likely defined in the top-level build.gradle file (/home/runner/work/pos_v2/pos_v2/android/build.gradle) by the following line in the dependencies block of the buildscript: "classpath 'com.android.tools.build:gradle:<version>'".
build	Build Release APK	2026-09-18T06:53:02.5762837Z 
build	Build Release APK	2026-09-18T06:53:02.5763596Z Warning: Flutter support for your project's Kotlin version (2.2.20) will soon be dropped. Please upgrade your Kotlin version to a version of at least 2.3.20 soon.
build	Build Release APK	2026-09-18T06:53:02.5764834Z Alternatively, use the flag "--android-skip-build-dependency-validation" to bypass this check.
build	Build Release APK	2026-09-18T06:53:02.5765503Z 
build	Build Release APK	2026-09-18T06:53:02.5766590Z Potential fix: Your project's KGP version is typically defined in the plugins block of the `settings.gradle` file (/home/runner/work/pos_v2/pos_v2/android/settings.gradle), by a plugin with the id of org.jetbrains.kotlin.android. 
build	Build Release APK	2026-09-18T06:53:02.5768848Z If you don't see a plugins block, your project was likely created with an older template version, in which case it is most likely defined in the top-level build.gradle file (/home/runner/work/pos_v2/pos_v2/android/build.gradle) by the ext.kotlin_version property.
build	Build Release APK	2026-09-18T06:53:02.5770321Z 
build	Build Release APK	2026-09-18T06:53:50.2548442Z Checking the license for package Android SDK Platform 31 in /usr/local/lib/android/sdk/licenses
build	Build Release APK	2026-09-18T06:53:50.3543369Z License for package Android SDK Platform 31 accepted.
build	Build Release APK	2026-09-18T06:53:50.3546839Z Preparing "Install Android SDK Platform 31 (revision 1)".
build	Build Release APK	2026-09-18T06:53:54.0538791Z "Install Android SDK Platform 31 (revision 1)" ready.
build	Build Release APK	2026-09-18T06:53:54.0544392Z Installing Android SDK Platform 31 in /usr/local/lib/android/sdk/platforms/android-31
build	Build Release APK	2026-09-18T06:53:54.0545897Z "Install Android SDK Platform 31 (revision 1)" complete.
build	Build Release APK	2026-09-18T06:53:54.1541648Z "Install Android SDK Platform 31 (revision 1)" finished.
build	Build Release APK	2026-09-18T06:53:54.2560531Z [=========                              ] 25%                                   
build	Build Release APK	2026-09-18T06:53:54.2561030Z [=========                              ] 25% Fetch remote repository...        
build	Build Release APK	2026-09-18T06:53:54.2561843Z [=======================================] 100% Fetch remote repository...       
build	Build Release APK	2026-09-18T06:54:14.7540011Z Font asset "MaterialIcons-Regular.otf" was tree-shaken, reducing it from 1645184 to 11484 bytes (99.3% reduction). Tree-shaking can be disabled by providing the --no-tree-shake-icons flag when building your app.
build	Build Release APK	2026-09-18T06:54:27.5537549Z Checking the license for package CMake 3.22.1 in /usr/local/lib/android/sdk/licenses
build	Build Release APK	2026-09-18T06:54:27.5538382Z License for package CMake 3.22.1 accepted.
build	Build Release APK	2026-09-18T06:54:27.5538778Z Preparing "Install CMake 3.22.1 v.3.22.1".
build	Build Release APK	2026-09-18T06:54:28.6540914Z "Install CMake 3.22.1 v.3.22.1" ready.
build	Build Release APK	2026-09-18T06:54:28.6541874Z Installing CMake 3.22.1 in /usr/local/lib/android/sdk/cmake/3.22.1
build	Build Release APK	2026-09-18T06:54:28.6542798Z "Install CMake 3.22.1 v.3.22.1" complete.
build	Build Release APK	2026-09-18T06:54:28.6543296Z "Install CMake 3.22.1 v.3.22.1" finished.
build	Build Release APK	2026-09-18T06:54:52.5542508Z Note: /home/runner/.pub-cache/hosted/pub.dev/blue_thermal_printer-1.2.3/android/src/main/java/id/kakzaki/blue_thermal_printer/BlueThermalPrinterPlugin.java uses or overrides a deprecated API.
build	Build Release APK	2026-09-18T06:54:52.5546326Z Note: Recompile with -Xlint:deprecation for details.
build	Build Release APK	2026-09-18T06:55:42.6541091Z Caught exception: Already watching path: /home/runner/work/pos_v2/pos_v2/android
build	Build Release APK	2026-09-18T06:56:09.8387577Z Running Gradle task 'assembleRelease'...                          249.2s
build	Build Release APK	2026-09-18T06:56:10.3901157Z ✓ Built build/app/outputs/flutter-apk/app-release.apk (78.5MB)
build	Upload APK to Actions	﻿2026-09-18T06:56:10.4032855Z Node 20 is being deprecated. This workflow is running with Node 24 by default. If you need to temporarily use Node 20, you can set the ACTIONS_ALLOW_USE_UNSECURE_NODE_VERSION=true environment variable. For more information see: https://github.blog/changelog/2025-09-19-deprecation-of-node-20-on-github-actions-runners/
build	Upload APK to Actions	2026-09-18T06:56:10.4033882Z ##[group]Run actions/upload-artifact@v4
build	Upload APK to Actions	2026-09-18T06:56:10.4034113Z with:
build	Upload APK to Actions	2026-09-18T06:56:10.4034310Z   name: pos-v2-release-apk
build	Upload APK to Actions	2026-09-18T06:56:10.4034569Z   path: build/app/outputs/flutter-apk/app-release.apk
build	Upload APK to Actions	2026-09-18T06:56:10.4034832Z   if-no-files-found: warn
build	Upload APK to Actions	2026-09-18T06:56:10.4035032Z   compression-level: 6
build	Upload APK to Actions	2026-09-18T06:56:10.4035218Z   overwrite: false
build	Upload APK to Actions	2026-09-18T06:56:10.4035401Z   include-hidden-files: false
build	Upload APK to Actions	2026-09-18T06:56:10.4035597Z env:
build	Upload APK to Actions	2026-09-18T06:56:10.4035803Z   JAVA_HOME: /opt/hostedtoolcache/Java_Zulu_jdk/17.0.20-8/x64
build	Upload APK to Actions	2026-09-18T06:56:10.4036138Z   JAVA_HOME_17_X64: /opt/hostedtoolcache/Java_Zulu_jdk/17.0.20-8/x64
build	Upload APK to Actions	2026-09-18T06:56:10.4036440Z   MAVEN_ARGS: -ntp
build	Upload APK to Actions	2026-09-18T06:56:10.4036693Z   FLUTTER_ROOT: /opt/hostedtoolcache/flutter/stable-3.47.4-x64/flutter
build	Upload APK to Actions	2026-09-18T06:56:10.4036990Z   PUB_CACHE: /home/runner/.pub-cache
build	Upload APK to Actions	2026-09-18T06:56:10.4037195Z ##[endgroup]
build	Upload APK to Actions	2026-09-18T06:56:10.6426996Z (node:3471) [DEP0040] DeprecationWarning: The `punycode` module is deprecated. Please use a userland alternative instead.
build	Upload APK to Actions	2026-09-18T06:56:10.6428004Z (Use `node --trace-deprecation ...` to show where the warning was created)
build	Upload APK to Actions	2026-09-18T06:56:10.6471614Z With the provided path, there will be 1 file uploaded
build	Upload APK to Actions	2026-09-18T06:56:10.6487010Z Artifact name is valid!
build	Upload APK to Actions	2026-09-18T06:56:10.6487505Z Root directory input is valid!
build	Upload APK to Actions	2026-09-18T06:56:10.9719893Z Beginning upload of artifact content to blob storage
build	Upload APK to Actions	2026-09-18T06:56:11.3038523Z (node:3471) [DEP0169] DeprecationWarning: `url.parse()` behavior is not standardized and prone to errors that have security implications. Use the WHATWG URL API instead. CVEs are not issued for `url.parse()` vulnerabilities.
build	Upload APK to Actions	2026-09-18T06:56:12.0001949Z Uploaded bytes 8388608
build	Upload APK to Actions	2026-09-18T06:56:12.3944747Z Uploaded bytes 16777216
build	Upload APK to Actions	2026-09-18T06:56:12.4085654Z Uploaded bytes 25165824
build	Upload APK to Actions	2026-09-18T06:56:12.9072854Z Uploaded bytes 33554432
build	Upload APK to Actions	2026-09-18T06:56:13.1821455Z Uploaded bytes 39329988
build	Upload APK to Actions	2026-09-18T06:56:13.2399608Z Finished uploading artifact content to blob storage!
build	Upload APK to Actions	2026-09-18T06:56:13.2401696Z SHA256 digest of uploaded artifact zip is 2f7264bc8e0b68e4f67c613c9536f043c93366f9d4016fb6cdea1aecec95349f
build	Upload APK to Actions	2026-09-18T06:56:13.2403248Z Finalizing artifact upload
build	Upload APK to Actions	2026-09-18T06:56:13.5156300Z Artifact pos-v2-release-apk.zip successfully finalized. Artifact ID 10535976451
build	Upload APK to Actions	2026-09-18T06:56:13.5157241Z Artifact pos-v2-release-apk has been successfully uploaded! Final size is 39329988 bytes. Artifact ID is 10535976451
build	Upload APK to Actions	2026-09-18T06:56:13.5163946Z Artifact download URL: https://github.com/YusuP28/pos_v2/actions/runs/35316694463/artifacts/10535976451
build	Upload APK to Release	﻿2026-09-18T06:56:13.5497198Z Node 20 is being deprecated. This workflow is running with Node 24 by default. If you need to temporarily use Node 20, you can set the ACTIONS_ALLOW_USE_UNSECURE_NODE_VERSION=true environment variable. For more information see: https://github.blog/changelog/2025-09-19-deprecation-of-node-20-on-github-actions-runners/
build	Upload APK to Release	2026-09-18T06:56:13.5498179Z ##[group]Run softprops/action-gh-release@v2
build	Upload APK to Release	2026-09-18T06:56:13.5498424Z with:
build	Upload APK to Release	2026-09-18T06:56:13.5498641Z   files: build/app/outputs/flutter-apk/app-release.apk
build	Upload APK to Release	2026-09-18T06:56:13.5498936Z   overwrite_files: true
build	Upload APK to Release	2026-09-18T06:56:13.5501005Z   token: ***
build	Upload APK to Release	2026-09-18T06:56:13.5501185Z env:
build	Upload APK to Release	2026-09-18T06:56:13.5501418Z   JAVA_HOME: /opt/hostedtoolcache/Java_Zulu_jdk/17.0.20-8/x64
build	Upload APK to Release	2026-09-18T06:56:13.5501764Z   JAVA_HOME_17_X64: /opt/hostedtoolcache/Java_Zulu_jdk/17.0.20-8/x64
build	Upload APK to Release	2026-09-18T06:56:13.5502071Z   MAVEN_ARGS: -ntp
build	Upload APK to Release	2026-09-18T06:56:13.5502335Z   FLUTTER_ROOT: /opt/hostedtoolcache/flutter/stable-3.47.4-x64/flutter
build	Upload APK to Release	2026-09-18T06:56:13.5502645Z   PUB_CACHE: /home/runner/.pub-cache
build	Upload APK to Release	2026-09-18T06:56:13.5504542Z   GITHUB_TOKEN: ***
build	Upload APK to Release	2026-09-18T06:56:13.5504728Z ##[endgroup]
build	Upload APK to Release	2026-09-18T06:56:13.9948460Z 👩‍🏭 Creating new GitHub release for tag v1.0.3...
build	Upload APK to Release	2026-09-18T06:56:14.8815119Z Release 391270480 is not yet discoverable by tag v1.0.3, retrying... (2 retries remaining)
build	Upload APK to Release	2026-09-18T06:56:16.3355494Z ⬆️ Uploading app-release.apk...
build	Upload APK to Release	2026-09-18T06:56:19.7333720Z ✅ Uploaded app-release.apk
build	Upload APK to Release	2026-09-18T06:56:19.7334062Z Finalizing release...
build	Upload APK to Release	2026-09-18T06:56:20.1167092Z Getting assets list...
build	Upload APK to Release	2026-09-18T06:56:20.2915333Z 🎉 Release ready at https://github.com/YusuP28/pos_v2/releases/tag/v1.0.3
build	Post Setup Flutter	﻿2026-09-18T06:56:20.3175589Z Post job cleanup.
build	Post Setup Flutter	2026-09-18T06:56:20.3179074Z ##[start-action display=Cache pub dependencies;id=__2dac8916-c27e-4ccd-bfc9-7dd7620a7fb7.cache-pub]
build	Post Setup Flutter	2026-09-18T06:56:21.3032627Z Post job cleanup.
build	Post Setup Flutter	2026-09-18T06:56:21.4142661Z Cache hit occurred on the primary key flutter-pub-linux-stable-3.47.4-x64-9584c6713b324636289d067944a46fd6b49df14b-, not saving cache.
build	Post Setup Flutter	2026-09-18T06:56:21.4203959Z ##[end-action id=__2dac8916-c27e-4ccd-bfc9-7dd7620a7fb7.cache-pub;outcome=success;conclusion=success;duration_ms=1102]
build	Post Setup Flutter	2026-09-18T06:56:21.4207164Z ##[start-action display=Cache Flutter;id=__2dac8916-c27e-4ccd-bfc9-7dd7620a7fb7.cache-flutter]
build	Post Setup Flutter	2026-09-18T06:56:21.4267946Z Post job cleanup.
build	Post Setup Flutter	2026-09-18T06:56:21.5280947Z Cache hit occurred on the primary key flutter-linux-stable-3.47.4-x64-9584c6713b324636289d067944a46fd6b49df14b, not saving cache.
build	Post Setup Flutter	2026-09-18T06:56:21.5335271Z ##[end-action id=__2dac8916-c27e-4ccd-bfc9-7dd7620a7fb7.cache-flutter;outcome=success;conclusion=success;duration_ms=112]
build	Post Setup Java	﻿2026-09-18T06:56:21.5395707Z Post job cleanup.
build	Post Checkout	﻿2026-09-18T06:56:21.6575865Z Post job cleanup.
build	Post Checkout	2026-09-18T06:56:21.7342009Z [command]/usr/bin/git version
build	Post Checkout	2026-09-18T06:56:21.7375901Z git version 2.55.0
build	Post Checkout	2026-09-18T06:56:21.7404687Z Temporarily overriding HOME='/home/runner/work/_temp/b3430208-a580-45a9-9b99-9c235fc6f4b0' before making global git config changes
build	Post Checkout	2026-09-18T06:56:21.7405722Z Adding repository directory to the temporary git global config as a safe directory
build	Post Checkout	2026-09-18T06:56:21.7409725Z [command]/usr/bin/git config --global --add safe.directory /home/runner/work/pos_v2/pos_v2
build	Post Checkout	2026-09-18T06:56:21.7441669Z [command]/usr/bin/git config --local --name-only --get-regexp core\.sshCommand
build	Post Checkout	2026-09-18T06:56:21.7473035Z [command]/usr/bin/git submodule foreach --recursive sh -c "git config --local --name-only --get-regexp 'core\.sshCommand' && git config --local --unset-all 'core.sshCommand' || :"
build	Post Checkout	2026-09-18T06:56:21.7751611Z [command]/usr/bin/git config --local --name-only --get-regexp http\.https\:\/\/github\.com\/\.extraheader
build	Post Checkout	2026-09-18T06:56:21.7790388Z http.https://github.com/.extraheader
build	Post Checkout	2026-09-18T06:56:21.7800564Z [command]/usr/bin/git config --local --unset-all http.https://github.com/.extraheader
build	Post Checkout	2026-09-18T06:56:21.7830086Z [command]/usr/bin/git submodule foreach --recursive sh -c "git config --local --name-only --get-regexp 'http\.https\:\/\/github\.com\/\.extraheader' && git config --local --unset-all 'http.https://github.com/.extraheader' || :"
build	Post Checkout	2026-09-18T06:56:21.8042555Z [command]/usr/bin/git config --local --name-only --get-regexp ^includeIf\.gitdir:
build	Post Checkout	2026-09-18T06:56:21.8083997Z [command]/usr/bin/git submodule foreach --recursive git config --local --show-origin --name-only --get-regexp remote.origin.url
build	Complete job	﻿2026-09-18T06:56:21.8411652Z Cleaning up orphan processes
build	Complete job	2026-09-18T06:56:21.8721447Z Terminate orphan process: pid (2625) (java)
build	Complete job	2026-09-18T06:56:21.8743026Z Terminate orphan process: pid (3209) (java)
build	Complete job	2026-09-18T06:56:21.8762620Z ##[warning]Node.js 20 is deprecated. The following actions target Node.js 20 but are being forced to run on Node.js 24: actions/upload-artifact@v4, softprops/action-gh-release@v2. For more information see: https://github.blog/changelog/2025-09-19-deprecation-of-node-20-on-github-actions-runners/
