analyze	Set up job	﻿2026-09-19T01:56:54.0880637Z Current runner version: '2.337.0'
analyze	Set up job	2026-09-19T01:56:54.0899997Z ##[group]Runner Image Provisioner
analyze	Set up job	2026-09-19T01:56:54.0900754Z Hosted Compute Agent
analyze	Set up job	2026-09-19T01:56:54.0901229Z Version: 20260828.587
analyze	Set up job	2026-09-19T01:56:54.0901782Z Commit: abac92662cab4cc7352de4f9f9d2e2419aad9c29
analyze	Set up job	2026-09-19T01:56:54.0902409Z Build Date: 2026-08-28T16:44:25Z
analyze	Set up job	2026-09-19T01:56:54.0902970Z Worker ID: {699b4eff-6e50-4ce9-9cb1-d61f721c124e}
analyze	Set up job	2026-09-19T01:56:54.0903603Z Azure Region: centralus
analyze	Set up job	2026-09-19T01:56:54.0904111Z ##[endgroup]
analyze	Set up job	2026-09-19T01:56:54.0905224Z ##[group]Operating System
analyze	Set up job	2026-09-19T01:56:54.0905792Z Ubuntu
analyze	Set up job	2026-09-19T01:56:54.0906231Z 24.04.5
analyze	Set up job	2026-09-19T01:56:54.0906668Z LTS
analyze	Set up job	2026-09-19T01:56:54.0907100Z ##[endgroup]
analyze	Set up job	2026-09-19T01:56:54.0907561Z ##[group]Runner Image
analyze	Set up job	2026-09-19T01:56:54.0908333Z Image: ubuntu-24.04
analyze	Set up job	2026-09-19T01:56:54.0908932Z Version: 20260907.300.1
analyze	Set up job	2026-09-19T01:56:54.0909813Z Included Software: https://github.com/actions/runner-images/blob/ubuntu24/20260907.300/images/ubuntu/Ubuntu2404-Readme.md
analyze	Set up job	2026-09-19T01:56:54.0911286Z Image Release: https://github.com/actions/runner-images/releases/tag/ubuntu24%2F20260907.300
analyze	Set up job	2026-09-19T01:56:54.0912091Z ##[endgroup]
analyze	Set up job	2026-09-19T01:56:54.0913043Z ##[group]GITHUB_TOKEN Permissions
analyze	Set up job	2026-09-19T01:56:54.0914949Z Contents: write
analyze	Set up job	2026-09-19T01:56:54.0915644Z Metadata: read
analyze	Set up job	2026-09-19T01:56:54.0916195Z ##[endgroup]
analyze	Set up job	2026-09-19T01:56:54.0917893Z Secret source: Actions
analyze	Set up job	2026-09-19T01:56:54.0919053Z Cache mode: write
analyze	Set up job	2026-09-19T01:56:54.0919665Z Prepare workflow directory
analyze	Set up job	2026-09-19T01:56:54.1221546Z Prepare all required actions
analyze	Set up job	2026-09-19T01:56:54.1261644Z Getting action download info
analyze	Set up job	2026-09-19T01:56:54.3468395Z Download action repository 'actions/checkout@v5' (SHA:fbc6f3992d24b796d5a048ff273f7fcc4a7b6c09)
analyze	Set up job	2026-09-19T01:56:54.4428659Z Download action repository 'subosito/flutter-action@v2' (SHA:1a449444c387b1966244ae4d4f8c696479add0b2)
analyze	Set up job	2026-09-19T01:56:54.7522303Z Getting action download info
analyze	Set up job	2026-09-19T01:56:54.8484433Z Download action repository 'actions/cache@v5' (SHA:caa296126883cff596d87d8935842f9db880ef25)
analyze	Set up job	2026-09-19T01:56:55.0499779Z Complete job name: analyze
analyze	Checkout	﻿2026-09-19T01:56:55.1199558Z ##[group]Run actions/checkout@v5
analyze	Checkout	2026-09-19T01:56:55.1200937Z with:
analyze	Checkout	2026-09-19T01:56:55.1208689Z   token: ***
analyze	Checkout	2026-09-19T01:56:55.1209599Z   repository: YusuP28/pos_v2
analyze	Checkout	2026-09-19T01:56:55.1210559Z   ssh-strict: true
analyze	Checkout	2026-09-19T01:56:55.1211459Z   ssh-user: git
analyze	Checkout	2026-09-19T01:56:55.1212352Z   persist-credentials: true
analyze	Checkout	2026-09-19T01:56:55.1213297Z   clean: true
analyze	Checkout	2026-09-19T01:56:55.1214194Z   sparse-checkout-cone-mode: true
analyze	Checkout	2026-09-19T01:56:55.1215238Z   fetch-depth: 1
analyze	Checkout	2026-09-19T01:56:55.1216097Z   fetch-tags: false
analyze	Checkout	2026-09-19T01:56:55.1217028Z   show-progress: true
analyze	Checkout	2026-09-19T01:56:55.1218078Z   lfs: false
analyze	Checkout	2026-09-19T01:56:55.1218953Z   submodules: false
analyze	Checkout	2026-09-19T01:56:55.1219868Z   set-safe-directory: true
analyze	Checkout	2026-09-19T01:56:55.1220868Z   allow-unsafe-pr-checkout: false
analyze	Checkout	2026-09-19T01:56:55.1222079Z ##[endgroup]
analyze	Checkout	2026-09-19T01:56:55.2068397Z Syncing repository: YusuP28/pos_v2
analyze	Checkout	2026-09-19T01:56:55.2070995Z ##[group]Getting Git version info
analyze	Checkout	2026-09-19T01:56:55.2072281Z Working directory is '/home/runner/work/pos_v2/pos_v2'
analyze	Checkout	2026-09-19T01:56:55.2074254Z [command]/usr/bin/git version
analyze	Checkout	2026-09-19T01:56:55.2163403Z git version 2.55.0
analyze	Checkout	2026-09-19T01:56:55.2186866Z ##[endgroup]
analyze	Checkout	2026-09-19T01:56:55.2198720Z Temporarily overriding HOME='/home/runner/work/_temp/478aaff8-1cbb-4bf3-ae1e-98383aa8c48a' before making global git config changes
analyze	Checkout	2026-09-19T01:56:55.2206685Z Adding repository directory to the temporary git global config as a safe directory
analyze	Checkout	2026-09-19T01:56:55.2210744Z [command]/usr/bin/git config --global --add safe.directory /home/runner/work/pos_v2/pos_v2
analyze	Checkout	2026-09-19T01:56:55.2250565Z Deleting the contents of '/home/runner/work/pos_v2/pos_v2'
analyze	Checkout	2026-09-19T01:56:55.2255194Z ##[group]Initializing the repository
analyze	Checkout	2026-09-19T01:56:55.2258910Z [command]/usr/bin/git init /home/runner/work/pos_v2/pos_v2
analyze	Checkout	2026-09-19T01:56:55.2351328Z hint: Using 'master' as the name for the initial branch. This default branch name
analyze	Checkout	2026-09-19T01:56:55.2354102Z hint: will change to "main" in Git 3.0. To configure the initial branch name
analyze	Checkout	2026-09-19T01:56:55.2356025Z hint: to use in all of your new repositories, which will suppress this warning,
analyze	Checkout	2026-09-19T01:56:55.2357407Z hint: call:
analyze	Checkout	2026-09-19T01:56:55.2358854Z hint:
analyze	Checkout	2026-09-19T01:56:55.2359877Z hint: 	git config --global init.defaultBranch <name>
analyze	Checkout	2026-09-19T01:56:55.2360990Z hint:
analyze	Checkout	2026-09-19T01:56:55.2362168Z hint: Names commonly chosen instead of 'master' are 'main', 'trunk' and
analyze	Checkout	2026-09-19T01:56:55.2363965Z hint: 'development'. The just-created branch can be renamed via this command:
analyze	Checkout	2026-09-19T01:56:55.2365417Z hint:
analyze	Checkout	2026-09-19T01:56:55.2366326Z hint: 	git branch -m <name>
analyze	Checkout	2026-09-19T01:56:55.2367240Z hint:
analyze	Checkout	2026-09-19T01:56:55.2368819Z hint: Disable this message with "git config set advice.defaultBranchName false"
analyze	Checkout	2026-09-19T01:56:55.2371633Z Initialized empty Git repository in /home/runner/work/pos_v2/pos_v2/.git/
analyze	Checkout	2026-09-19T01:56:55.2376026Z [command]/usr/bin/git remote add origin https://github.com/YusuP28/pos_v2
analyze	Checkout	2026-09-19T01:56:55.2403701Z ##[endgroup]
analyze	Checkout	2026-09-19T01:56:55.2405935Z ##[group]Disabling automatic garbage collection
analyze	Checkout	2026-09-19T01:56:55.2407859Z [command]/usr/bin/git config --local gc.auto 0
analyze	Checkout	2026-09-19T01:56:55.2432578Z ##[endgroup]
analyze	Checkout	2026-09-19T01:56:55.2434653Z ##[group]Setting up auth
analyze	Checkout	2026-09-19T01:56:55.2436946Z [command]/usr/bin/git config --local --name-only --get-regexp core\.sshCommand
analyze	Checkout	2026-09-19T01:56:55.2460890Z [command]/usr/bin/git submodule foreach --recursive sh -c "git config --local --name-only --get-regexp 'core\.sshCommand' && git config --local --unset-all 'core.sshCommand' || :"
analyze	Checkout	2026-09-19T01:56:55.2750974Z [command]/usr/bin/git config --local --name-only --get-regexp http\.https\:\/\/github\.com\/\.extraheader
analyze	Checkout	2026-09-19T01:56:55.2786334Z [command]/usr/bin/git submodule foreach --recursive sh -c "git config --local --name-only --get-regexp 'http\.https\:\/\/github\.com\/\.extraheader' && git config --local --unset-all 'http.https://github.com/.extraheader' || :"
analyze	Checkout	2026-09-19T01:56:55.2960645Z [command]/usr/bin/git config --local --name-only --get-regexp ^includeIf\.gitdir:
analyze	Checkout	2026-09-19T01:56:55.2984119Z [command]/usr/bin/git submodule foreach --recursive git config --local --show-origin --name-only --get-regexp remote.origin.url
analyze	Checkout	2026-09-19T01:56:55.3140200Z [command]/usr/bin/git config --local http.https://github.com/.extraheader AUTHORIZATION: basic ***
analyze	Checkout	2026-09-19T01:56:55.3164650Z ##[endgroup]
analyze	Checkout	2026-09-19T01:56:55.3166203Z ##[group]Fetching the repository
analyze	Checkout	2026-09-19T01:56:55.3173666Z [command]/usr/bin/git -c protocol.version=2 fetch --no-tags --prune --no-recurse-submodules --depth=1 origin +7d2760aec33415571c96fc50da8564c0bb2c0ed2:refs/remotes/origin/main
analyze	Checkout	2026-09-19T01:56:55.7249261Z From https://github.com/YusuP28/pos_v2
analyze	Checkout	2026-09-19T01:56:55.7251283Z  * [new ref]         7d2760aec33415571c96fc50da8564c0bb2c0ed2 -> origin/main
analyze	Checkout	2026-09-19T01:56:55.7254956Z ##[endgroup]
analyze	Checkout	2026-09-19T01:56:55.7255865Z ##[group]Determining the checkout info
analyze	Checkout	2026-09-19T01:56:55.7256687Z ##[endgroup]
analyze	Checkout	2026-09-19T01:56:55.7261685Z [command]/usr/bin/git sparse-checkout disable
analyze	Checkout	2026-09-19T01:56:55.7299277Z [command]/usr/bin/git config --local --unset-all extensions.worktreeConfig
analyze	Checkout	2026-09-19T01:56:55.7320996Z ##[group]Checking out the ref
analyze	Checkout	2026-09-19T01:56:55.7324498Z [command]/usr/bin/git checkout --progress --force -B main refs/remotes/origin/main
analyze	Checkout	2026-09-19T01:56:55.7408239Z Switched to a new branch 'main'
analyze	Checkout	2026-09-19T01:56:55.7411818Z branch 'main' set up to track 'origin/main'.
analyze	Checkout	2026-09-19T01:56:55.7415274Z ##[endgroup]
analyze	Checkout	2026-09-19T01:56:55.7445721Z [command]/usr/bin/git log -1 --format=%H
analyze	Checkout	2026-09-19T01:56:55.7462952Z 7d2760aec33415571c96fc50da8564c0bb2c0ed2
analyze	Setup Flutter	﻿2026-09-19T01:56:55.7756486Z ##[group]Run subosito/flutter-action@v2
analyze	Setup Flutter	2026-09-19T01:56:55.7756913Z with:
analyze	Setup Flutter	2026-09-19T01:56:55.7757213Z   channel: stable
analyze	Setup Flutter	2026-09-19T01:56:55.7757560Z   cache: true
analyze	Setup Flutter	2026-09-19T01:56:55.7757846Z   architecture: X64
analyze	Setup Flutter	2026-09-19T01:56:55.7758419Z   pub-cache-path: default
analyze	Setup Flutter	2026-09-19T01:56:55.7758775Z   dry-run: false
analyze	Setup Flutter	2026-09-19T01:56:55.7759270Z   git-source: https://github.com/flutter/flutter.git
analyze	Setup Flutter	2026-09-19T01:56:55.7759662Z ##[endgroup]
analyze	Setup Flutter	2026-09-19T01:56:55.7814235Z ##[start-action display=Make yq tool available on Windows runners;id=__subosito_flutter-action.__run]
analyze	Setup Flutter	2026-09-19T01:56:55.7832553Z ##[end-action id=__subosito_flutter-action.__run;outcome=skipped;conclusion=skipped;duration_ms=0]
analyze	Setup Flutter	2026-09-19T01:56:55.7835198Z ##[start-action display=Make setup script executable;id=__subosito_flutter-action.__run_2]
analyze	Setup Flutter	2026-09-19T01:56:55.7869199Z ##[group]Run chmod +x "$GITHUB_ACTION_PATH/setup.sh"
analyze	Setup Flutter	2026-09-19T01:56:55.7869820Z ^[[36;1mchmod +x "$GITHUB_ACTION_PATH/setup.sh"^[[0m
analyze	Setup Flutter	2026-09-19T01:56:55.7897055Z shell: /usr/bin/bash --noprofile --norc -e -o pipefail {0}
analyze	Setup Flutter	2026-09-19T01:56:55.7897602Z ##[endgroup]
analyze	Setup Flutter	2026-09-19T01:56:55.7977776Z ##[end-action id=__subosito_flutter-action.__run_2;outcome=success;conclusion=success;duration_ms=14]
analyze	Setup Flutter	2026-09-19T01:56:55.7980954Z ##[start-action display=Set action inputs;id=__subosito_flutter-action.flutter-action]
analyze	Setup Flutter	2026-09-19T01:56:55.8014471Z ##[group]Run $GITHUB_ACTION_PATH/setup.sh -p \
analyze	Setup Flutter	2026-09-19T01:56:55.8014985Z ^[[36;1m$GITHUB_ACTION_PATH/setup.sh -p \^[[0m
analyze	Setup Flutter	2026-09-19T01:56:55.8015356Z ^[[36;1m  -n '' \^[[0m
analyze	Setup Flutter	2026-09-19T01:56:55.8015689Z ^[[36;1m  -f '' \^[[0m
analyze	Setup Flutter	2026-09-19T01:56:55.8015992Z ^[[36;1m  -a 'X64' \^[[0m
analyze	Setup Flutter	2026-09-19T01:56:55.8016283Z ^[[36;1m  -k '' \^[[0m
analyze	Setup Flutter	2026-09-19T01:56:55.8016622Z ^[[36;1m  -c '' \^[[0m
analyze	Setup Flutter	2026-09-19T01:56:55.8016910Z ^[[36;1m  -l '' \^[[0m
analyze	Setup Flutter	2026-09-19T01:56:55.8017250Z ^[[36;1m  -d 'default' \^[[0m
analyze	Setup Flutter	2026-09-19T01:56:55.8017646Z ^[[36;1m  -g 'https://github.com/flutter/flutter.git' \^[[0m
analyze	Setup Flutter	2026-09-19T01:56:55.8018450Z ^[[36;1m  stable^[[0m
analyze	Setup Flutter	2026-09-19T01:56:55.8038955Z shell: /usr/bin/bash --noprofile --norc -e -o pipefail {0}
analyze	Setup Flutter	2026-09-19T01:56:55.8039447Z ##[endgroup]
analyze	Setup Flutter	2026-09-19T01:56:56.0993918Z ##[end-action id=__subosito_flutter-action.flutter-action;outcome=success;conclusion=success;duration_ms=301]
analyze	Setup Flutter	2026-09-19T01:56:56.0998524Z ##[start-action display=Cache Flutter;id=__subosito_flutter-action.cache-flutter]
analyze	Setup Flutter	2026-09-19T01:56:56.1045536Z ##[group]Run actions/cache@v5
analyze	Setup Flutter	2026-09-19T01:56:56.1045864Z with:
analyze	Setup Flutter	2026-09-19T01:56:56.1046168Z   path: /opt/hostedtoolcache/flutter/stable-3.47.5-x64
analyze	Setup Flutter	2026-09-19T01:56:56.1046609Z   key: flutter-linux-stable-3.47.5-x64-6a19cca56475dbfba1478ee68d7bd0c2ef891da1
analyze	Setup Flutter	2026-09-19T01:56:56.1047107Z   enableCrossOsArchive: false
analyze	Setup Flutter	2026-09-19T01:56:56.1047402Z   fail-on-cache-miss: false
analyze	Setup Flutter	2026-09-19T01:56:56.1047696Z   lookup-only: false
analyze	Setup Flutter	2026-09-19T01:56:56.1048171Z   save-always: false
analyze	Setup Flutter	2026-09-19T01:56:56.1048427Z ##[endgroup]
analyze	Setup Flutter	2026-09-19T01:56:56.3332527Z Cache hit for: flutter-linux-stable-3.47.5-x64-6a19cca56475dbfba1478ee68d7bd0c2ef891da1
analyze	Setup Flutter	2026-09-19T01:56:57.4985993Z Received 134217728 of 1720502499 (7.8%), 127.9 MBs/sec
analyze	Setup Flutter	2026-09-19T01:56:58.5306707Z Received 402653184 of 1720502499 (23.4%), 189.2 MBs/sec
analyze	Setup Flutter	2026-09-19T01:56:59.5281957Z Received 629145600 of 1720502499 (36.6%), 198.0 MBs/sec
analyze	Setup Flutter	2026-09-19T01:57:00.5285437Z Received 847249408 of 1720502499 (49.2%), 200.4 MBs/sec
analyze	Setup Flutter	2026-09-19T01:57:01.5289490Z Received 1073741824 of 1720502499 (62.4%), 203.5 MBs/sec
analyze	Setup Flutter	2026-09-19T01:57:02.5292279Z Received 1317011456 of 1720502499 (76.5%), 208.3 MBs/sec
analyze	Setup Flutter	2026-09-19T01:57:03.5323194Z Received 1509949440 of 1720502499 (87.8%), 204.8 MBs/sec
analyze	Setup Flutter	2026-09-19T01:57:04.5107164Z Received 1720502499 of 1720502499 (100.0%), 204.8 MBs/sec
analyze	Setup Flutter	2026-09-19T01:57:04.5108189Z Cache Size: ~1641 MB (1720502499 B)
analyze	Setup Flutter	2026-09-19T01:57:04.5213504Z [command]/usr/bin/tar -xf /home/runner/work/_temp/76bad069-9c99-40ba-97b4-1f1469ed7833/cache.tzst -P -C /home/runner/work/pos_v2/pos_v2 --use-compress-program unzstd
analyze	Setup Flutter	2026-09-19T01:57:14.7911945Z Cache restored successfully
analyze	Setup Flutter	2026-09-19T01:57:14.8535092Z Cache restored from key: flutter-linux-stable-3.47.5-x64-6a19cca56475dbfba1478ee68d7bd0c2ef891da1
analyze	Setup Flutter	2026-09-19T01:57:14.8606788Z ##[end-action id=__subosito_flutter-action.cache-flutter;outcome=success;conclusion=success;duration_ms=18760]
analyze	Setup Flutter	2026-09-19T01:57:14.8609935Z ##[start-action display=Cache pub dependencies;id=__subosito_flutter-action.cache-pub]
analyze	Setup Flutter	2026-09-19T01:57:14.9294456Z ##[group]Run actions/cache@v5
analyze	Setup Flutter	2026-09-19T01:57:14.9294806Z with:
analyze	Setup Flutter	2026-09-19T01:57:14.9295090Z   path: /home/runner/.pub-cache
analyze	Setup Flutter	2026-09-19T01:57:14.9295845Z   key: flutter-pub-linux-stable-3.47.5-x64-6a19cca56475dbfba1478ee68d7bd0c2ef891da1-45cbea64a265a1561aaf1b2be4893b24aac76a6c032a1c127417a109129f309b
analyze	Setup Flutter	2026-09-19T01:57:14.9296564Z   enableCrossOsArchive: false
analyze	Setup Flutter	2026-09-19T01:57:14.9296847Z   fail-on-cache-miss: false
analyze	Setup Flutter	2026-09-19T01:57:14.9297153Z   lookup-only: false
analyze	Setup Flutter	2026-09-19T01:57:14.9297469Z   save-always: false
analyze	Setup Flutter	2026-09-19T01:57:14.9297758Z ##[endgroup]
analyze	Setup Flutter	2026-09-19T01:57:15.1654151Z Cache hit for: flutter-pub-linux-stable-3.47.5-x64-6a19cca56475dbfba1478ee68d7bd0c2ef891da1-45cbea64a265a1561aaf1b2be4893b24aac76a6c032a1c127417a109129f309b
analyze	Setup Flutter	2026-09-19T01:57:16.3125883Z Received 81357720 of 81357720 (100.0%), 79.0 MBs/sec
analyze	Setup Flutter	2026-09-19T01:57:16.3127258Z Cache Size: ~78 MB (81357720 B)
analyze	Setup Flutter	2026-09-19T01:57:16.3231616Z [command]/usr/bin/tar -xf /home/runner/work/_temp/359cedd3-a6bf-44b3-bc3a-f702ce5f314c/cache.tzst -P -C /home/runner/work/pos_v2/pos_v2 --use-compress-program unzstd
analyze	Setup Flutter	2026-09-19T01:57:16.9005971Z Cache restored successfully
analyze	Setup Flutter	2026-09-19T01:57:16.9100307Z Cache restored from key: flutter-pub-linux-stable-3.47.5-x64-6a19cca56475dbfba1478ee68d7bd0c2ef891da1-45cbea64a265a1561aaf1b2be4893b24aac76a6c032a1c127417a109129f309b
analyze	Setup Flutter	2026-09-19T01:57:16.9153020Z ##[end-action id=__subosito_flutter-action.cache-pub;outcome=success;conclusion=success;duration_ms=2054]
analyze	Setup Flutter	2026-09-19T01:57:16.9155806Z ##[start-action display=Run setup script;id=__subosito_flutter-action.__run_3]
analyze	Setup Flutter	2026-09-19T01:57:16.9190759Z ##[group]Run $GITHUB_ACTION_PATH/setup.sh \
analyze	Setup Flutter	2026-09-19T01:57:16.9191203Z ^[[36;1m$GITHUB_ACTION_PATH/setup.sh \^[[0m
analyze	Setup Flutter	2026-09-19T01:57:16.9191563Z ^[[36;1m  -n '3.47.5' \^[[0m
analyze	Setup Flutter	2026-09-19T01:57:16.9191859Z ^[[36;1m  -a 'x64' \^[[0m
analyze	Setup Flutter	2026-09-19T01:57:16.9192194Z ^[[36;1m  -c '/opt/hostedtoolcache/flutter/stable-3.47.5-x64' \^[[0m
analyze	Setup Flutter	2026-09-19T01:57:16.9192615Z ^[[36;1m  -d '/home/runner/.pub-cache' \^[[0m
analyze	Setup Flutter	2026-09-19T01:57:16.9192923Z ^[[36;1m  stable^[[0m
analyze	Setup Flutter	2026-09-19T01:57:16.9213432Z shell: /usr/bin/bash --noprofile --norc -e -o pipefail {0}
analyze	Setup Flutter	2026-09-19T01:57:16.9213874Z ##[endgroup]
analyze	Setup Flutter	2026-09-19T01:57:17.2106385Z ##[end-action id=__subosito_flutter-action.__run_3;outcome=success;conclusion=success;duration_ms=294]
analyze	Get Dependencies	﻿2026-09-19T01:57:17.2159641Z ##[group]Run flutter pub get
analyze	Get Dependencies	2026-09-19T01:57:17.2159984Z ^[[36;1mflutter pub get^[[0m
analyze	Get Dependencies	2026-09-19T01:57:17.2183203Z shell: /usr/bin/bash -e {0}
analyze	Get Dependencies	2026-09-19T01:57:17.2183531Z env:
analyze	Get Dependencies	2026-09-19T01:57:17.2184002Z   FLUTTER_ROOT: /opt/hostedtoolcache/flutter/stable-3.47.5-x64/flutter
analyze	Get Dependencies	2026-09-19T01:57:17.2184445Z   PUB_CACHE: /home/runner/.pub-cache
analyze	Get Dependencies	2026-09-19T01:57:17.2184764Z ##[endgroup]
analyze	Get Dependencies	2026-09-19T01:57:17.3473352Z Resolving dependencies...
analyze	Get Dependencies	2026-09-19T01:57:17.4371789Z Downloading packages...
analyze	Get Dependencies	2026-09-19T01:57:17.6301193Z   archive 3.6.1 (4.3.0 available)
analyze	Get Dependencies	2026-09-19T01:57:17.6301700Z   dbus 0.7.15 (0.8.0 available)
analyze	Get Dependencies	2026-09-19T01:57:17.6302201Z   flutter_blue_plus 1.36.8 (2.3.12 available)
analyze	Get Dependencies	2026-09-19T01:57:17.6302784Z   flutter_blue_plus_android 7.0.4 (9.0.3 available)
analyze	Get Dependencies	2026-09-19T01:57:17.6303426Z   flutter_blue_plus_darwin 7.0.3 (9.0.4 available)
analyze	Get Dependencies	2026-09-19T01:57:17.6303920Z   flutter_blue_plus_linux 7.0.3 (9.0.3 available)
analyze	Get Dependencies	2026-09-19T01:57:17.6304303Z   flutter_blue_plus_platform_interface 7.0.0 (9.0.3 available)
analyze	Get Dependencies	2026-09-19T01:57:17.6304814Z   flutter_blue_plus_web 7.0.2 (9.0.3 available)
analyze	Get Dependencies	2026-09-19T01:57:17.6305176Z   flutter_lints 5.0.0 (6.0.0 available)
analyze	Get Dependencies	2026-09-19T01:57:17.6305532Z   image 3.3.0 (4.10.1 available)
analyze	Get Dependencies	2026-09-19T01:57:17.6305986Z   lints 5.1.1 (6.1.0 available)
analyze	Get Dependencies	2026-09-19T01:57:17.6306453Z   material_color_utilities 0.13.0 (0.13.1 available)
analyze	Get Dependencies	2026-09-19T01:57:17.6306947Z   package_info_plus 8.3.1 (10.2.1 available)
analyze	Get Dependencies	2026-09-19T01:57:17.6307491Z   package_info_plus_platform_interface 3.2.1 (4.1.0 available)
analyze	Get Dependencies	2026-09-19T01:57:17.6308440Z   qr 3.0.2 (4.0.0 available)
analyze	Get Dependencies	2026-09-19T01:57:17.6308773Z   test_api 0.7.12 (0.7.14 available)
analyze	Get Dependencies	2026-09-19T01:57:17.6309116Z   win32 5.15.0 (6.4.0 available)
analyze	Get Dependencies	2026-09-19T01:57:17.6309578Z   xml 6.6.1 (7.0.1 available)
analyze	Get Dependencies	2026-09-19T01:57:17.6309936Z Got dependencies!
analyze	Get Dependencies	2026-09-19T01:57:17.6310319Z 18 packages have newer versions incompatible with dependency constraints.
analyze	Get Dependencies	2026-09-19T01:57:17.6310780Z Try `flutter pub outdated` for more information.
analyze	Analyze (Before)	﻿2026-09-19T01:57:17.8491331Z ##[group]Run echo "=== ANALYZE SEBELUM FIX ==="
analyze	Analyze (Before)	2026-09-19T01:57:17.8491840Z ^[[36;1mecho "=== ANALYZE SEBELUM FIX ==="^[[0m
analyze	Analyze (Before)	2026-09-19T01:57:17.8492298Z ^[[36;1mflutter analyze --no-fatal-infos --no-fatal-warnings || true^[[0m
analyze	Analyze (Before)	2026-09-19T01:57:17.8513123Z shell: /usr/bin/bash -e {0}
analyze	Analyze (Before)	2026-09-19T01:57:17.8513516Z env:
analyze	Analyze (Before)	2026-09-19T01:57:17.8513890Z   FLUTTER_ROOT: /opt/hostedtoolcache/flutter/stable-3.47.5-x64/flutter
analyze	Analyze (Before)	2026-09-19T01:57:17.8514313Z   PUB_CACHE: /home/runner/.pub-cache
analyze	Analyze (Before)	2026-09-19T01:57:17.8514621Z ##[endgroup]
analyze	Analyze (Before)	2026-09-19T01:57:17.8552134Z === ANALYZE SEBELUM FIX ===
analyze	Analyze (Before)	2026-09-19T01:57:17.9667844Z Resolving dependencies...
analyze	Analyze (Before)	2026-09-19T01:57:18.0598243Z Downloading packages...
analyze	Analyze (Before)	2026-09-19T01:57:18.2513050Z   archive 3.6.1 (4.3.0 available)
analyze	Analyze (Before)	2026-09-19T01:57:18.2513980Z   dbus 0.7.15 (0.8.0 available)
analyze	Analyze (Before)	2026-09-19T01:57:18.2514636Z   flutter_blue_plus 1.36.8 (2.3.12 available)
analyze	Analyze (Before)	2026-09-19T01:57:18.2515316Z   flutter_blue_plus_android 7.0.4 (9.0.3 available)
analyze	Analyze (Before)	2026-09-19T01:57:18.2515829Z   flutter_blue_plus_darwin 7.0.3 (9.0.4 available)
analyze	Analyze (Before)	2026-09-19T01:57:18.2516408Z   flutter_blue_plus_linux 7.0.3 (9.0.3 available)
analyze	Analyze (Before)	2026-09-19T01:57:18.2516804Z   flutter_blue_plus_platform_interface 7.0.0 (9.0.3 available)
analyze	Analyze (Before)	2026-09-19T01:57:18.2517234Z   flutter_blue_plus_web 7.0.2 (9.0.3 available)
analyze	Analyze (Before)	2026-09-19T01:57:18.2517586Z   flutter_lints 5.0.0 (6.0.0 available)
analyze	Analyze (Before)	2026-09-19T01:57:18.2518103Z   image 3.3.0 (4.10.1 available)
analyze	Analyze (Before)	2026-09-19T01:57:18.2518528Z   lints 5.1.1 (6.1.0 available)
analyze	Analyze (Before)	2026-09-19T01:57:18.2518968Z   material_color_utilities 0.13.0 (0.13.1 available)
analyze	Analyze (Before)	2026-09-19T01:57:18.2519542Z   package_info_plus 8.3.1 (10.2.1 available)
analyze	Analyze (Before)	2026-09-19T01:57:18.2520059Z   package_info_plus_platform_interface 3.2.1 (4.1.0 available)
analyze	Analyze (Before)	2026-09-19T01:57:18.2520686Z   qr 3.0.2 (4.0.0 available)
analyze	Analyze (Before)	2026-09-19T01:57:18.2520983Z   test_api 0.7.12 (0.7.14 available)
analyze	Analyze (Before)	2026-09-19T01:57:18.2521266Z   win32 5.15.0 (6.4.0 available)
analyze	Analyze (Before)	2026-09-19T01:57:18.2521639Z   xml 6.6.1 (7.0.1 available)
analyze	Analyze (Before)	2026-09-19T01:57:18.2521924Z Got dependencies!
analyze	Analyze (Before)	2026-09-19T01:57:18.2522342Z 18 packages have newer versions incompatible with dependency constraints.
analyze	Analyze (Before)	2026-09-19T01:57:18.2522762Z Try `flutter pub outdated` for more information.
analyze	Analyze (Before)	2026-09-19T01:57:27.5122389Z Analyzing pos_v2...                                             
analyze	Analyze (Before)	2026-09-19T01:57:27.5128202Z 
analyze	Analyze (Before)	2026-09-19T01:57:27.5148744Z    info • Don't use 'BuildContext's across async gaps. Try rewriting the code to not use the 'BuildContext', or guard the use with a 'mounted' check • lib/views/category_list_view.dart:19:28 • use_build_context_synchronously
analyze	Analyze (Before)	2026-09-19T01:57:27.5152712Z warning • The declaration '_deleteCategory' isn't referenced. Try removing the declaration of '_deleteCategory' • lib/views/expense_view.dart:180:16 • unused_element
analyze	Analyze (Before)	2026-09-19T01:57:27.5154157Z    info • Don't use 'BuildContext's across async gaps. Try rewriting the code to not use the 'BuildContext', or guard the use with a 'mounted' check • lib/views/expense_view.dart:215:23 • use_build_context_synchronously
analyze	Analyze (Before)	2026-09-19T01:57:27.5155937Z    info • Don't use 'BuildContext's across async gaps. Try rewriting the code to not use the 'BuildContext', or guard the use with a 'mounted' check • lib/views/expense_view.dart:216:7 • use_build_context_synchronously
analyze	Analyze (Before)	2026-09-19T01:57:27.5158049Z    info • Don't use 'BuildContext's across async gaps. Try rewriting the code to not use the 'BuildContext', or guard the use with a 'mounted' check • lib/views/expense_view.dart:286:11 • use_build_context_synchronously
analyze	Analyze (Before)	2026-09-19T01:57:27.5159468Z    info • Don't use 'BuildContext's across async gaps. Try rewriting the code to not use the 'BuildContext', or guard the use with a 'mounted' check • lib/views/home_view.dart:38:20 • use_build_context_synchronously
analyze	Analyze (Before)	2026-09-19T01:57:27.5160922Z    info • Don't use 'BuildContext's across async gaps. Try rewriting the code to not use the 'BuildContext', or guard the use with a 'mounted' check • lib/views/home_view.dart:39:7 • use_build_context_synchronously
analyze	Analyze (Before)	2026-09-19T01:57:27.5162348Z    info • Don't use 'BuildContext's across async gaps. Try rewriting the code to not use the 'BuildContext', or guard the use with a 'mounted' check • lib/views/home_view.dart:42:7 • use_build_context_synchronously
analyze	Analyze (Before)	2026-09-19T01:57:27.5163997Z    info • Don't use 'BuildContext's across async gaps. Try rewriting the code to not use the 'BuildContext', or guard the use with a 'mounted' check • lib/views/home_view.dart:45:7 • use_build_context_synchronously
analyze	Analyze (Before)	2026-09-19T01:57:27.5166082Z    info • Don't use 'BuildContext's across async gaps. Try rewriting the code to not use the 'BuildContext', or guard the use with a 'mounted' check • lib/views/info_toko_view.dart:33:13 • use_build_context_synchronously
analyze	Analyze (Before)	2026-09-19T01:57:27.5185825Z    info • Don't use 'BuildContext's across async gaps. Try rewriting the code to not use the 'BuildContext', or guard the use with a 'mounted' check • lib/views/info_toko_view.dart:63:13 • use_build_context_synchronously
analyze	Analyze (Before)	2026-09-19T01:57:27.5199997Z    info • Don't use 'BuildContext's across async gaps. Try rewriting the code to not use the 'BuildContext', or guard the use with a 'mounted' check • lib/views/info_toko_view.dart:78:13 • use_build_context_synchronously
analyze	Analyze (Before)	2026-09-19T01:57:27.5202452Z    info • Don't use 'BuildContext's across async gaps. Try rewriting the code to not use the 'BuildContext', or guard the use with a 'mounted' check • lib/views/printer_settings_view.dart:21:28 • use_build_context_synchronously
analyze	Analyze (Before)	2026-09-19T01:57:27.5204951Z    info • Don't use 'BuildContext's across async gaps. Try rewriting the code to not use the 'BuildContext', or guard the use with a 'mounted' check • lib/views/product_form_view.dart:49:28 • use_build_context_synchronously
analyze	Analyze (Before)	2026-09-19T01:57:27.5206959Z    info • Don't use 'BuildContext's across async gaps. Try rewriting the code to not use the 'BuildContext', or guard the use with a 'mounted' check • lib/views/product_list_view.dart:31:7 • use_build_context_synchronously
analyze	Analyze (Before)	2026-09-19T01:57:27.5208573Z    info • Don't use 'BuildContext's across async gaps. Try rewriting the code to not use the 'BuildContext', or guard the use with a 'mounted' check • lib/views/product_list_view.dart:32:7 • use_build_context_synchronously
analyze	Analyze (Before)	2026-09-19T01:57:27.5209925Z    info • Don't use 'BuildContext's across async gaps. Try rewriting the code to not use the 'BuildContext', or guard the use with a 'mounted' check • lib/views/product_list_view.dart:101:20 • use_build_context_synchronously
analyze	Analyze (Before)	2026-09-19T01:57:27.5211437Z    info • Don't use 'BuildContext's across async gaps, guarded by an unrelated 'mounted' check. Guard a 'State.context' use with a 'mounted' check on the State, and other BuildContext use with a 'mounted' check on the BuildContext • lib/views/product_list_view.dart:349:49 • use_build_context_synchronously
analyze	Analyze (Before)	2026-09-19T01:57:27.5213211Z    info • Don't use 'BuildContext's across async gaps, guarded by an unrelated 'mounted' check. Guard a 'State.context' use with a 'mounted' check on the State, and other BuildContext use with a 'mounted' check on the BuildContext • lib/views/product_list_view.dart:360:58 • use_build_context_synchronously
analyze	Analyze (Before)	2026-09-19T01:57:27.5214818Z    info • Don't use 'BuildContext's across async gaps. Try rewriting the code to not use the 'BuildContext', or guard the use with a 'mounted' check • lib/views/retail_pos_view.dart:34:7 • use_build_context_synchronously
analyze	Analyze (Before)	2026-09-19T01:57:27.5216071Z    info • Don't use 'BuildContext's across async gaps. Try rewriting the code to not use the 'BuildContext', or guard the use with a 'mounted' check • lib/views/retail_pos_view.dart:35:7 • use_build_context_synchronously
analyze	Analyze (Before)	2026-09-19T01:57:27.5217319Z    info • Don't use 'BuildContext's across async gaps. Try rewriting the code to not use the 'BuildContext', or guard the use with a 'mounted' check • lib/views/retail_pos_view.dart:36:7 • use_build_context_synchronously
analyze	Analyze (Before)	2026-09-19T01:57:27.5218724Z warning • The value of the local variable 'cart' isn't used. Try removing the variable or using it • lib/views/retail_pos_view.dart:50:11 • unused_local_variable
analyze	Analyze (Before)	2026-09-19T01:57:27.5220083Z    info • Don't use 'BuildContext's across async gaps. Try rewriting the code to not use the 'BuildContext', or guard the use with a 'mounted' check • lib/views/retail_pos_view.dart:572:25 • use_build_context_synchronously
analyze	Analyze (Before)	2026-09-19T01:57:27.5221374Z   error • The values in a const list literal must be constants. Try removing the keyword 'const' from the list literal • lib/views/scanner/barcode_scanner_view.dart:25:7 • non_constant_list_element
analyze	Analyze (Before)	2026-09-19T01:57:27.5222529Z   error • Undefined name 'BarcodeFormats'. Try correcting the name to one that is defined, or defining the name • lib/views/scanner/barcode_scanner_view.dart:25:7 • undefined_identifier
analyze	Analyze (Before)	2026-09-19T01:57:27.5223745Z    info • Don't use 'BuildContext's across async gaps. Try rewriting the code to not use the 'BuildContext', or guard the use with a 'mounted' check • lib/views/shift/shift_detail_view.dart:31:21 • use_build_context_synchronously
analyze	Analyze (Before)	2026-09-19T01:57:27.5225059Z    info • Don't use 'BuildContext's across async gaps. Try rewriting the code to not use the 'BuildContext', or guard the use with a 'mounted' check • lib/views/shift_view.dart:27:20 • use_build_context_synchronously
analyze	Analyze (Before)	2026-09-19T01:57:27.5226285Z    info • Don't use 'BuildContext's across async gaps. Try rewriting the code to not use the 'BuildContext', or guard the use with a 'mounted' check • lib/views/shift_view.dart:28:7 • use_build_context_synchronously
analyze	Analyze (Before)	2026-09-19T01:57:27.5227530Z    info • Don't use 'BuildContext's across async gaps. Try rewriting the code to not use the 'BuildContext', or guard the use with a 'mounted' check • lib/views/splash_view.dart:21:20 • use_build_context_synchronously
analyze	Analyze (Before)	2026-09-19T01:57:27.5231258Z    info • Don't use 'BuildContext's across async gaps. Try rewriting the code to not use the 'BuildContext', or guard the use with a 'mounted' check • lib/views/user/user_management_view.dart:22:28 • use_build_context_synchronously
analyze	Analyze (Before)	2026-09-19T01:57:27.5232642Z    info • Don't use 'BuildContext's across async gaps. Try rewriting the code to not use the 'BuildContext', or guard the use with a 'mounted' check • lib/views/user/user_management_view.dart:110:16 • use_build_context_synchronously
analyze	Analyze (Before)	2026-09-19T01:57:27.5234001Z    info • Don't use 'BuildContext's across async gaps. Try rewriting the code to not use the 'BuildContext', or guard the use with a 'mounted' check • lib/views/user/user_management_view.dart:166:27 • use_build_context_synchronously
analyze	Analyze (Before)	2026-09-19T01:57:27.5235303Z    info • Don't use 'BuildContext's across async gaps. Try rewriting the code to not use the 'BuildContext', or guard the use with a 'mounted' check • lib/views/user/user_management_view.dart:168:13 • use_build_context_synchronously
analyze	Analyze (Before)	2026-09-19T01:57:27.5235947Z 
analyze	Analyze (Before)	2026-09-19T01:57:27.5243873Z 34 issues found. (ran in 8.8s)
analyze	Analyze (After)	﻿2026-09-19T01:57:27.5329793Z ##[group]Run echo "=== ANALYZE SETELAH FIX ==="
analyze	Analyze (After)	2026-09-19T01:57:27.5330197Z ^[[36;1mecho "=== ANALYZE SETELAH FIX ==="^[[0m
analyze	Analyze (After)	2026-09-19T01:57:27.5330689Z ^[[36;1mflutter analyze --no-fatal-infos --no-fatal-warnings || true^[[0m
analyze	Analyze (After)	2026-09-19T01:57:27.5351721Z shell: /usr/bin/bash -e {0}
analyze	Analyze (After)	2026-09-19T01:57:27.5352071Z env:
analyze	Analyze (After)	2026-09-19T01:57:27.5352491Z   FLUTTER_ROOT: /opt/hostedtoolcache/flutter/stable-3.47.5-x64/flutter
analyze	Analyze (After)	2026-09-19T01:57:27.5352906Z   PUB_CACHE: /home/runner/.pub-cache
analyze	Analyze (After)	2026-09-19T01:57:27.5353260Z ##[endgroup]
analyze	Analyze (After)	2026-09-19T01:57:27.5390967Z === ANALYZE SETELAH FIX ===
analyze	Analyze (After)	2026-09-19T01:57:27.6507683Z Resolving dependencies...
analyze	Analyze (After)	2026-09-19T01:57:27.7426459Z Downloading packages...
analyze	Analyze (After)	2026-09-19T01:57:27.9298016Z   archive 3.6.1 (4.3.0 available)
analyze	Analyze (After)	2026-09-19T01:57:27.9298643Z   dbus 0.7.15 (0.8.0 available)
analyze	Analyze (After)	2026-09-19T01:57:27.9299112Z   flutter_blue_plus 1.36.8 (2.3.12 available)
analyze	Analyze (After)	2026-09-19T01:57:27.9299611Z   flutter_blue_plus_android 7.0.4 (9.0.3 available)
analyze	Analyze (After)	2026-09-19T01:57:27.9300400Z   flutter_blue_plus_darwin 7.0.3 (9.0.4 available)
analyze	Analyze (After)	2026-09-19T01:57:27.9301034Z   flutter_blue_plus_linux 7.0.3 (9.0.3 available)
analyze	Analyze (After)	2026-09-19T01:57:27.9301530Z   flutter_blue_plus_platform_interface 7.0.0 (9.0.3 available)
analyze	Analyze (After)	2026-09-19T01:57:27.9302086Z   flutter_blue_plus_web 7.0.2 (9.0.3 available)
analyze	Analyze (After)	2026-09-19T01:57:27.9302578Z   flutter_lints 5.0.0 (6.0.0 available)
analyze	Analyze (After)	2026-09-19T01:57:27.9302997Z   image 3.3.0 (4.10.1 available)
analyze	Analyze (After)	2026-09-19T01:57:27.9303451Z   lints 5.1.1 (6.1.0 available)
analyze	Analyze (After)	2026-09-19T01:57:27.9303924Z   material_color_utilities 0.13.0 (0.13.1 available)
analyze	Analyze (After)	2026-09-19T01:57:27.9304450Z   package_info_plus 8.3.1 (10.2.1 available)
analyze	Analyze (After)	2026-09-19T01:57:27.9305055Z   package_info_plus_platform_interface 3.2.1 (4.1.0 available)
analyze	Analyze (After)	2026-09-19T01:57:27.9305590Z   qr 3.0.2 (4.0.0 available)
analyze	Analyze (After)	2026-09-19T01:57:27.9306007Z   test_api 0.7.12 (0.7.14 available)
analyze	Analyze (After)	2026-09-19T01:57:27.9306412Z   win32 5.15.0 (6.4.0 available)
analyze	Analyze (After)	2026-09-19T01:57:27.9306984Z   xml 6.6.1 (7.0.1 available)
analyze	Analyze (After)	2026-09-19T01:57:27.9307474Z Got dependencies!
analyze	Analyze (After)	2026-09-19T01:57:27.9308359Z 18 packages have newer versions incompatible with dependency constraints.
analyze	Analyze (After)	2026-09-19T01:57:27.9309151Z Try `flutter pub outdated` for more information.
analyze	Analyze (After)	2026-09-19T01:57:32.5852973Z Analyzing pos_v2...                                             
analyze	Analyze (After)	2026-09-19T01:57:32.5864965Z 
analyze	Analyze (After)	2026-09-19T01:57:32.5885854Z    info • Don't use 'BuildContext's across async gaps. Try rewriting the code to not use the 'BuildContext', or guard the use with a 'mounted' check • lib/views/category_list_view.dart:19:28 • use_build_context_synchronously
analyze	Analyze (After)	2026-09-19T01:57:32.5889666Z warning • The declaration '_deleteCategory' isn't referenced. Try removing the declaration of '_deleteCategory' • lib/views/expense_view.dart:180:16 • unused_element
analyze	Analyze (After)	2026-09-19T01:57:32.5891120Z    info • Don't use 'BuildContext's across async gaps. Try rewriting the code to not use the 'BuildContext', or guard the use with a 'mounted' check • lib/views/expense_view.dart:215:23 • use_build_context_synchronously
analyze	Analyze (After)	2026-09-19T01:57:32.5892935Z    info • Don't use 'BuildContext's across async gaps. Try rewriting the code to not use the 'BuildContext', or guard the use with a 'mounted' check • lib/views/expense_view.dart:216:7 • use_build_context_synchronously
analyze	Analyze (After)	2026-09-19T01:57:32.5894873Z    info • Don't use 'BuildContext's across async gaps. Try rewriting the code to not use the 'BuildContext', or guard the use with a 'mounted' check • lib/views/expense_view.dart:286:11 • use_build_context_synchronously
analyze	Analyze (After)	2026-09-19T01:57:32.5911995Z    info • Don't use 'BuildContext's across async gaps. Try rewriting the code to not use the 'BuildContext', or guard the use with a 'mounted' check • lib/views/home_view.dart:38:20 • use_build_context_synchronously
analyze	Analyze (After)	2026-09-19T01:57:32.5919489Z    info • Don't use 'BuildContext's across async gaps. Try rewriting the code to not use the 'BuildContext', or guard the use with a 'mounted' check • lib/views/home_view.dart:39:7 • use_build_context_synchronously
analyze	Analyze (After)	2026-09-19T01:57:32.5933916Z    info • Don't use 'BuildContext's across async gaps. Try rewriting the code to not use the 'BuildContext', or guard the use with a 'mounted' check • lib/views/home_view.dart:42:7 • use_build_context_synchronously
analyze	Analyze (After)	2026-09-19T01:57:32.5936604Z    info • Don't use 'BuildContext's across async gaps. Try rewriting the code to not use the 'BuildContext', or guard the use with a 'mounted' check • lib/views/home_view.dart:45:7 • use_build_context_synchronously
analyze	Analyze (After)	2026-09-19T01:57:32.5938745Z    info • Don't use 'BuildContext's across async gaps. Try rewriting the code to not use the 'BuildContext', or guard the use with a 'mounted' check • lib/views/info_toko_view.dart:33:13 • use_build_context_synchronously
analyze	Analyze (After)	2026-09-19T01:57:32.5940588Z    info • Don't use 'BuildContext's across async gaps. Try rewriting the code to not use the 'BuildContext', or guard the use with a 'mounted' check • lib/views/info_toko_view.dart:63:13 • use_build_context_synchronously
analyze	Analyze (After)	2026-09-19T01:57:32.5941825Z    info • Don't use 'BuildContext's across async gaps. Try rewriting the code to not use the 'BuildContext', or guard the use with a 'mounted' check • lib/views/info_toko_view.dart:78:13 • use_build_context_synchronously
analyze	Analyze (After)	2026-09-19T01:57:32.5943334Z    info • Don't use 'BuildContext's across async gaps. Try rewriting the code to not use the 'BuildContext', or guard the use with a 'mounted' check • lib/views/printer_settings_view.dart:21:28 • use_build_context_synchronously
analyze	Analyze (After)	2026-09-19T01:57:32.5944657Z    info • Don't use 'BuildContext's across async gaps. Try rewriting the code to not use the 'BuildContext', or guard the use with a 'mounted' check • lib/views/product_form_view.dart:49:28 • use_build_context_synchronously
analyze	Analyze (After)	2026-09-19T01:57:32.5945887Z    info • Don't use 'BuildContext's across async gaps. Try rewriting the code to not use the 'BuildContext', or guard the use with a 'mounted' check • lib/views/product_list_view.dart:31:7 • use_build_context_synchronously
analyze	Analyze (After)	2026-09-19T01:57:32.5947149Z    info • Don't use 'BuildContext's across async gaps. Try rewriting the code to not use the 'BuildContext', or guard the use with a 'mounted' check • lib/views/product_list_view.dart:32:7 • use_build_context_synchronously
analyze	Analyze (After)	2026-09-19T01:57:32.5948776Z    info • Don't use 'BuildContext's across async gaps. Try rewriting the code to not use the 'BuildContext', or guard the use with a 'mounted' check • lib/views/product_list_view.dart:101:20 • use_build_context_synchronously
analyze	Analyze (After)	2026-09-19T01:57:32.5951118Z    info • Don't use 'BuildContext's across async gaps, guarded by an unrelated 'mounted' check. Guard a 'State.context' use with a 'mounted' check on the State, and other BuildContext use with a 'mounted' check on the BuildContext • lib/views/product_list_view.dart:349:49 • use_build_context_synchronously
analyze	Analyze (After)	2026-09-19T01:57:32.5952814Z    info • Don't use 'BuildContext's across async gaps, guarded by an unrelated 'mounted' check. Guard a 'State.context' use with a 'mounted' check on the State, and other BuildContext use with a 'mounted' check on the BuildContext • lib/views/product_list_view.dart:360:58 • use_build_context_synchronously
analyze	Analyze (After)	2026-09-19T01:57:32.5954309Z    info • Don't use 'BuildContext's across async gaps. Try rewriting the code to not use the 'BuildContext', or guard the use with a 'mounted' check • lib/views/retail_pos_view.dart:34:7 • use_build_context_synchronously
analyze	Analyze (After)	2026-09-19T01:57:32.5955562Z    info • Don't use 'BuildContext's across async gaps. Try rewriting the code to not use the 'BuildContext', or guard the use with a 'mounted' check • lib/views/retail_pos_view.dart:35:7 • use_build_context_synchronously
analyze	Analyze (After)	2026-09-19T01:57:32.5956820Z    info • Don't use 'BuildContext's across async gaps. Try rewriting the code to not use the 'BuildContext', or guard the use with a 'mounted' check • lib/views/retail_pos_view.dart:36:7 • use_build_context_synchronously
analyze	Analyze (After)	2026-09-19T01:57:32.5958015Z warning • The value of the local variable 'cart' isn't used. Try removing the variable or using it • lib/views/retail_pos_view.dart:50:11 • unused_local_variable
analyze	Analyze (After)	2026-09-19T01:57:32.5959281Z    info • Don't use 'BuildContext's across async gaps. Try rewriting the code to not use the 'BuildContext', or guard the use with a 'mounted' check • lib/views/retail_pos_view.dart:572:25 • use_build_context_synchronously
analyze	Analyze (After)	2026-09-19T01:57:32.5960647Z   error • The values in a const list literal must be constants. Try removing the keyword 'const' from the list literal • lib/views/scanner/barcode_scanner_view.dart:25:7 • non_constant_list_element
analyze	Analyze (After)	2026-09-19T01:57:32.5961771Z   error • Undefined name 'BarcodeFormats'. Try correcting the name to one that is defined, or defining the name • lib/views/scanner/barcode_scanner_view.dart:25:7 • undefined_identifier
analyze	Analyze (After)	2026-09-19T01:57:32.5963006Z    info • Don't use 'BuildContext's across async gaps. Try rewriting the code to not use the 'BuildContext', or guard the use with a 'mounted' check • lib/views/shift/shift_detail_view.dart:31:21 • use_build_context_synchronously
analyze	Analyze (After)	2026-09-19T01:57:32.5964213Z    info • Don't use 'BuildContext's across async gaps. Try rewriting the code to not use the 'BuildContext', or guard the use with a 'mounted' check • lib/views/shift_view.dart:27:20 • use_build_context_synchronously
analyze	Analyze (After)	2026-09-19T01:57:32.5965562Z    info • Don't use 'BuildContext's across async gaps. Try rewriting the code to not use the 'BuildContext', or guard the use with a 'mounted' check • lib/views/shift_view.dart:28:7 • use_build_context_synchronously
analyze	Analyze (After)	2026-09-19T01:57:32.5966794Z    info • Don't use 'BuildContext's across async gaps. Try rewriting the code to not use the 'BuildContext', or guard the use with a 'mounted' check • lib/views/splash_view.dart:21:20 • use_build_context_synchronously
analyze	Analyze (After)	2026-09-19T01:57:32.5968234Z    info • Don't use 'BuildContext's across async gaps. Try rewriting the code to not use the 'BuildContext', or guard the use with a 'mounted' check • lib/views/user/user_management_view.dart:22:28 • use_build_context_synchronously
analyze	Analyze (After)	2026-09-19T01:57:32.5969657Z    info • Don't use 'BuildContext's across async gaps. Try rewriting the code to not use the 'BuildContext', or guard the use with a 'mounted' check • lib/views/user/user_management_view.dart:110:16 • use_build_context_synchronously
analyze	Analyze (After)	2026-09-19T01:57:32.5971015Z    info • Don't use 'BuildContext's across async gaps. Try rewriting the code to not use the 'BuildContext', or guard the use with a 'mounted' check • lib/views/user/user_management_view.dart:166:27 • use_build_context_synchronously
analyze	Analyze (After)	2026-09-19T01:57:32.5972327Z    info • Don't use 'BuildContext's across async gaps. Try rewriting the code to not use the 'BuildContext', or guard the use with a 'mounted' check • lib/views/user/user_management_view.dart:168:13 • use_build_context_synchronously
analyze	Analyze (After)	2026-09-19T01:57:32.5972961Z 
analyze	Analyze (After)	2026-09-19T01:57:32.5978508Z 34 issues found. (ran in 4.2s)
analyze	Post Setup Flutter	﻿2026-09-19T01:57:32.6164865Z Post job cleanup.
analyze	Post Setup Flutter	2026-09-19T01:57:32.6169734Z ##[start-action display=Cache pub dependencies;id=__3ab9824c-49f9-4dba-af47-76e70270b0cf.cache-pub]
analyze	Post Setup Flutter	2026-09-19T01:57:32.6777402Z Post job cleanup.
analyze	Post Setup Flutter	2026-09-19T01:57:32.7818893Z Cache hit occurred on the primary key flutter-pub-linux-stable-3.47.5-x64-6a19cca56475dbfba1478ee68d7bd0c2ef891da1-45cbea64a265a1561aaf1b2be4893b24aac76a6c032a1c127417a109129f309b, not saving cache.
analyze	Post Setup Flutter	2026-09-19T01:57:32.7850970Z ##[end-action id=__3ab9824c-49f9-4dba-af47-76e70270b0cf.cache-pub;outcome=success;conclusion=success;duration_ms=168]
analyze	Post Setup Flutter	2026-09-19T01:57:32.7853877Z ##[start-action display=Cache Flutter;id=__3ab9824c-49f9-4dba-af47-76e70270b0cf.cache-flutter]
analyze	Post Setup Flutter	2026-09-19T01:57:32.7887232Z Post job cleanup.
analyze	Post Setup Flutter	2026-09-19T01:57:32.8916688Z Cache hit occurred on the primary key flutter-linux-stable-3.47.5-x64-6a19cca56475dbfba1478ee68d7bd0c2ef891da1, not saving cache.
analyze	Post Setup Flutter	2026-09-19T01:57:32.8948564Z ##[end-action id=__3ab9824c-49f9-4dba-af47-76e70270b0cf.cache-flutter;outcome=success;conclusion=success;duration_ms=109]
analyze	Post Checkout	﻿2026-09-19T01:57:32.9011624Z Post job cleanup.
analyze	Post Checkout	2026-09-19T01:57:32.9728062Z [command]/usr/bin/git version
analyze	Post Checkout	2026-09-19T01:57:32.9766029Z git version 2.55.0
analyze	Post Checkout	2026-09-19T01:57:32.9800082Z Temporarily overriding HOME='/home/runner/work/_temp/5ef74026-4474-45db-b00f-25f27db9a614' before making global git config changes
analyze	Post Checkout	2026-09-19T01:57:32.9801100Z Adding repository directory to the temporary git global config as a safe directory
analyze	Post Checkout	2026-09-19T01:57:32.9806054Z [command]/usr/bin/git config --global --add safe.directory /home/runner/work/pos_v2/pos_v2
analyze	Post Checkout	2026-09-19T01:57:32.9850044Z [command]/usr/bin/git config --local --name-only --get-regexp core\.sshCommand
analyze	Post Checkout	2026-09-19T01:57:32.9868445Z [command]/usr/bin/git submodule foreach --recursive sh -c "git config --local --name-only --get-regexp 'core\.sshCommand' && git config --local --unset-all 'core.sshCommand' || :"
analyze	Post Checkout	2026-09-19T01:57:33.0077420Z [command]/usr/bin/git config --local --name-only --get-regexp http\.https\:\/\/github\.com\/\.extraheader
analyze	Post Checkout	2026-09-19T01:57:33.0079205Z http.https://github.com/.extraheader
analyze	Post Checkout	2026-09-19T01:57:33.0128934Z [command]/usr/bin/git config --local --unset-all http.https://github.com/.extraheader
analyze	Post Checkout	2026-09-19T01:57:33.0186233Z [command]/usr/bin/git submodule foreach --recursive sh -c "git config --local --name-only --get-regexp 'http\.https\:\/\/github\.com\/\.extraheader' && git config --local --unset-all 'http.https://github.com/.extraheader' || :"
analyze	Post Checkout	2026-09-19T01:57:33.0289823Z [command]/usr/bin/git config --local --name-only --get-regexp ^includeIf\.gitdir:
analyze	Post Checkout	2026-09-19T01:57:33.0312551Z [command]/usr/bin/git submodule foreach --recursive git config --local --show-origin --name-only --get-regexp remote.origin.url
analyze	Complete job	﻿2026-09-19T01:57:33.0614242Z Cleaning up orphan processes
