analyze	Set up job	﻿2026-09-19T16:32:10.4103055Z Current runner version: '2.337.0'
analyze	Set up job	2026-09-19T16:32:10.4130306Z ##[group]Runner Image Provisioner
analyze	Set up job	2026-09-19T16:32:10.4131247Z Hosted Compute Agent
analyze	Set up job	2026-09-19T16:32:10.4131910Z Version: 20260828.587
analyze	Set up job	2026-09-19T16:32:10.4132564Z Commit: abac92662cab4cc7352de4f9f9d2e2419aad9c29
analyze	Set up job	2026-09-19T16:32:10.4133278Z Build Date: 2026-08-28T16:44:25Z
analyze	Set up job	2026-09-19T16:32:10.4134282Z Worker ID: {a44535a4-9e30-4ac1-9bfd-30ece70e0f6d}
analyze	Set up job	2026-09-19T16:32:10.4135070Z Azure Region: westcentralus
analyze	Set up job	2026-09-19T16:32:10.4135725Z ##[endgroup]
analyze	Set up job	2026-09-19T16:32:10.4137409Z ##[group]Operating System
analyze	Set up job	2026-09-19T16:32:10.4138051Z Ubuntu
analyze	Set up job	2026-09-19T16:32:10.4138644Z 24.04.5
analyze	Set up job	2026-09-19T16:32:10.4139179Z LTS
analyze	Set up job	2026-09-19T16:32:10.4139712Z ##[endgroup]
analyze	Set up job	2026-09-19T16:32:10.4140296Z ##[group]Runner Image
analyze	Set up job	2026-09-19T16:32:10.4140888Z Image: ubuntu-24.04
analyze	Set up job	2026-09-19T16:32:10.4141535Z Version: 20260907.300.1
analyze	Set up job	2026-09-19T16:32:10.4142664Z Included Software: https://github.com/actions/runner-images/blob/ubuntu24/20260907.300/images/ubuntu/Ubuntu2404-Readme.md
analyze	Set up job	2026-09-19T16:32:10.4144712Z Image Release: https://github.com/actions/runner-images/releases/tag/ubuntu24%2F20260907.300
analyze	Set up job	2026-09-19T16:32:10.4145686Z ##[endgroup]
analyze	Set up job	2026-09-19T16:32:10.4146838Z ##[group]GITHUB_TOKEN Permissions
analyze	Set up job	2026-09-19T16:32:10.4148935Z Contents: write
analyze	Set up job	2026-09-19T16:32:10.4150006Z Metadata: read
analyze	Set up job	2026-09-19T16:32:10.4150580Z ##[endgroup]
analyze	Set up job	2026-09-19T16:32:10.4152690Z Secret source: Actions
analyze	Set up job	2026-09-19T16:32:10.4153757Z Cache mode: write
analyze	Set up job	2026-09-19T16:32:10.4155048Z Prepare workflow directory
analyze	Set up job	2026-09-19T16:32:10.4502995Z Prepare all required actions
analyze	Set up job	2026-09-19T16:32:10.4551851Z Getting action download info
analyze	Set up job	2026-09-19T16:32:10.7490776Z Download action repository 'actions/checkout@v5' (SHA:fbc6f3992d24b796d5a048ff273f7fcc4a7b6c09)
analyze	Set up job	2026-09-19T16:32:10.8531582Z Download action repository 'subosito/flutter-action@v2' (SHA:1a449444c387b1966244ae4d4f8c696479add0b2)
analyze	Set up job	2026-09-19T16:32:11.3293213Z Getting action download info
analyze	Set up job	2026-09-19T16:32:11.4295830Z Download action repository 'actions/cache@v5' (SHA:caa296126883cff596d87d8935842f9db880ef25)
analyze	Set up job	2026-09-19T16:32:11.5694500Z Complete job name: analyze
analyze	Checkout	﻿2026-09-19T16:32:11.6480529Z ##[group]Run actions/checkout@v5
analyze	Checkout	2026-09-19T16:32:11.6481412Z with:
analyze	Checkout	2026-09-19T16:32:11.6485551Z   token: ***
analyze	Checkout	2026-09-19T16:32:11.6486000Z   repository: YusuP28/pos_v2
analyze	Checkout	2026-09-19T16:32:11.6486493Z   ssh-strict: true
analyze	Checkout	2026-09-19T16:32:11.6486925Z   ssh-user: git
analyze	Checkout	2026-09-19T16:32:11.6487369Z   persist-credentials: true
analyze	Checkout	2026-09-19T16:32:11.6487858Z   clean: true
analyze	Checkout	2026-09-19T16:32:11.6488295Z   sparse-checkout-cone-mode: true
analyze	Checkout	2026-09-19T16:32:11.6488820Z   fetch-depth: 1
analyze	Checkout	2026-09-19T16:32:11.6489233Z   fetch-tags: false
analyze	Checkout	2026-09-19T16:32:11.6489670Z   show-progress: true
analyze	Checkout	2026-09-19T16:32:11.6490108Z   lfs: false
analyze	Checkout	2026-09-19T16:32:11.6490503Z   submodules: false
analyze	Checkout	2026-09-19T16:32:11.6490943Z   set-safe-directory: true
analyze	Checkout	2026-09-19T16:32:11.6491441Z   allow-unsafe-pr-checkout: false
analyze	Checkout	2026-09-19T16:32:11.6492204Z ##[endgroup]
analyze	Checkout	2026-09-19T16:32:11.7507316Z Syncing repository: YusuP28/pos_v2
analyze	Checkout	2026-09-19T16:32:11.7509587Z ##[group]Getting Git version info
analyze	Checkout	2026-09-19T16:32:11.7510323Z Working directory is '/home/runner/work/pos_v2/pos_v2'
analyze	Checkout	2026-09-19T16:32:11.7511371Z [command]/usr/bin/git version
analyze	Checkout	2026-09-19T16:32:11.7592408Z git version 2.55.0
analyze	Checkout	2026-09-19T16:32:11.7618511Z ##[endgroup]
analyze	Checkout	2026-09-19T16:32:11.7646920Z Temporarily overriding HOME='/home/runner/work/_temp/e84ab48a-0005-45f4-9005-4596e66260bd' before making global git config changes
analyze	Checkout	2026-09-19T16:32:11.7649322Z Adding repository directory to the temporary git global config as a safe directory
analyze	Checkout	2026-09-19T16:32:11.7651224Z [command]/usr/bin/git config --global --add safe.directory /home/runner/work/pos_v2/pos_v2
analyze	Checkout	2026-09-19T16:32:11.7725248Z Deleting the contents of '/home/runner/work/pos_v2/pos_v2'
analyze	Checkout	2026-09-19T16:32:11.7726639Z ##[group]Initializing the repository
analyze	Checkout	2026-09-19T16:32:11.7727917Z [command]/usr/bin/git init /home/runner/work/pos_v2/pos_v2
analyze	Checkout	2026-09-19T16:32:11.7848025Z hint: Using 'master' as the name for the initial branch. This default branch name
analyze	Checkout	2026-09-19T16:32:11.7849646Z hint: will change to "main" in Git 3.0. To configure the initial branch name
analyze	Checkout	2026-09-19T16:32:11.7850658Z hint: to use in all of your new repositories, which will suppress this warning,
analyze	Checkout	2026-09-19T16:32:11.7851425Z hint: call:
analyze	Checkout	2026-09-19T16:32:11.7851825Z hint:
analyze	Checkout	2026-09-19T16:32:11.7852413Z hint: 	git config --global init.defaultBranch <name>
analyze	Checkout	2026-09-19T16:32:11.7853027Z hint:
analyze	Checkout	2026-09-19T16:32:11.7853610Z hint: Names commonly chosen instead of 'master' are 'main', 'trunk' and
analyze	Checkout	2026-09-19T16:32:11.7854735Z hint: 'development'. The just-created branch can be renamed via this command:
analyze	Checkout	2026-09-19T16:32:11.7855477Z hint:
analyze	Checkout	2026-09-19T16:32:11.7855889Z hint: 	git branch -m <name>
analyze	Checkout	2026-09-19T16:32:11.7858266Z hint:
analyze	Checkout	2026-09-19T16:32:11.7872044Z hint: Disable this message with "git config set advice.defaultBranchName false"
analyze	Checkout	2026-09-19T16:32:11.7873224Z Initialized empty Git repository in /home/runner/work/pos_v2/pos_v2/.git/
analyze	Checkout	2026-09-19T16:32:11.7875377Z [command]/usr/bin/git remote add origin https://github.com/YusuP28/pos_v2
analyze	Checkout	2026-09-19T16:32:11.7931959Z ##[endgroup]
analyze	Checkout	2026-09-19T16:32:11.7933391Z ##[group]Disabling automatic garbage collection
analyze	Checkout	2026-09-19T16:32:11.7935976Z [command]/usr/bin/git config --local gc.auto 0
analyze	Checkout	2026-09-19T16:32:11.7981683Z ##[endgroup]
analyze	Checkout	2026-09-19T16:32:11.7982969Z ##[group]Setting up auth
analyze	Checkout	2026-09-19T16:32:11.7992777Z [command]/usr/bin/git config --local --name-only --get-regexp core\.sshCommand
analyze	Checkout	2026-09-19T16:32:11.8026547Z [command]/usr/bin/git submodule foreach --recursive sh -c "git config --local --name-only --get-regexp 'core\.sshCommand' && git config --local --unset-all 'core.sshCommand' || :"
analyze	Checkout	2026-09-19T16:32:11.8447072Z [command]/usr/bin/git config --local --name-only --get-regexp http\.https\:\/\/github\.com\/\.extraheader
analyze	Checkout	2026-09-19T16:32:11.8477818Z [command]/usr/bin/git submodule foreach --recursive sh -c "git config --local --name-only --get-regexp 'http\.https\:\/\/github\.com\/\.extraheader' && git config --local --unset-all 'http.https://github.com/.extraheader' || :"
analyze	Checkout	2026-09-19T16:32:11.8714464Z [command]/usr/bin/git config --local --name-only --get-regexp ^includeIf\.gitdir:
analyze	Checkout	2026-09-19T16:32:11.8753218Z [command]/usr/bin/git submodule foreach --recursive git config --local --show-origin --name-only --get-regexp remote.origin.url
analyze	Checkout	2026-09-19T16:32:11.8992613Z [command]/usr/bin/git config --local http.https://github.com/.extraheader AUTHORIZATION: basic ***
analyze	Checkout	2026-09-19T16:32:11.9035385Z ##[endgroup]
analyze	Checkout	2026-09-19T16:32:11.9036701Z ##[group]Fetching the repository
analyze	Checkout	2026-09-19T16:32:11.9046033Z [command]/usr/bin/git -c protocol.version=2 fetch --no-tags --prune --no-recurse-submodules --depth=1 origin +46d023b4b8e6489ddfc76eaa5de30612f7628574:refs/remotes/origin/main
analyze	Checkout	2026-09-19T16:32:12.5343196Z From https://github.com/YusuP28/pos_v2
analyze	Checkout	2026-09-19T16:32:12.5344998Z  * [new ref]         46d023b4b8e6489ddfc76eaa5de30612f7628574 -> origin/main
analyze	Checkout	2026-09-19T16:32:12.5348742Z ##[endgroup]
analyze	Checkout	2026-09-19T16:32:12.5350155Z ##[group]Determining the checkout info
analyze	Checkout	2026-09-19T16:32:12.5352070Z ##[endgroup]
analyze	Checkout	2026-09-19T16:32:12.5357530Z [command]/usr/bin/git sparse-checkout disable
analyze	Checkout	2026-09-19T16:32:12.5413466Z [command]/usr/bin/git config --local --unset-all extensions.worktreeConfig
analyze	Checkout	2026-09-19T16:32:12.5448935Z ##[group]Checking out the ref
analyze	Checkout	2026-09-19T16:32:12.5453208Z [command]/usr/bin/git checkout --progress --force -B main refs/remotes/origin/main
analyze	Checkout	2026-09-19T16:32:12.5598535Z Switched to a new branch 'main'
analyze	Checkout	2026-09-19T16:32:12.5605718Z branch 'main' set up to track 'origin/main'.
analyze	Checkout	2026-09-19T16:32:12.5610767Z ##[endgroup]
analyze	Checkout	2026-09-19T16:32:12.5658472Z [command]/usr/bin/git log -1 --format=%H
analyze	Checkout	2026-09-19T16:32:12.5688671Z 46d023b4b8e6489ddfc76eaa5de30612f7628574
analyze	Setup Flutter	﻿2026-09-19T16:32:12.6472158Z ##[group]Run subosito/flutter-action@v2
analyze	Setup Flutter	2026-09-19T16:32:12.6473497Z with:
analyze	Setup Flutter	2026-09-19T16:32:12.6474557Z   channel: stable
analyze	Setup Flutter	2026-09-19T16:32:12.6475499Z   cache: true
analyze	Setup Flutter	2026-09-19T16:32:12.6476389Z   architecture: X64
analyze	Setup Flutter	2026-09-19T16:32:12.6477367Z   pub-cache-path: default
analyze	Setup Flutter	2026-09-19T16:32:12.6478382Z   dry-run: false
analyze	Setup Flutter	2026-09-19T16:32:12.6479725Z   git-source: https://github.com/flutter/flutter.git
analyze	Setup Flutter	2026-09-19T16:32:12.6481060Z ##[endgroup]
analyze	Setup Flutter	2026-09-19T16:32:12.6559605Z ##[start-action display=Make yq tool available on Windows runners;id=__subosito_flutter-action.__run]
analyze	Setup Flutter	2026-09-19T16:32:12.6600162Z ##[end-action id=__subosito_flutter-action.__run;outcome=skipped;conclusion=skipped;duration_ms=0]
analyze	Setup Flutter	2026-09-19T16:32:12.6607716Z ##[start-action display=Make setup script executable;id=__subosito_flutter-action.__run_2]
analyze	Setup Flutter	2026-09-19T16:32:12.6671613Z ##[group]Run chmod +x "$GITHUB_ACTION_PATH/setup.sh"
analyze	Setup Flutter	2026-09-19T16:32:12.6673199Z ^[[36;1mchmod +x "$GITHUB_ACTION_PATH/setup.sh"^[[0m
analyze	Setup Flutter	2026-09-19T16:32:12.6718742Z shell: /usr/bin/bash --noprofile --norc -e -o pipefail {0}
analyze	Setup Flutter	2026-09-19T16:32:12.6720310Z ##[endgroup]
analyze	Setup Flutter	2026-09-19T16:32:12.6893291Z ##[end-action id=__subosito_flutter-action.__run_2;outcome=success;conclusion=success;duration_ms=28]
analyze	Setup Flutter	2026-09-19T16:32:12.6905439Z ##[start-action display=Set action inputs;id=__subosito_flutter-action.flutter-action]
analyze	Setup Flutter	2026-09-19T16:32:12.6981981Z ##[group]Run $GITHUB_ACTION_PATH/setup.sh -p \
analyze	Setup Flutter	2026-09-19T16:32:12.6983432Z ^[[36;1m$GITHUB_ACTION_PATH/setup.sh -p \^[[0m
analyze	Setup Flutter	2026-09-19T16:32:12.6984920Z ^[[36;1m  -n '' \^[[0m
analyze	Setup Flutter	2026-09-19T16:32:12.6985833Z ^[[36;1m  -f '' \^[[0m
analyze	Setup Flutter	2026-09-19T16:32:12.6986727Z ^[[36;1m  -a 'X64' \^[[0m
analyze	Setup Flutter	2026-09-19T16:32:12.6987651Z ^[[36;1m  -k '' \^[[0m
analyze	Setup Flutter	2026-09-19T16:32:12.6988557Z ^[[36;1m  -c '' \^[[0m
analyze	Setup Flutter	2026-09-19T16:32:12.6989443Z ^[[36;1m  -l '' \^[[0m
analyze	Setup Flutter	2026-09-19T16:32:12.6990354Z ^[[36;1m  -d 'default' \^[[0m
analyze	Setup Flutter	2026-09-19T16:32:12.6991583Z ^[[36;1m  -g 'https://github.com/flutter/flutter.git' \^[[0m
analyze	Setup Flutter	2026-09-19T16:32:12.6992892Z ^[[36;1m  stable^[[0m
analyze	Setup Flutter	2026-09-19T16:32:12.7032120Z shell: /usr/bin/bash --noprofile --norc -e -o pipefail {0}
analyze	Setup Flutter	2026-09-19T16:32:12.7033538Z ##[endgroup]
analyze	Setup Flutter	2026-09-19T16:32:12.9322283Z ##[end-action id=__subosito_flutter-action.flutter-action;outcome=success;conclusion=success;duration_ms=241]
analyze	Setup Flutter	2026-09-19T16:32:12.9328461Z ##[start-action display=Cache Flutter;id=__subosito_flutter-action.cache-flutter]
analyze	Setup Flutter	2026-09-19T16:32:12.9385610Z ##[group]Run actions/cache@v5
analyze	Setup Flutter	2026-09-19T16:32:12.9385971Z with:
analyze	Setup Flutter	2026-09-19T16:32:12.9386288Z   path: /opt/hostedtoolcache/flutter/stable-3.47.5-x64
analyze	Setup Flutter	2026-09-19T16:32:12.9386840Z   key: flutter-linux-stable-3.47.5-x64-6a19cca56475dbfba1478ee68d7bd0c2ef891da1
analyze	Setup Flutter	2026-09-19T16:32:12.9387341Z   enableCrossOsArchive: false
analyze	Setup Flutter	2026-09-19T16:32:12.9387654Z   fail-on-cache-miss: false
analyze	Setup Flutter	2026-09-19T16:32:12.9387941Z   lookup-only: false
analyze	Setup Flutter	2026-09-19T16:32:12.9388208Z   save-always: false
analyze	Setup Flutter	2026-09-19T16:32:12.9388463Z ##[endgroup]
analyze	Setup Flutter	2026-09-19T16:32:13.2449633Z Cache hit for: flutter-linux-stable-3.47.5-x64-6a19cca56475dbfba1478ee68d7bd0c2ef891da1
analyze	Setup Flutter	2026-09-19T16:32:14.4625253Z Received 37748736 of 1720502499 (2.2%), 36.0 MBs/sec
analyze	Setup Flutter	2026-09-19T16:32:15.4633887Z Received 201326592 of 1720502499 (11.7%), 95.9 MBs/sec
analyze	Setup Flutter	2026-09-19T16:32:16.4632720Z Received 398458880 of 1720502499 (23.2%), 126.6 MBs/sec
analyze	Setup Flutter	2026-09-19T16:32:17.4639273Z Received 570425344 of 1720502499 (33.2%), 135.9 MBs/sec
analyze	Setup Flutter	2026-09-19T16:32:18.4644828Z Received 750780416 of 1720502499 (43.6%), 143.1 MBs/sec
analyze	Setup Flutter	2026-09-19T16:32:19.4735511Z Received 935329792 of 1720502499 (54.4%), 148.5 MBs/sec
analyze	Setup Flutter	2026-09-19T16:32:20.4695540Z Received 1073741824 of 1720502499 (62.4%), 146.2 MBs/sec
analyze	Setup Flutter	2026-09-19T16:32:21.4673058Z Received 1245708288 of 1720502499 (72.4%), 148.4 MBs/sec
analyze	Setup Flutter	2026-09-19T16:32:22.4725587Z Received 1417674752 of 1720502499 (82.4%), 150.1 MBs/sec
analyze	Setup Flutter	2026-09-19T16:32:23.4679203Z Received 1585446912 of 1720502499 (92.2%), 151.1 MBs/sec
analyze	Setup Flutter	2026-09-19T16:32:24.4124730Z Received 1720502499 of 1720502499 (100.0%), 149.8 MBs/sec
analyze	Setup Flutter	2026-09-19T16:32:24.4127452Z Cache Size: ~1641 MB (1720502499 B)
analyze	Setup Flutter	2026-09-19T16:32:24.4221659Z [command]/usr/bin/tar -xf /home/runner/work/_temp/1f5091e5-6737-4f07-84cf-8b112f99c8a1/cache.tzst -P -C /home/runner/work/pos_v2/pos_v2 --use-compress-program unzstd
analyze	Setup Flutter	2026-09-19T16:32:29.2615177Z Cache restored successfully
analyze	Setup Flutter	2026-09-19T16:32:29.3430101Z Cache restored from key: flutter-linux-stable-3.47.5-x64-6a19cca56475dbfba1478ee68d7bd0c2ef891da1
analyze	Setup Flutter	2026-09-19T16:32:29.3571299Z ##[end-action id=__subosito_flutter-action.cache-flutter;outcome=success;conclusion=success;duration_ms=16424]
analyze	Setup Flutter	2026-09-19T16:32:29.3576031Z ##[start-action display=Cache pub dependencies;id=__subosito_flutter-action.cache-pub]
analyze	Setup Flutter	2026-09-19T16:32:29.5793332Z ##[group]Run actions/cache@v5
analyze	Setup Flutter	2026-09-19T16:32:29.5793619Z with:
analyze	Setup Flutter	2026-09-19T16:32:29.5793846Z   path: /home/runner/.pub-cache
analyze	Setup Flutter	2026-09-19T16:32:29.5794921Z   key: flutter-pub-linux-stable-3.47.5-x64-6a19cca56475dbfba1478ee68d7bd0c2ef891da1-45cbea64a265a1561aaf1b2be4893b24aac76a6c032a1c127417a109129f309b
analyze	Setup Flutter	2026-09-19T16:32:29.5795712Z   enableCrossOsArchive: false
analyze	Setup Flutter	2026-09-19T16:32:29.5795974Z   fail-on-cache-miss: false
analyze	Setup Flutter	2026-09-19T16:32:29.5796238Z   lookup-only: false
analyze	Setup Flutter	2026-09-19T16:32:29.5796458Z   save-always: false
analyze	Setup Flutter	2026-09-19T16:32:29.5796677Z ##[endgroup]
analyze	Setup Flutter	2026-09-19T16:32:29.8865535Z Cache hit for: flutter-pub-linux-stable-3.47.5-x64-6a19cca56475dbfba1478ee68d7bd0c2ef891da1-45cbea64a265a1561aaf1b2be4893b24aac76a6c032a1c127417a109129f309b
analyze	Setup Flutter	2026-09-19T16:32:31.0993309Z Received 29360128 of 81357720 (36.1%), 28.0 MBs/sec
analyze	Setup Flutter	2026-09-19T16:32:31.4611309Z Received 81357720 of 81357720 (100.0%), 57.0 MBs/sec
analyze	Setup Flutter	2026-09-19T16:32:31.4615435Z Cache Size: ~78 MB (81357720 B)
analyze	Setup Flutter	2026-09-19T16:32:31.4751594Z [command]/usr/bin/tar -xf /home/runner/work/_temp/9dffcfe9-b34e-47a9-9ea4-9dc205014cd0/cache.tzst -P -C /home/runner/work/pos_v2/pos_v2 --use-compress-program unzstd
analyze	Setup Flutter	2026-09-19T16:32:32.5450808Z Cache restored successfully
analyze	Setup Flutter	2026-09-19T16:32:32.5573429Z Cache restored from key: flutter-pub-linux-stable-3.47.5-x64-6a19cca56475dbfba1478ee68d7bd0c2ef891da1-45cbea64a265a1561aaf1b2be4893b24aac76a6c032a1c127417a109129f309b
analyze	Setup Flutter	2026-09-19T16:32:32.5661612Z ##[end-action id=__subosito_flutter-action.cache-pub;outcome=success;conclusion=success;duration_ms=3208]
analyze	Setup Flutter	2026-09-19T16:32:32.5665475Z ##[start-action display=Run setup script;id=__subosito_flutter-action.__run_3]
analyze	Setup Flutter	2026-09-19T16:32:32.5701013Z ##[group]Run $GITHUB_ACTION_PATH/setup.sh \
analyze	Setup Flutter	2026-09-19T16:32:32.5701395Z ^[[36;1m$GITHUB_ACTION_PATH/setup.sh \^[[0m
analyze	Setup Flutter	2026-09-19T16:32:32.5701677Z ^[[36;1m  -n '3.47.5' \^[[0m
analyze	Setup Flutter	2026-09-19T16:32:32.5701914Z ^[[36;1m  -a 'x64' \^[[0m
analyze	Setup Flutter	2026-09-19T16:32:32.5702231Z ^[[36;1m  -c '/opt/hostedtoolcache/flutter/stable-3.47.5-x64' \^[[0m
analyze	Setup Flutter	2026-09-19T16:32:32.5702605Z ^[[36;1m  -d '/home/runner/.pub-cache' \^[[0m
analyze	Setup Flutter	2026-09-19T16:32:32.5702902Z ^[[36;1m  stable^[[0m
analyze	Setup Flutter	2026-09-19T16:32:32.5741241Z shell: /usr/bin/bash --noprofile --norc -e -o pipefail {0}
analyze	Setup Flutter	2026-09-19T16:32:32.5741606Z ##[endgroup]
analyze	Setup Flutter	2026-09-19T16:32:32.7800135Z ##[end-action id=__subosito_flutter-action.__run_3;outcome=success;conclusion=success;duration_ms=213]
analyze	Get Dependencies	﻿2026-09-19T16:32:32.7861180Z ##[group]Run flutter pub get
analyze	Get Dependencies	2026-09-19T16:32:32.7861511Z ^[[36;1mflutter pub get^[[0m
analyze	Get Dependencies	2026-09-19T16:32:32.7902702Z shell: /usr/bin/bash -e {0}
analyze	Get Dependencies	2026-09-19T16:32:32.7902990Z env:
analyze	Get Dependencies	2026-09-19T16:32:32.7903306Z   FLUTTER_ROOT: /opt/hostedtoolcache/flutter/stable-3.47.5-x64/flutter
analyze	Get Dependencies	2026-09-19T16:32:32.7903721Z   PUB_CACHE: /home/runner/.pub-cache
analyze	Get Dependencies	2026-09-19T16:32:32.7904008Z ##[endgroup]
analyze	Get Dependencies	2026-09-19T16:32:33.1845063Z Resolving dependencies...
analyze	Get Dependencies	2026-09-19T16:32:33.3159603Z Downloading packages...
analyze	Get Dependencies	2026-09-19T16:32:33.4191874Z   archive 3.6.1 (4.3.0 available)
analyze	Get Dependencies	2026-09-19T16:32:33.4192497Z   dbus 0.7.15 (0.8.0 available)
analyze	Get Dependencies	2026-09-19T16:32:33.4192970Z   flutter_blue_plus 1.36.8 (2.3.12 available)
analyze	Get Dependencies	2026-09-19T16:32:33.4193519Z   flutter_blue_plus_android 7.0.4 (9.0.3 available)
analyze	Get Dependencies	2026-09-19T16:32:33.4194359Z   flutter_blue_plus_darwin 7.0.3 (9.0.4 available)
analyze	Get Dependencies	2026-09-19T16:32:33.4194938Z   flutter_blue_plus_linux 7.0.3 (9.0.3 available)
analyze	Get Dependencies	2026-09-19T16:32:33.4195541Z   flutter_blue_plus_platform_interface 7.0.0 (9.0.3 available)
analyze	Get Dependencies	2026-09-19T16:32:33.4196263Z   flutter_blue_plus_web 7.0.2 (9.0.3 available)
analyze	Get Dependencies	2026-09-19T16:32:33.4196762Z   flutter_lints 5.0.0 (6.0.0 available)
analyze	Get Dependencies	2026-09-19T16:32:33.4197193Z   image 3.3.0 (4.10.1 available)
analyze	Get Dependencies	2026-09-19T16:32:33.4197578Z   lints 5.1.1 (6.1.0 available)
analyze	Get Dependencies	2026-09-19T16:32:33.4198013Z   material_color_utilities 0.13.0 (0.13.1 available)
analyze	Get Dependencies	2026-09-19T16:32:33.4198881Z   package_info_plus 8.3.1 (10.2.1 available)
analyze	Get Dependencies	2026-09-19T16:32:33.4199466Z   package_info_plus_platform_interface 3.2.1 (4.1.0 available)
analyze	Get Dependencies	2026-09-19T16:32:33.4200013Z   qr 3.0.2 (4.0.0 available)
analyze	Get Dependencies	2026-09-19T16:32:33.4200381Z   test_api 0.7.12 (0.7.14 available)
analyze	Get Dependencies	2026-09-19T16:32:33.4200776Z   win32 5.15.0 (6.4.0 available)
analyze	Get Dependencies	2026-09-19T16:32:33.4201176Z   xml 6.6.1 (7.0.1 available)
analyze	Get Dependencies	2026-09-19T16:32:33.4201631Z Got dependencies!
analyze	Get Dependencies	2026-09-19T16:32:33.4202220Z 18 packages have newer versions incompatible with dependency constraints.
analyze	Get Dependencies	2026-09-19T16:32:33.4202942Z Try `flutter pub outdated` for more information.
analyze	Analyze (Before)	﻿2026-09-19T16:32:33.6960190Z ##[group]Run echo "=== ANALYZE SEBELUM FIX ==="
analyze	Analyze (Before)	2026-09-19T16:32:33.6960604Z ^[[36;1mecho "=== ANALYZE SEBELUM FIX ==="^[[0m
analyze	Analyze (Before)	2026-09-19T16:32:33.6961022Z ^[[36;1mflutter analyze --no-fatal-infos --no-fatal-warnings || true^[[0m
analyze	Analyze (Before)	2026-09-19T16:32:33.6998050Z shell: /usr/bin/bash -e {0}
analyze	Analyze (Before)	2026-09-19T16:32:33.6998323Z env:
analyze	Analyze (Before)	2026-09-19T16:32:33.6998663Z   FLUTTER_ROOT: /opt/hostedtoolcache/flutter/stable-3.47.5-x64/flutter
analyze	Analyze (Before)	2026-09-19T16:32:33.6999084Z   PUB_CACHE: /home/runner/.pub-cache
analyze	Analyze (Before)	2026-09-19T16:32:33.6999362Z ##[endgroup]
analyze	Analyze (Before)	2026-09-19T16:32:33.7058684Z === ANALYZE SEBELUM FIX ===
analyze	Analyze (Before)	2026-09-19T16:32:33.8617676Z Resolving dependencies...
analyze	Analyze (Before)	2026-09-19T16:32:33.9862416Z Downloading packages...
analyze	Analyze (Before)	2026-09-19T16:32:34.0851307Z   archive 3.6.1 (4.3.0 available)
analyze	Analyze (Before)	2026-09-19T16:32:34.0851723Z   dbus 0.7.15 (0.8.0 available)
analyze	Analyze (Before)	2026-09-19T16:32:34.0852188Z   flutter_blue_plus 1.36.8 (2.3.12 available)
analyze	Analyze (Before)	2026-09-19T16:32:34.0852619Z   flutter_blue_plus_android 7.0.4 (9.0.3 available)
analyze	Analyze (Before)	2026-09-19T16:32:34.0852986Z   flutter_blue_plus_darwin 7.0.3 (9.0.4 available)
analyze	Analyze (Before)	2026-09-19T16:32:34.0853412Z   flutter_blue_plus_linux 7.0.3 (9.0.3 available)
analyze	Analyze (Before)	2026-09-19T16:32:34.0853804Z   flutter_blue_plus_platform_interface 7.0.0 (9.0.3 available)
analyze	Analyze (Before)	2026-09-19T16:32:34.0854484Z   flutter_blue_plus_web 7.0.2 (9.0.3 available)
analyze	Analyze (Before)	2026-09-19T16:32:34.0854800Z   flutter_lints 5.0.0 (6.0.0 available)
analyze	Analyze (Before)	2026-09-19T16:32:34.0855100Z   image 3.3.0 (4.10.1 available)
analyze	Analyze (Before)	2026-09-19T16:32:34.0855354Z   lints 5.1.1 (6.1.0 available)
analyze	Analyze (Before)	2026-09-19T16:32:34.0855642Z   material_color_utilities 0.13.0 (0.13.1 available)
analyze	Analyze (Before)	2026-09-19T16:32:34.0855979Z   package_info_plus 8.3.1 (10.2.1 available)
analyze	Analyze (Before)	2026-09-19T16:32:34.0856343Z   package_info_plus_platform_interface 3.2.1 (4.1.0 available)
analyze	Analyze (Before)	2026-09-19T16:32:34.0856693Z   qr 3.0.2 (4.0.0 available)
analyze	Analyze (Before)	2026-09-19T16:32:34.0856949Z   test_api 0.7.12 (0.7.14 available)
analyze	Analyze (Before)	2026-09-19T16:32:34.0857214Z   win32 5.15.0 (6.4.0 available)
analyze	Analyze (Before)	2026-09-19T16:32:34.0857471Z   xml 6.6.1 (7.0.1 available)
analyze	Analyze (Before)	2026-09-19T16:32:34.0857905Z Got dependencies!
analyze	Analyze (Before)	2026-09-19T16:32:34.0858396Z 18 packages have newer versions incompatible with dependency constraints.
analyze	Analyze (Before)	2026-09-19T16:32:34.0858838Z Try `flutter pub outdated` for more information.
analyze	Analyze (Before)	2026-09-19T16:32:46.4487547Z Analyzing pos_v2...                                             
analyze	Analyze (Before)	2026-09-19T16:32:46.4494886Z 
analyze	Analyze (Before)	2026-09-19T16:32:46.4520130Z    info • Don't use 'BuildContext's across async gaps. Try rewriting the code to not use the 'BuildContext', or guard the use with a 'mounted' check • lib/views/category_list_view.dart:19:28 • use_build_context_synchronously
analyze	Analyze (Before)	2026-09-19T16:32:46.4523105Z    info • Don't use 'BuildContext's across async gaps. Try rewriting the code to not use the 'BuildContext', or guard the use with a 'mounted' check • lib/views/expense_view.dart:184:23 • use_build_context_synchronously
analyze	Analyze (Before)	2026-09-19T16:32:46.4525752Z    info • Don't use 'BuildContext's across async gaps. Try rewriting the code to not use the 'BuildContext', or guard the use with a 'mounted' check • lib/views/expense_view.dart:185:7 • use_build_context_synchronously
analyze	Analyze (Before)	2026-09-19T16:32:46.4535426Z    info • Don't use 'BuildContext's across async gaps. Try rewriting the code to not use the 'BuildContext', or guard the use with a 'mounted' check • lib/views/expense_view.dart:255:11 • use_build_context_synchronously
analyze	Analyze (Before)	2026-09-19T16:32:46.4550472Z    info • Don't use 'BuildContext's across async gaps. Try rewriting the code to not use the 'BuildContext', or guard the use with a 'mounted' check • lib/views/home_view.dart:38:20 • use_build_context_synchronously
analyze	Analyze (Before)	2026-09-19T16:32:46.4556280Z    info • Don't use 'BuildContext's across async gaps. Try rewriting the code to not use the 'BuildContext', or guard the use with a 'mounted' check • lib/views/home_view.dart:39:7 • use_build_context_synchronously
analyze	Analyze (Before)	2026-09-19T16:32:46.4559434Z    info • Don't use 'BuildContext's across async gaps. Try rewriting the code to not use the 'BuildContext', or guard the use with a 'mounted' check • lib/views/home_view.dart:42:7 • use_build_context_synchronously
analyze	Analyze (Before)	2026-09-19T16:32:46.4583334Z    info • Don't use 'BuildContext's across async gaps. Try rewriting the code to not use the 'BuildContext', or guard the use with a 'mounted' check • lib/views/home_view.dart:45:7 • use_build_context_synchronously
analyze	Analyze (Before)	2026-09-19T16:32:46.4585503Z    info • Don't use 'BuildContext's across async gaps. Try rewriting the code to not use the 'BuildContext', or guard the use with a 'mounted' check • lib/views/info_toko_view.dart:33:13 • use_build_context_synchronously
analyze	Analyze (Before)	2026-09-19T16:32:46.4587063Z    info • Don't use 'BuildContext's across async gaps. Try rewriting the code to not use the 'BuildContext', or guard the use with a 'mounted' check • lib/views/info_toko_view.dart:63:13 • use_build_context_synchronously
analyze	Analyze (Before)	2026-09-19T16:32:46.4588580Z    info • Don't use 'BuildContext's across async gaps. Try rewriting the code to not use the 'BuildContext', or guard the use with a 'mounted' check • lib/views/info_toko_view.dart:78:13 • use_build_context_synchronously
analyze	Analyze (Before)	2026-09-19T16:32:46.4590155Z    info • Don't use 'BuildContext's across async gaps. Try rewriting the code to not use the 'BuildContext', or guard the use with a 'mounted' check • lib/views/printer_settings_view.dart:21:28 • use_build_context_synchronously
analyze	Analyze (Before)	2026-09-19T16:32:46.4591758Z    info • Don't use 'BuildContext's across async gaps. Try rewriting the code to not use the 'BuildContext', or guard the use with a 'mounted' check • lib/views/product_form_view.dart:49:28 • use_build_context_synchronously
analyze	Analyze (Before)	2026-09-19T16:32:46.4593298Z    info • Don't use 'BuildContext's across async gaps. Try rewriting the code to not use the 'BuildContext', or guard the use with a 'mounted' check • lib/views/product_list_view.dart:31:7 • use_build_context_synchronously
analyze	Analyze (Before)	2026-09-19T16:32:46.4595684Z    info • Don't use 'BuildContext's across async gaps. Try rewriting the code to not use the 'BuildContext', or guard the use with a 'mounted' check • lib/views/product_list_view.dart:32:7 • use_build_context_synchronously
analyze	Analyze (Before)	2026-09-19T16:32:46.4598289Z    info • Don't use 'BuildContext's across async gaps. Try rewriting the code to not use the 'BuildContext', or guard the use with a 'mounted' check • lib/views/product_list_view.dart:101:20 • use_build_context_synchronously
analyze	Analyze (Before)	2026-09-19T16:32:46.4600217Z    info • Don't use 'BuildContext's across async gaps, guarded by an unrelated 'mounted' check. Guard a 'State.context' use with a 'mounted' check on the State, and other BuildContext use with a 'mounted' check on the BuildContext • lib/views/product_list_view.dart:349:49 • use_build_context_synchronously
analyze	Analyze (Before)	2026-09-19T16:32:46.4602355Z    info • Don't use 'BuildContext's across async gaps, guarded by an unrelated 'mounted' check. Guard a 'State.context' use with a 'mounted' check on the State, and other BuildContext use with a 'mounted' check on the BuildContext • lib/views/product_list_view.dart:360:58 • use_build_context_synchronously
analyze	Analyze (Before)	2026-09-19T16:32:46.4604422Z    info • Don't use 'BuildContext's across async gaps. Try rewriting the code to not use the 'BuildContext', or guard the use with a 'mounted' check • lib/views/retail_pos_view.dart:34:7 • use_build_context_synchronously
analyze	Analyze (Before)	2026-09-19T16:32:46.4605963Z    info • Don't use 'BuildContext's across async gaps. Try rewriting the code to not use the 'BuildContext', or guard the use with a 'mounted' check • lib/views/retail_pos_view.dart:35:7 • use_build_context_synchronously
analyze	Analyze (Before)	2026-09-19T16:32:46.4607715Z    info • Don't use 'BuildContext's across async gaps. Try rewriting the code to not use the 'BuildContext', or guard the use with a 'mounted' check • lib/views/retail_pos_view.dart:36:7 • use_build_context_synchronously
analyze	Analyze (Before)	2026-09-19T16:32:46.4609212Z    info • Don't use 'BuildContext's across async gaps. Try rewriting the code to not use the 'BuildContext', or guard the use with a 'mounted' check • lib/views/retail_pos_view.dart:571:25 • use_build_context_synchronously
analyze	Analyze (Before)	2026-09-19T16:32:46.4610764Z    info • Don't use 'BuildContext's across async gaps. Try rewriting the code to not use the 'BuildContext', or guard the use with a 'mounted' check • lib/views/shift/shift_detail_view.dart:31:21 • use_build_context_synchronously
analyze	Analyze (Before)	2026-09-19T16:32:46.4612425Z    info • Don't use 'BuildContext's across async gaps. Try rewriting the code to not use the 'BuildContext', or guard the use with a 'mounted' check • lib/views/shift_view.dart:27:20 • use_build_context_synchronously
analyze	Analyze (Before)	2026-09-19T16:32:46.4613943Z    info • Don't use 'BuildContext's across async gaps. Try rewriting the code to not use the 'BuildContext', or guard the use with a 'mounted' check • lib/views/shift_view.dart:28:7 • use_build_context_synchronously
analyze	Analyze (Before)	2026-09-19T16:32:46.4615676Z    info • Don't use 'BuildContext's across async gaps. Try rewriting the code to not use the 'BuildContext', or guard the use with a 'mounted' check • lib/views/splash_view.dart:21:20 • use_build_context_synchronously
analyze	Analyze (Before)	2026-09-19T16:32:46.4617226Z    info • Don't use 'BuildContext's across async gaps. Try rewriting the code to not use the 'BuildContext', or guard the use with a 'mounted' check • lib/views/user/user_management_view.dart:22:28 • use_build_context_synchronously
analyze	Analyze (Before)	2026-09-19T16:32:46.4618821Z    info • Don't use 'BuildContext's across async gaps. Try rewriting the code to not use the 'BuildContext', or guard the use with a 'mounted' check • lib/views/user/user_management_view.dart:110:16 • use_build_context_synchronously
analyze	Analyze (Before)	2026-09-19T16:32:46.4620398Z    info • Don't use 'BuildContext's across async gaps. Try rewriting the code to not use the 'BuildContext', or guard the use with a 'mounted' check • lib/views/user/user_management_view.dart:166:27 • use_build_context_synchronously
analyze	Analyze (Before)	2026-09-19T16:32:46.4621979Z    info • Don't use 'BuildContext's across async gaps. Try rewriting the code to not use the 'BuildContext', or guard the use with a 'mounted' check • lib/views/user/user_management_view.dart:168:13 • use_build_context_synchronously
analyze	Analyze (Before)	2026-09-19T16:32:46.4622754Z 
analyze	Analyze (Before)	2026-09-19T16:32:46.4652625Z 30 issues found. (ran in 11.7s)
analyze	Analyze (After)	﻿2026-09-19T16:32:46.4768667Z ##[group]Run echo "=== ANALYZE SETELAH FIX ==="
analyze	Analyze (After)	2026-09-19T16:32:46.4769079Z ^[[36;1mecho "=== ANALYZE SETELAH FIX ==="^[[0m
analyze	Analyze (After)	2026-09-19T16:32:46.4769488Z ^[[36;1mflutter analyze --no-fatal-infos --no-fatal-warnings || true^[[0m
analyze	Analyze (After)	2026-09-19T16:32:46.4805733Z shell: /usr/bin/bash -e {0}
analyze	Analyze (After)	2026-09-19T16:32:46.4805998Z env:
analyze	Analyze (After)	2026-09-19T16:32:46.4806303Z   FLUTTER_ROOT: /opt/hostedtoolcache/flutter/stable-3.47.5-x64/flutter
analyze	Analyze (After)	2026-09-19T16:32:46.4806727Z   PUB_CACHE: /home/runner/.pub-cache
analyze	Analyze (After)	2026-09-19T16:32:46.4807007Z ##[endgroup]
analyze	Analyze (After)	2026-09-19T16:32:46.4861926Z === ANALYZE SETELAH FIX ===
analyze	Analyze (After)	2026-09-19T16:32:46.6315028Z Resolving dependencies...
analyze	Analyze (After)	2026-09-19T16:32:46.7511959Z Downloading packages...
analyze	Analyze (After)	2026-09-19T16:32:46.8439405Z   archive 3.6.1 (4.3.0 available)
analyze	Analyze (After)	2026-09-19T16:32:46.8439977Z   dbus 0.7.15 (0.8.0 available)
analyze	Analyze (After)	2026-09-19T16:32:46.8440446Z   flutter_blue_plus 1.36.8 (2.3.12 available)
analyze	Analyze (After)	2026-09-19T16:32:46.8441009Z   flutter_blue_plus_android 7.0.4 (9.0.3 available)
analyze	Analyze (After)	2026-09-19T16:32:46.8441587Z   flutter_blue_plus_darwin 7.0.3 (9.0.4 available)
analyze	Analyze (After)	2026-09-19T16:32:46.8442241Z   flutter_blue_plus_linux 7.0.3 (9.0.3 available)
analyze	Analyze (After)	2026-09-19T16:32:46.8442894Z   flutter_blue_plus_platform_interface 7.0.0 (9.0.3 available)
analyze	Analyze (After)	2026-09-19T16:32:46.8443516Z   flutter_blue_plus_web 7.0.2 (9.0.3 available)
analyze	Analyze (After)	2026-09-19T16:32:46.8444008Z   flutter_lints 5.0.0 (6.0.0 available)
analyze	Analyze (After)	2026-09-19T16:32:46.8444670Z   image 3.3.0 (4.10.1 available)
analyze	Analyze (After)	2026-09-19T16:32:46.8445397Z   lints 5.1.1 (6.1.0 available)
analyze	Analyze (After)	2026-09-19T16:32:46.8445859Z   material_color_utilities 0.13.0 (0.13.1 available)
analyze	Analyze (After)	2026-09-19T16:32:46.8446396Z   package_info_plus 8.3.1 (10.2.1 available)
analyze	Analyze (After)	2026-09-19T16:32:46.8447034Z   package_info_plus_platform_interface 3.2.1 (4.1.0 available)
analyze	Analyze (After)	2026-09-19T16:32:46.8447635Z   qr 3.0.2 (4.0.0 available)
analyze	Analyze (After)	2026-09-19T16:32:46.8448046Z   test_api 0.7.12 (0.7.14 available)
analyze	Analyze (After)	2026-09-19T16:32:46.8448487Z   win32 5.15.0 (6.4.0 available)
analyze	Analyze (After)	2026-09-19T16:32:46.8448910Z   xml 6.6.1 (7.0.1 available)
analyze	Analyze (After)	2026-09-19T16:32:46.8449322Z Got dependencies!
analyze	Analyze (After)	2026-09-19T16:32:46.8449890Z 18 packages have newer versions incompatible with dependency constraints.
analyze	Analyze (After)	2026-09-19T16:32:46.8450652Z Try `flutter pub outdated` for more information.
analyze	Analyze (After)	2026-09-19T16:32:55.8947954Z Analyzing pos_v2...                                             
analyze	Analyze (After)	2026-09-19T16:32:55.8955377Z 
analyze	Analyze (After)	2026-09-19T16:32:55.8980201Z    info • Don't use 'BuildContext's across async gaps. Try rewriting the code to not use the 'BuildContext', or guard the use with a 'mounted' check • lib/views/category_list_view.dart:19:28 • use_build_context_synchronously
analyze	Analyze (After)	2026-09-19T16:32:55.8982404Z    info • Don't use 'BuildContext's across async gaps. Try rewriting the code to not use the 'BuildContext', or guard the use with a 'mounted' check • lib/views/expense_view.dart:184:23 • use_build_context_synchronously
analyze	Analyze (After)	2026-09-19T16:32:55.8984482Z    info • Don't use 'BuildContext's across async gaps. Try rewriting the code to not use the 'BuildContext', or guard the use with a 'mounted' check • lib/views/expense_view.dart:185:7 • use_build_context_synchronously
analyze	Analyze (After)	2026-09-19T16:32:55.8986550Z    info • Don't use 'BuildContext's across async gaps. Try rewriting the code to not use the 'BuildContext', or guard the use with a 'mounted' check • lib/views/expense_view.dart:255:11 • use_build_context_synchronously
analyze	Analyze (After)	2026-09-19T16:32:55.8989381Z    info • Don't use 'BuildContext's across async gaps. Try rewriting the code to not use the 'BuildContext', or guard the use with a 'mounted' check • lib/views/home_view.dart:38:20 • use_build_context_synchronously
analyze	Analyze (After)	2026-09-19T16:32:55.8991283Z    info • Don't use 'BuildContext's across async gaps. Try rewriting the code to not use the 'BuildContext', or guard the use with a 'mounted' check • lib/views/home_view.dart:39:7 • use_build_context_synchronously
analyze	Analyze (After)	2026-09-19T16:32:55.8993069Z    info • Don't use 'BuildContext's across async gaps. Try rewriting the code to not use the 'BuildContext', or guard the use with a 'mounted' check • lib/views/home_view.dart:42:7 • use_build_context_synchronously
analyze	Analyze (After)	2026-09-19T16:32:55.8995104Z    info • Don't use 'BuildContext's across async gaps. Try rewriting the code to not use the 'BuildContext', or guard the use with a 'mounted' check • lib/views/home_view.dart:45:7 • use_build_context_synchronously
analyze	Analyze (After)	2026-09-19T16:32:55.8997757Z    info • Don't use 'BuildContext's across async gaps. Try rewriting the code to not use the 'BuildContext', or guard the use with a 'mounted' check • lib/views/info_toko_view.dart:33:13 • use_build_context_synchronously
analyze	Analyze (After)	2026-09-19T16:32:55.9000688Z    info • Don't use 'BuildContext's across async gaps. Try rewriting the code to not use the 'BuildContext', or guard the use with a 'mounted' check • lib/views/info_toko_view.dart:63:13 • use_build_context_synchronously
analyze	Analyze (After)	2026-09-19T16:32:55.9016569Z    info • Don't use 'BuildContext's across async gaps. Try rewriting the code to not use the 'BuildContext', or guard the use with a 'mounted' check • lib/views/info_toko_view.dart:78:13 • use_build_context_synchronously
analyze	Analyze (After)	2026-09-19T16:32:55.9021037Z    info • Don't use 'BuildContext's across async gaps. Try rewriting the code to not use the 'BuildContext', or guard the use with a 'mounted' check • lib/views/printer_settings_view.dart:21:28 • use_build_context_synchronously
analyze	Analyze (After)	2026-09-19T16:32:55.9024803Z    info • Don't use 'BuildContext's across async gaps. Try rewriting the code to not use the 'BuildContext', or guard the use with a 'mounted' check • lib/views/product_form_view.dart:49:28 • use_build_context_synchronously
analyze	Analyze (After)	2026-09-19T16:32:55.9028390Z    info • Don't use 'BuildContext's across async gaps. Try rewriting the code to not use the 'BuildContext', or guard the use with a 'mounted' check • lib/views/product_list_view.dart:31:7 • use_build_context_synchronously
analyze	Analyze (After)	2026-09-19T16:32:55.9031592Z    info • Don't use 'BuildContext's across async gaps. Try rewriting the code to not use the 'BuildContext', or guard the use with a 'mounted' check • lib/views/product_list_view.dart:32:7 • use_build_context_synchronously
analyze	Analyze (After)	2026-09-19T16:32:55.9035030Z    info • Don't use 'BuildContext's across async gaps. Try rewriting the code to not use the 'BuildContext', or guard the use with a 'mounted' check • lib/views/product_list_view.dart:101:20 • use_build_context_synchronously
analyze	Analyze (After)	2026-09-19T16:32:55.9038942Z    info • Don't use 'BuildContext's across async gaps, guarded by an unrelated 'mounted' check. Guard a 'State.context' use with a 'mounted' check on the State, and other BuildContext use with a 'mounted' check on the BuildContext • lib/views/product_list_view.dart:349:49 • use_build_context_synchronously
analyze	Analyze (After)	2026-09-19T16:32:55.9043308Z    info • Don't use 'BuildContext's across async gaps, guarded by an unrelated 'mounted' check. Guard a 'State.context' use with a 'mounted' check on the State, and other BuildContext use with a 'mounted' check on the BuildContext • lib/views/product_list_view.dart:360:58 • use_build_context_synchronously
analyze	Analyze (After)	2026-09-19T16:32:55.9047257Z    info • Don't use 'BuildContext's across async gaps. Try rewriting the code to not use the 'BuildContext', or guard the use with a 'mounted' check • lib/views/retail_pos_view.dart:34:7 • use_build_context_synchronously
analyze	Analyze (After)	2026-09-19T16:32:55.9050525Z    info • Don't use 'BuildContext's across async gaps. Try rewriting the code to not use the 'BuildContext', or guard the use with a 'mounted' check • lib/views/retail_pos_view.dart:35:7 • use_build_context_synchronously
analyze	Analyze (After)	2026-09-19T16:32:55.9053745Z    info • Don't use 'BuildContext's across async gaps. Try rewriting the code to not use the 'BuildContext', or guard the use with a 'mounted' check • lib/views/retail_pos_view.dart:36:7 • use_build_context_synchronously
analyze	Analyze (After)	2026-09-19T16:32:55.9057289Z    info • Don't use 'BuildContext's across async gaps. Try rewriting the code to not use the 'BuildContext', or guard the use with a 'mounted' check • lib/views/retail_pos_view.dart:571:25 • use_build_context_synchronously
analyze	Analyze (After)	2026-09-19T16:32:55.9060723Z    info • Don't use 'BuildContext's across async gaps. Try rewriting the code to not use the 'BuildContext', or guard the use with a 'mounted' check • lib/views/shift/shift_detail_view.dart:31:21 • use_build_context_synchronously
analyze	Analyze (After)	2026-09-19T16:32:55.9064627Z    info • Don't use 'BuildContext's across async gaps. Try rewriting the code to not use the 'BuildContext', or guard the use with a 'mounted' check • lib/views/shift_view.dart:27:20 • use_build_context_synchronously
analyze	Analyze (After)	2026-09-19T16:32:55.9067810Z    info • Don't use 'BuildContext's across async gaps. Try rewriting the code to not use the 'BuildContext', or guard the use with a 'mounted' check • lib/views/shift_view.dart:28:7 • use_build_context_synchronously
analyze	Analyze (After)	2026-09-19T16:32:55.9070984Z    info • Don't use 'BuildContext's across async gaps. Try rewriting the code to not use the 'BuildContext', or guard the use with a 'mounted' check • lib/views/splash_view.dart:21:20 • use_build_context_synchronously
analyze	Analyze (After)	2026-09-19T16:32:55.9074546Z    info • Don't use 'BuildContext's across async gaps. Try rewriting the code to not use the 'BuildContext', or guard the use with a 'mounted' check • lib/views/user/user_management_view.dart:22:28 • use_build_context_synchronously
analyze	Analyze (After)	2026-09-19T16:32:55.9077985Z    info • Don't use 'BuildContext's across async gaps. Try rewriting the code to not use the 'BuildContext', or guard the use with a 'mounted' check • lib/views/user/user_management_view.dart:110:16 • use_build_context_synchronously
analyze	Analyze (After)	2026-09-19T16:32:55.9081380Z    info • Don't use 'BuildContext's across async gaps. Try rewriting the code to not use the 'BuildContext', or guard the use with a 'mounted' check • lib/views/user/user_management_view.dart:166:27 • use_build_context_synchronously
analyze	Analyze (After)	2026-09-19T16:32:55.9085046Z    info • Don't use 'BuildContext's across async gaps. Try rewriting the code to not use the 'BuildContext', or guard the use with a 'mounted' check • lib/views/user/user_management_view.dart:168:13 • use_build_context_synchronously
analyze	Analyze (After)	2026-09-19T16:32:55.9086776Z 
analyze	Analyze (After)	2026-09-19T16:32:55.9123607Z 30 issues found. (ran in 8.5s)
analyze	Post Setup Flutter	﻿2026-09-19T16:32:55.9362813Z Post job cleanup.
analyze	Post Setup Flutter	2026-09-19T16:32:55.9367358Z ##[start-action display=Cache pub dependencies;id=__43bf5736-d1eb-433b-baec-e56467095be0.cache-pub]
analyze	Post Setup Flutter	2026-09-19T16:32:56.0163389Z Post job cleanup.
analyze	Post Setup Flutter	2026-09-19T16:32:56.1540596Z Cache hit occurred on the primary key flutter-pub-linux-stable-3.47.5-x64-6a19cca56475dbfba1478ee68d7bd0c2ef891da1-45cbea64a265a1561aaf1b2be4893b24aac76a6c032a1c127417a109129f309b, not saving cache.
analyze	Post Setup Flutter	2026-09-19T16:32:56.1617942Z ##[end-action id=__43bf5736-d1eb-433b-baec-e56467095be0.cache-pub;outcome=success;conclusion=success;duration_ms=224]
analyze	Post Setup Flutter	2026-09-19T16:32:56.1620511Z ##[start-action display=Cache Flutter;id=__43bf5736-d1eb-433b-baec-e56467095be0.cache-flutter]
analyze	Post Setup Flutter	2026-09-19T16:32:56.1656936Z Post job cleanup.
analyze	Post Setup Flutter	2026-09-19T16:32:56.3003523Z Cache hit occurred on the primary key flutter-linux-stable-3.47.5-x64-6a19cca56475dbfba1478ee68d7bd0c2ef891da1, not saving cache.
analyze	Post Setup Flutter	2026-09-19T16:32:56.3064635Z ##[end-action id=__43bf5736-d1eb-433b-baec-e56467095be0.cache-flutter;outcome=success;conclusion=success;duration_ms=144]
analyze	Post Checkout	﻿2026-09-19T16:32:56.3179482Z Post job cleanup.
analyze	Post Checkout	2026-09-19T16:32:56.4052828Z [command]/usr/bin/git version
analyze	Post Checkout	2026-09-19T16:32:56.4094289Z git version 2.55.0
analyze	Post Checkout	2026-09-19T16:32:56.4133753Z Temporarily overriding HOME='/home/runner/work/_temp/6633707d-d955-484a-862a-f0b8b130248d' before making global git config changes
analyze	Post Checkout	2026-09-19T16:32:56.4135314Z Adding repository directory to the temporary git global config as a safe directory
analyze	Post Checkout	2026-09-19T16:32:56.4144983Z [command]/usr/bin/git config --global --add safe.directory /home/runner/work/pos_v2/pos_v2
analyze	Post Checkout	2026-09-19T16:32:56.4178115Z [command]/usr/bin/git config --local --name-only --get-regexp core\.sshCommand
analyze	Post Checkout	2026-09-19T16:32:56.4213741Z [command]/usr/bin/git submodule foreach --recursive sh -c "git config --local --name-only --get-regexp 'core\.sshCommand' && git config --local --unset-all 'core.sshCommand' || :"
analyze	Post Checkout	2026-09-19T16:32:56.4461112Z [command]/usr/bin/git config --local --name-only --get-regexp http\.https\:\/\/github\.com\/\.extraheader
analyze	Post Checkout	2026-09-19T16:32:56.4489418Z http.https://github.com/.extraheader
analyze	Post Checkout	2026-09-19T16:32:56.4502209Z [command]/usr/bin/git config --local --unset-all http.https://github.com/.extraheader
analyze	Post Checkout	2026-09-19T16:32:56.4540601Z [command]/usr/bin/git submodule foreach --recursive sh -c "git config --local --name-only --get-regexp 'http\.https\:\/\/github\.com\/\.extraheader' && git config --local --unset-all 'http.https://github.com/.extraheader' || :"
analyze	Post Checkout	2026-09-19T16:32:56.4805531Z [command]/usr/bin/git config --local --name-only --get-regexp ^includeIf\.gitdir:
analyze	Post Checkout	2026-09-19T16:32:56.4846179Z [command]/usr/bin/git submodule foreach --recursive git config --local --show-origin --name-only --get-regexp remote.origin.url
analyze	Complete job	﻿2026-09-19T16:32:56.5238432Z Cleaning up orphan processes
